Archive member included because of file (symbol)

c:/coocox/coide/gcc/bin/../lib/gcc/arm-none-eabi/4.5.2/../../../../arm-none-eabi/lib/thumb2\libc.a(lib_a-atoi.o)
                              ..\obj\Terminal.o (atoi)
c:/coocox/coide/gcc/bin/../lib/gcc/arm-none-eabi/4.5.2/../../../../arm-none-eabi/lib/thumb2\libc.a(lib_a-calloc.o)
                              ..\obj\RingBuffer.o (calloc)
c:/coocox/coide/gcc/bin/../lib/gcc/arm-none-eabi/4.5.2/../../../../arm-none-eabi/lib/thumb2\libc.a(lib_a-callocr.o)
                              c:/coocox/coide/gcc/bin/../lib/gcc/arm-none-eabi/4.5.2/../../../../arm-none-eabi/lib/thumb2\libc.a(lib_a-calloc.o) (_calloc_r)
c:/coocox/coide/gcc/bin/../lib/gcc/arm-none-eabi/4.5.2/../../../../arm-none-eabi/lib/thumb2\libc.a(lib_a-mallocr.o)
                              c:/coocox/coide/gcc/bin/../lib/gcc/arm-none-eabi/4.5.2/../../../../arm-none-eabi/lib/thumb2\libc.a(lib_a-callocr.o) (_malloc_r)
c:/coocox/coide/gcc/bin/../lib/gcc/arm-none-eabi/4.5.2/../../../../arm-none-eabi/lib/thumb2\libc.a(lib_a-memcpy.o)
                              ..\obj\microrl.o (memcpy)
c:/coocox/coide/gcc/bin/../lib/gcc/arm-none-eabi/4.5.2/../../../../arm-none-eabi/lib/thumb2\libc.a(lib_a-memmove.o)
                              ..\obj\microrl.o (memmove)
c:/coocox/coide/gcc/bin/../lib/gcc/arm-none-eabi/4.5.2/../../../../arm-none-eabi/lib/thumb2\libc.a(lib_a-memset.o)
                              ..\obj\microrl.o (memset)
c:/coocox/coide/gcc/bin/../lib/gcc/arm-none-eabi/4.5.2/../../../../arm-none-eabi/lib/thumb2\libc.a(lib_a-mlock.o)
                              c:/coocox/coide/gcc/bin/../lib/gcc/arm-none-eabi/4.5.2/../../../../arm-none-eabi/lib/thumb2\libc.a(lib_a-mallocr.o) (__malloc_lock)
c:/coocox/coide/gcc/bin/../lib/gcc/arm-none-eabi/4.5.2/../../../../arm-none-eabi/lib/thumb2\libc.a(lib_a-sbrkr.o)
                              c:/coocox/coide/gcc/bin/../lib/gcc/arm-none-eabi/4.5.2/../../../../arm-none-eabi/lib/thumb2\libc.a(lib_a-mallocr.o) (_sbrk_r)
c:/coocox/coide/gcc/bin/../lib/gcc/arm-none-eabi/4.5.2/../../../../arm-none-eabi/lib/thumb2\libc.a(lib_a-strcmp.o)
                              ..\obj\Terminal.o (strcmp)
c:/coocox/coide/gcc/bin/../lib/gcc/arm-none-eabi/4.5.2/../../../../arm-none-eabi/lib/thumb2\libc.a(lib_a-strlen.o)
                              ..\obj\microrl.o (strlen)
c:/coocox/coide/gcc/bin/../lib/gcc/arm-none-eabi/4.5.2/../../../../arm-none-eabi/lib/thumb2\libc.a(lib_a-strstr.o)
                              ..\obj\Terminal.o (strstr)
c:/coocox/coide/gcc/bin/../lib/gcc/arm-none-eabi/4.5.2/../../../../arm-none-eabi/lib/thumb2\libc.a(lib_a-strtol.o)
                              c:/coocox/coide/gcc/bin/../lib/gcc/arm-none-eabi/4.5.2/../../../../arm-none-eabi/lib/thumb2\libc.a(lib_a-atoi.o) (_strtol_r)
c:/coocox/coide/gcc/bin/../lib/gcc/arm-none-eabi/4.5.2/../../../../arm-none-eabi/lib/thumb2\libc.a(lib_a-ctype_.o)
                              c:/coocox/coide/gcc/bin/../lib/gcc/arm-none-eabi/4.5.2/../../../../arm-none-eabi/lib/thumb2\libc.a(lib_a-strtol.o) (__ctype_ptr__)
c:/coocox/coide/gcc/bin/../lib/gcc/arm-none-eabi/4.5.2/../../../../arm-none-eabi/lib/thumb2\libc.a(lib_a-freer.o)
                              c:/coocox/coide/gcc/bin/../lib/gcc/arm-none-eabi/4.5.2/../../../../arm-none-eabi/lib/thumb2\libc.a(lib_a-mallocr.o) (_free_r)
c:/coocox/coide/gcc/bin/../lib/gcc/arm-none-eabi/4.5.2/../../../../arm-none-eabi/lib/thumb2\libc.a(lib_a-memchr.o)
                              c:/coocox/coide/gcc/bin/../lib/gcc/arm-none-eabi/4.5.2/../../../../arm-none-eabi/lib/thumb2\libc.a(lib_a-strstr.o) (memchr)
c:/coocox/coide/gcc/bin/../lib/gcc/arm-none-eabi/4.5.2/../../../../arm-none-eabi/lib/thumb2\libc.a(lib_a-memcmp.o)
                              c:/coocox/coide/gcc/bin/../lib/gcc/arm-none-eabi/4.5.2/../../../../arm-none-eabi/lib/thumb2\libc.a(lib_a-strstr.o) (memcmp)
c:/coocox/coide/gcc/bin/../lib/gcc/arm-none-eabi/4.5.2/../../../../arm-none-eabi/lib/thumb2\libc.a(lib_a-reent.o)
                              c:/coocox/coide/gcc/bin/../lib/gcc/arm-none-eabi/4.5.2/../../../../arm-none-eabi/lib/thumb2\libc.a(lib_a-sbrkr.o) (errno)
c:/coocox/coide/gcc/bin/../lib/gcc/arm-none-eabi/4.5.2/../../../../arm-none-eabi/lib/thumb2\libc.a(lib_a-strchr.o)
                              c:/coocox/coide/gcc/bin/../lib/gcc/arm-none-eabi/4.5.2/../../../../arm-none-eabi/lib/thumb2\libc.a(lib_a-strstr.o) (strchr)
c:/coocox/coide/gcc/bin/../lib/gcc/arm-none-eabi/4.5.2/thumb2\libgcc.a(_udivsi3.o)
                              c:/coocox/coide/gcc/bin/../lib/gcc/arm-none-eabi/4.5.2/../../../../arm-none-eabi/lib/thumb2\libc.a(lib_a-strtol.o) (__aeabi_uidiv)
c:/coocox/coide/gcc/bin/../lib/gcc/arm-none-eabi/4.5.2/thumb2\libgcc.a(_dvmd_tls.o)
                              c:/coocox/coide/gcc/bin/../lib/gcc/arm-none-eabi/4.5.2/thumb2\libgcc.a(_udivsi3.o) (__aeabi_idiv0)

Allocating common symbols
Common symbol       size              file

compl_world         0x24              ..\obj\Terminal.o
errno               0x4               c:/coocox/coide/gcc/bin/../lib/gcc/arm-none-eabi/4.5.2/../../../../arm-none-eabi/lib/thumb2\libc.a(lib_a-reent.o)
IrCodes             0x1000            ..\obj\main.o

Discarded input sections

 .text          0x00000000        0x0 ..\obj\microrl.o
 .text          0x00000000        0x0 ..\obj\PlcTimers.o
 .data          0x00000000        0x0 ..\obj\PlcTimers.o
 .text          0x00000000        0x0 ..\obj\stm32f10x_tim.o
 .data          0x00000000        0x0 ..\obj\stm32f10x_tim.o
 .bss           0x00000000        0x0 ..\obj\stm32f10x_tim.o
 .text.TIM_DeInit
                0x00000000      0x290 ..\obj\stm32f10x_tim.o
 .text.TIM_OC1Init
                0x00000000      0x12c ..\obj\stm32f10x_tim.o
 .text.TIM_OC2Init
                0x00000000      0x130 ..\obj\stm32f10x_tim.o
 .text.TIM_OC3Init
                0x00000000      0x12c ..\obj\stm32f10x_tim.o
 .text.TIM_OC4Init
                0x00000000       0xe4 ..\obj\stm32f10x_tim.o
 .text.TIM_ICInit
                0x00000000       0xa8 ..\obj\stm32f10x_tim.o
 .text.TIM_BDTRConfig
                0x00000000       0x5c ..\obj\stm32f10x_tim.o
 .text.TIM_TimeBaseStructInit
                0x00000000       0x3c ..\obj\stm32f10x_tim.o
 .text.TIM_OCStructInit
                0x00000000       0x54 ..\obj\stm32f10x_tim.o
 .text.TIM_ICStructInit
                0x00000000       0x3c ..\obj\stm32f10x_tim.o
 .text.TIM_BDTRStructInit
                0x00000000       0x4c ..\obj\stm32f10x_tim.o
 .text.TIM_CtrlPWMOutputs
                0x00000000       0x50 ..\obj\stm32f10x_tim.o
 .text.TIM_GenerateEvent
                0x00000000       0x1c ..\obj\stm32f10x_tim.o
 .text.TIM_DMAConfig
                0x00000000       0x2c ..\obj\stm32f10x_tim.o
 .text.TIM_DMACmd
                0x00000000       0x4c ..\obj\stm32f10x_tim.o
 .text.TIM_InternalClockConfig
                0x00000000       0x24 ..\obj\stm32f10x_tim.o
 .text.TIM_ITRxExternalClockConfig
                0x00000000       0x30 ..\obj\stm32f10x_tim.o
 .text.TIM_TIxExternalClockConfig
                0x00000000       0x58 ..\obj\stm32f10x_tim.o
 .text.TIM_ETRClockMode1Config
                0x00000000       0x54 ..\obj\stm32f10x_tim.o
 .text.TIM_ETRClockMode2Config
                0x00000000       0x34 ..\obj\stm32f10x_tim.o
 .text.TIM_ETRConfig
                0x00000000       0x54 ..\obj\stm32f10x_tim.o
 .text.TIM_PrescalerConfig
                0x00000000       0x28 ..\obj\stm32f10x_tim.o
 .text.TIM_CounterModeConfig
                0x00000000       0x3c ..\obj\stm32f10x_tim.o
 .text.TIM_EncoderInterfaceConfig
                0x00000000       0x98 ..\obj\stm32f10x_tim.o
 .text.TIM_ForcedOC1Config
                0x00000000       0x3c ..\obj\stm32f10x_tim.o
 .text.TIM_ForcedOC2Config
                0x00000000       0x40 ..\obj\stm32f10x_tim.o
 .text.TIM_ForcedOC3Config
                0x00000000       0x3c ..\obj\stm32f10x_tim.o
 .text.TIM_ForcedOC4Config
                0x00000000       0x40 ..\obj\stm32f10x_tim.o
 .text.TIM_ARRPreloadConfig
                0x00000000       0x40 ..\obj\stm32f10x_tim.o
 .text.TIM_SelectCOM
                0x00000000       0x40 ..\obj\stm32f10x_tim.o
 .text.TIM_SelectCCDMA
                0x00000000       0x40 ..\obj\stm32f10x_tim.o
 .text.TIM_CCPreloadControl
                0x00000000       0x40 ..\obj\stm32f10x_tim.o
 .text.TIM_OC1PreloadConfig
                0x00000000       0x3c ..\obj\stm32f10x_tim.o
 .text.TIM_OC2PreloadConfig
                0x00000000       0x40 ..\obj\stm32f10x_tim.o
 .text.TIM_OC3PreloadConfig
                0x00000000       0x3c ..\obj\stm32f10x_tim.o
 .text.TIM_OC4PreloadConfig
                0x00000000       0x40 ..\obj\stm32f10x_tim.o
 .text.TIM_OC1FastConfig
                0x00000000       0x3c ..\obj\stm32f10x_tim.o
 .text.TIM_OC2FastConfig
                0x00000000       0x40 ..\obj\stm32f10x_tim.o
 .text.TIM_OC3FastConfig
                0x00000000       0x3c ..\obj\stm32f10x_tim.o
 .text.TIM_OC4FastConfig
                0x00000000       0x40 ..\obj\stm32f10x_tim.o
 .text.TIM_ClearOC1Ref
                0x00000000       0x3c ..\obj\stm32f10x_tim.o
 .text.TIM_ClearOC2Ref
                0x00000000       0x44 ..\obj\stm32f10x_tim.o
 .text.TIM_ClearOC3Ref
                0x00000000       0x3c ..\obj\stm32f10x_tim.o
 .text.TIM_ClearOC4Ref
                0x00000000       0x44 ..\obj\stm32f10x_tim.o
 .text.TIM_OC1PolarityConfig
                0x00000000       0x3c ..\obj\stm32f10x_tim.o
 .text.TIM_OC1NPolarityConfig
                0x00000000       0x3c ..\obj\stm32f10x_tim.o
 .text.TIM_OC2PolarityConfig
                0x00000000       0x40 ..\obj\stm32f10x_tim.o
 .text.TIM_OC2NPolarityConfig
                0x00000000       0x40 ..\obj\stm32f10x_tim.o
 .text.TIM_OC3PolarityConfig
                0x00000000       0x40 ..\obj\stm32f10x_tim.o
 .text.TIM_OC3NPolarityConfig
                0x00000000       0x40 ..\obj\stm32f10x_tim.o
 .text.TIM_OC4PolarityConfig
                0x00000000       0x40 ..\obj\stm32f10x_tim.o
 .text.TIM_CCxCmd
                0x00000000       0x60 ..\obj\stm32f10x_tim.o
 .text.TIM_CCxNCmd
                0x00000000       0x60 ..\obj\stm32f10x_tim.o
 .text.TIM_SelectOCxM
                0x00000000       0xc0 ..\obj\stm32f10x_tim.o
 .text.TIM_UpdateDisableConfig
                0x00000000       0x40 ..\obj\stm32f10x_tim.o
 .text.TIM_UpdateRequestConfig
                0x00000000       0x40 ..\obj\stm32f10x_tim.o
 .text.TIM_SelectHallSensor
                0x00000000       0x40 ..\obj\stm32f10x_tim.o
 .text.TIM_SelectOnePulseMode
                0x00000000       0x38 ..\obj\stm32f10x_tim.o
 .text.TIM_SelectOutputTrigger
                0x00000000       0x38 ..\obj\stm32f10x_tim.o
 .text.TIM_SetAutoreload
                0x00000000       0x1c ..\obj\stm32f10x_tim.o
 .text.TIM_SetCompare1
                0x00000000       0x1c ..\obj\stm32f10x_tim.o
 .text.TIM_SetCompare2
                0x00000000       0x1c ..\obj\stm32f10x_tim.o
 .text.TIM_SetCompare3
                0x00000000       0x1c ..\obj\stm32f10x_tim.o
 .text.TIM_SetCompare4
                0x00000000       0x20 ..\obj\stm32f10x_tim.o
 .text.TIM_SetIC3Prescaler
                0x00000000       0x38 ..\obj\stm32f10x_tim.o
 .text.TIM_SetIC4Prescaler
                0x00000000       0x40 ..\obj\stm32f10x_tim.o
 .text.TIM_SetClockDivision
                0x00000000       0x38 ..\obj\stm32f10x_tim.o
 .text.TIM_GetCapture1
                0x00000000       0x1c ..\obj\stm32f10x_tim.o
 .text.TIM_GetCapture3
                0x00000000       0x1c ..\obj\stm32f10x_tim.o
 .text.TIM_GetCapture4
                0x00000000       0x1c ..\obj\stm32f10x_tim.o
 .text.TIM_GetPrescaler
                0x00000000       0x1c ..\obj\stm32f10x_tim.o
 .text.TIM_GetFlagStatus
                0x00000000       0x40 ..\obj\stm32f10x_tim.o
 .text.TIM_ClearFlag
                0x00000000       0x24 ..\obj\stm32f10x_tim.o
 .text.TI3_Config
                0x00000000       0xf0 ..\obj\stm32f10x_tim.o
 .text.TI4_Config
                0x00000000      0x108 ..\obj\stm32f10x_tim.o
 .text          0x00000000        0x0 ..\obj\core_cm3.o
 .data          0x00000000        0x0 ..\obj\core_cm3.o
 .bss           0x00000000        0x0 ..\obj\core_cm3.o
 .text.__get_PSP
                0x00000000       0x10 ..\obj\core_cm3.o
 .text.__set_PSP
                0x00000000        0x8 ..\obj\core_cm3.o
 .text.__get_MSP
                0x00000000       0x10 ..\obj\core_cm3.o
 .text.__set_MSP
                0x00000000        0x8 ..\obj\core_cm3.o
 .text.__get_BASEPRI
                0x00000000       0x20 ..\obj\core_cm3.o
 .text.__set_BASEPRI
                0x00000000       0x18 ..\obj\core_cm3.o
 .text.__get_PRIMASK
                0x00000000       0x20 ..\obj\core_cm3.o
 .text.__set_PRIMASK
                0x00000000       0x18 ..\obj\core_cm3.o
 .text.__get_FAULTMASK
                0x00000000       0x20 ..\obj\core_cm3.o
 .text.__set_FAULTMASK
                0x00000000       0x18 ..\obj\core_cm3.o
 .text.__get_CONTROL
                0x00000000       0x20 ..\obj\core_cm3.o
 .text.__set_CONTROL
                0x00000000       0x18 ..\obj\core_cm3.o
 .text.__REV    0x00000000       0x24 ..\obj\core_cm3.o
 .text.__REV16  0x00000000       0x24 ..\obj\core_cm3.o
 .text.__REVSH  0x00000000       0x24 ..\obj\core_cm3.o
 .text.__RBIT   0x00000000       0x24 ..\obj\core_cm3.o
 .text.__LDREXB
                0x00000000       0x24 ..\obj\core_cm3.o
 .text.__LDREXH
                0x00000000       0x24 ..\obj\core_cm3.o
 .text.__STREXB
                0x00000000       0x2c ..\obj\core_cm3.o
 .text.__STREXH
                0x00000000       0x2c ..\obj\core_cm3.o
 .text          0x00000000        0x0 ..\obj\system_stm32f10x.o
 .bss           0x00000000        0x0 ..\obj\system_stm32f10x.o
 .text.SystemCoreClockUpdate
                0x00000000       0xe4 ..\obj\system_stm32f10x.o
 .text          0x00000000        0x0 ..\obj\startup_stm32f10x_hd.o
 .data          0x00000000        0x0 ..\obj\startup_stm32f10x_hd.o
 .bss           0x00000000        0x0 ..\obj\startup_stm32f10x_hd.o
 .text          0x00000000        0x0 ..\obj\Crc.o
 .data          0x00000000        0x0 ..\obj\Crc.o
 .bss           0x00000000        0x0 ..\obj\Crc.o
 .text          0x00000000        0x0 ..\obj\stm32f10x_gpio.o
 .data          0x00000000        0x0 ..\obj\stm32f10x_gpio.o
 .bss           0x00000000        0x0 ..\obj\stm32f10x_gpio.o
 .text.GPIO_DeInit
                0x00000000      0x118 ..\obj\stm32f10x_gpio.o
 .text.GPIO_AFIODeInit
                0x00000000       0x20 ..\obj\stm32f10x_gpio.o
 .text.GPIO_ReadInputDataBit
                0x00000000       0x3c ..\obj\stm32f10x_gpio.o
 .text.GPIO_ReadInputData
                0x00000000       0x1c ..\obj\stm32f10x_gpio.o
 .text.GPIO_ReadOutputDataBit
                0x00000000       0x3c ..\obj\stm32f10x_gpio.o
 .text.GPIO_ReadOutputData
                0x00000000       0x1c ..\obj\stm32f10x_gpio.o
 .text.GPIO_SetBits
                0x00000000       0x1c ..\obj\stm32f10x_gpio.o
 .text.GPIO_ResetBits
                0x00000000       0x1c ..\obj\stm32f10x_gpio.o
 .text.GPIO_WriteBit
                0x00000000       0x30 ..\obj\stm32f10x_gpio.o
 .text.GPIO_Write
                0x00000000       0x1c ..\obj\stm32f10x_gpio.o
 .text.GPIO_PinLockConfig
                0x00000000       0x44 ..\obj\stm32f10x_gpio.o
 .text.GPIO_EventOutputConfig
                0x00000000       0x54 ..\obj\stm32f10x_gpio.o
 .text.GPIO_EventOutputCmd
                0x00000000       0x20 ..\obj\stm32f10x_gpio.o
 .text.GPIO_ETH_MediaInterfaceConfig
                0x00000000       0x1c ..\obj\stm32f10x_gpio.o
 .text          0x00000000        0x0 ..\obj\main.o
 .text.IrWaitFirstCodeLedInv
                0x00000000       0x1c ..\obj\main.o
 .text.IrWaitSecondCodeLedInv
                0x00000000       0x1c ..\obj\main.o
 .text.PowerLedOff
                0x00000000       0x1c ..\obj\main.o
 .text.PowerLedInv
                0x00000000       0x1c ..\obj\main.o
 .text.NetworkLedInv
                0x00000000       0x1c ..\obj\main.o
 .text          0x00000000        0x0 ..\obj\Terminal.o
 .bss           0x00000000        0x0 ..\obj\Terminal.o
 .text.get_char
                0x00000000       0x28 ..\obj\Terminal.o
 .text          0x00000000        0x0 ..\obj\printf.o
 .bss           0x00000000        0x0 ..\obj\printf.o
 .text.fprintf  0x00000000       0x30 ..\obj\printf.o
 .text.sprintf  0x00000000       0x30 ..\obj\printf.o
 .text.puts     0x00000000       0x28 ..\obj\printf.o
 .text          0x00000000        0x0 ..\obj\stm32f10x_rcc.o
 .bss           0x00000000        0x0 ..\obj\stm32f10x_rcc.o
 .text.RCC_DeInit
                0x00000000       0x5c ..\obj\stm32f10x_rcc.o
 .text.RCC_HSEConfig
                0x00000000       0x5c ..\obj\stm32f10x_rcc.o
 .text.RCC_WaitForHSEStartUp
                0x00000000       0x64 ..\obj\stm32f10x_rcc.o
 .text.RCC_AdjustHSICalibrationValue
                0x00000000       0x40 ..\obj\stm32f10x_rcc.o
 .text.RCC_HSICmd
                0x00000000       0x20 ..\obj\stm32f10x_rcc.o
 .text.RCC_PLLConfig
                0x00000000       0x44 ..\obj\stm32f10x_rcc.o
 .text.RCC_PLLCmd
                0x00000000       0x20 ..\obj\stm32f10x_rcc.o
 .text.RCC_SYSCLKConfig
                0x00000000       0x3c ..\obj\stm32f10x_rcc.o
 .text.RCC_GetSYSCLKSource
                0x00000000       0x1c ..\obj\stm32f10x_rcc.o
 .text.RCC_HCLKConfig
                0x00000000       0x3c ..\obj\stm32f10x_rcc.o
 .text.RCC_PCLK1Config
                0x00000000       0x3c ..\obj\stm32f10x_rcc.o
 .text.RCC_PCLK2Config
                0x00000000       0x40 ..\obj\stm32f10x_rcc.o
 .text.RCC_ITConfig
                0x00000000       0x50 ..\obj\stm32f10x_rcc.o
 .text.RCC_USBCLKConfig
                0x00000000       0x1c ..\obj\stm32f10x_rcc.o
 .text.RCC_ADCCLKConfig
                0x00000000       0x3c ..\obj\stm32f10x_rcc.o
 .text.RCC_LSEConfig
                0x00000000       0x48 ..\obj\stm32f10x_rcc.o
 .text.RCC_LSICmd
                0x00000000       0x20 ..\obj\stm32f10x_rcc.o
 .text.RCC_RTCCLKConfig
                0x00000000       0x24 ..\obj\stm32f10x_rcc.o
 .text.RCC_RTCCLKCmd
                0x00000000       0x20 ..\obj\stm32f10x_rcc.o
 .text.RCC_AHBPeriphClockCmd
                0x00000000       0x44 ..\obj\stm32f10x_rcc.o
 .text.RCC_APB2PeriphResetCmd
                0x00000000       0x44 ..\obj\stm32f10x_rcc.o
 .text.RCC_APB1PeriphResetCmd
                0x00000000       0x44 ..\obj\stm32f10x_rcc.o
 .text.RCC_BackupResetCmd
                0x00000000       0x20 ..\obj\stm32f10x_rcc.o
 .text.RCC_ClockSecuritySystemCmd
                0x00000000       0x20 ..\obj\stm32f10x_rcc.o
 .text.RCC_MCOConfig
                0x00000000       0x20 ..\obj\stm32f10x_rcc.o
 .text.RCC_GetFlagStatus
                0x00000000       0x84 ..\obj\stm32f10x_rcc.o
 .text.RCC_ClearFlag
                0x00000000       0x1c ..\obj\stm32f10x_rcc.o
 .text.RCC_GetITStatus
                0x00000000       0x40 ..\obj\stm32f10x_rcc.o
 .text.RCC_ClearITPendingBit
                0x00000000       0x20 ..\obj\stm32f10x_rcc.o
 .text          0x00000000        0x0 ..\obj\stm32f10x_exti.o
 .data          0x00000000        0x0 ..\obj\stm32f10x_exti.o
 .bss           0x00000000        0x0 ..\obj\stm32f10x_exti.o
 .text.EXTI_DeInit
                0x00000000       0x38 ..\obj\stm32f10x_exti.o
 .text.EXTI_StructInit
                0x00000000       0x34 ..\obj\stm32f10x_exti.o
 .text.EXTI_GenerateSWInterrupt
                0x00000000       0x24 ..\obj\stm32f10x_exti.o
 .text.EXTI_GetFlagStatus
                0x00000000       0x3c ..\obj\stm32f10x_exti.o
 .text.EXTI_GetITStatus
                0x00000000       0x54 ..\obj\stm32f10x_exti.o
 .text          0x00000000        0x0 ..\obj\stm32f10x_usart.o
 .data          0x00000000        0x0 ..\obj\stm32f10x_usart.o
 .bss           0x00000000        0x0 ..\obj\stm32f10x_usart.o
 .text.USART_DeInit
                0x00000000       0xcc ..\obj\stm32f10x_usart.o
 .text.USART_StructInit
                0x00000000       0x44 ..\obj\stm32f10x_usart.o
 .text.USART_ClockInit
                0x00000000       0x60 ..\obj\stm32f10x_usart.o
 .text.USART_ClockStructInit
                0x00000000       0x34 ..\obj\stm32f10x_usart.o
 .text.USART_DMACmd
                0x00000000       0x4c ..\obj\stm32f10x_usart.o
 .text.USART_SetAddress
                0x00000000       0x3c ..\obj\stm32f10x_usart.o
 .text.USART_WakeUpConfig
                0x00000000       0x38 ..\obj\stm32f10x_usart.o
 .text.USART_ReceiverWakeUpCmd
                0x00000000       0x40 ..\obj\stm32f10x_usart.o
 .text.USART_LINBreakDetectLengthConfig
                0x00000000       0x38 ..\obj\stm32f10x_usart.o
 .text.USART_LINCmd
                0x00000000       0x40 ..\obj\stm32f10x_usart.o
 .text.USART_SendBreak
                0x00000000       0x24 ..\obj\stm32f10x_usart.o
 .text.USART_SetGuardTime
                0x00000000       0x40 ..\obj\stm32f10x_usart.o
 .text.USART_SetPrescaler
                0x00000000       0x3c ..\obj\stm32f10x_usart.o
 .text.USART_SmartCardCmd
                0x00000000       0x40 ..\obj\stm32f10x_usart.o
 .text.USART_SmartCardNACKCmd
                0x00000000       0x40 ..\obj\stm32f10x_usart.o
 .text.USART_HalfDuplexCmd
                0x00000000       0x40 ..\obj\stm32f10x_usart.o
 .text.USART_OverSampling8Cmd
                0x00000000       0x48 ..\obj\stm32f10x_usart.o
 .text.USART_OneBitMethodCmd
                0x00000000       0x40 ..\obj\stm32f10x_usart.o
 .text.USART_IrDAConfig
                0x00000000       0x38 ..\obj\stm32f10x_usart.o
 .text.USART_IrDACmd
                0x00000000       0x40 ..\obj\stm32f10x_usart.o
 .text.USART_ClearFlag
                0x00000000       0x24 ..\obj\stm32f10x_usart.o
 .text          0x00000000        0x0 ..\obj\syscalls.o
 .data          0x00000000        0x0 ..\obj\syscalls.o
 .text.link     0x00000000       0x1c ..\obj\syscalls.o
 .text._close   0x00000000       0x18 ..\obj\syscalls.o
 .text._fstat   0x00000000       0x24 ..\obj\syscalls.o
 .text._isatty  0x00000000       0x18 ..\obj\syscalls.o
 .text._lseek   0x00000000       0x1c ..\obj\syscalls.o
 .text._read    0x00000000       0x1c ..\obj\syscalls.o
 .text._write   0x00000000       0x1c ..\obj\syscalls.o
 .text.abort    0x00000000        0x8 ..\obj\syscalls.o
 .text          0x00000000        0x0 ..\obj\RingBuffer.o
 .data          0x00000000        0x0 ..\obj\RingBuffer.o
 .bss           0x00000000        0x0 ..\obj\RingBuffer.o
 .text.cbIsFull
                0x00000000       0x38 ..\obj\RingBuffer.o
 .text          0x00000000        0x0 ..\obj\NetWork.o
 .data          0x00000000        0x0 ..\obj\NetWork.o
 .text.GetDeviceType
                0x00000000       0x14 ..\obj\NetWork.o
 .text          0x00000000        0x0 ..\obj\IRScanner.o
 .data          0x00000000        0x0 ..\obj\IRScanner.o
 .text          0x00000000        0x0 ..\obj\IR.o
 .data          0x00000000        0x0 c:/coocox/coide/gcc/bin/../lib/gcc/arm-none-eabi/4.5.2/../../../../arm-none-eabi/lib/thumb2\libc.a(lib_a-atoi.o)
 .bss           0x00000000        0x0 c:/coocox/coide/gcc/bin/../lib/gcc/arm-none-eabi/4.5.2/../../../../arm-none-eabi/lib/thumb2\libc.a(lib_a-atoi.o)
 .data          0x00000000        0x0 c:/coocox/coide/gcc/bin/../lib/gcc/arm-none-eabi/4.5.2/../../../../arm-none-eabi/lib/thumb2\libc.a(lib_a-calloc.o)
 .bss           0x00000000        0x0 c:/coocox/coide/gcc/bin/../lib/gcc/arm-none-eabi/4.5.2/../../../../arm-none-eabi/lib/thumb2\libc.a(lib_a-calloc.o)
 .data          0x00000000        0x0 c:/coocox/coide/gcc/bin/../lib/gcc/arm-none-eabi/4.5.2/../../../../arm-none-eabi/lib/thumb2\libc.a(lib_a-callocr.o)
 .bss           0x00000000        0x0 c:/coocox/coide/gcc/bin/../lib/gcc/arm-none-eabi/4.5.2/../../../../arm-none-eabi/lib/thumb2\libc.a(lib_a-callocr.o)
 .data          0x00000000        0x0 c:/coocox/coide/gcc/bin/../lib/gcc/arm-none-eabi/4.5.2/../../../../arm-none-eabi/lib/thumb2\libc.a(lib_a-memcpy.o)
 .bss           0x00000000        0x0 c:/coocox/coide/gcc/bin/../lib/gcc/arm-none-eabi/4.5.2/../../../../arm-none-eabi/lib/thumb2\libc.a(lib_a-memcpy.o)
 .data          0x00000000        0x0 c:/coocox/coide/gcc/bin/../lib/gcc/arm-none-eabi/4.5.2/../../../../arm-none-eabi/lib/thumb2\libc.a(lib_a-memmove.o)
 .bss           0x00000000        0x0 c:/coocox/coide/gcc/bin/../lib/gcc/arm-none-eabi/4.5.2/../../../../arm-none-eabi/lib/thumb2\libc.a(lib_a-memmove.o)
 .data          0x00000000        0x0 c:/coocox/coide/gcc/bin/../lib/gcc/arm-none-eabi/4.5.2/../../../../arm-none-eabi/lib/thumb2\libc.a(lib_a-memset.o)
 .bss           0x00000000        0x0 c:/coocox/coide/gcc/bin/../lib/gcc/arm-none-eabi/4.5.2/../../../../arm-none-eabi/lib/thumb2\libc.a(lib_a-memset.o)
 .data          0x00000000        0x0 c:/coocox/coide/gcc/bin/../lib/gcc/arm-none-eabi/4.5.2/../../../../arm-none-eabi/lib/thumb2\libc.a(lib_a-mlock.o)
 .bss           0x00000000        0x0 c:/coocox/coide/gcc/bin/../lib/gcc/arm-none-eabi/4.5.2/../../../../arm-none-eabi/lib/thumb2\libc.a(lib_a-mlock.o)
 .data          0x00000000        0x0 c:/coocox/coide/gcc/bin/../lib/gcc/arm-none-eabi/4.5.2/../../../../arm-none-eabi/lib/thumb2\libc.a(lib_a-sbrkr.o)
 .bss           0x00000000        0x0 c:/coocox/coide/gcc/bin/../lib/gcc/arm-none-eabi/4.5.2/../../../../arm-none-eabi/lib/thumb2\libc.a(lib_a-sbrkr.o)
 .data          0x00000000        0x0 c:/coocox/coide/gcc/bin/../lib/gcc/arm-none-eabi/4.5.2/../../../../arm-none-eabi/lib/thumb2\libc.a(lib_a-strcmp.o)
 .bss           0x00000000        0x0 c:/coocox/coide/gcc/bin/../lib/gcc/arm-none-eabi/4.5.2/../../../../arm-none-eabi/lib/thumb2\libc.a(lib_a-strcmp.o)
 .data          0x00000000        0x0 c:/coocox/coide/gcc/bin/../lib/gcc/arm-none-eabi/4.5.2/../../../../arm-none-eabi/lib/thumb2\libc.a(lib_a-strlen.o)
 .bss           0x00000000        0x0 c:/coocox/coide/gcc/bin/../lib/gcc/arm-none-eabi/4.5.2/../../../../arm-none-eabi/lib/thumb2\libc.a(lib_a-strlen.o)
 .data          0x00000000        0x0 c:/coocox/coide/gcc/bin/../lib/gcc/arm-none-eabi/4.5.2/../../../../arm-none-eabi/lib/thumb2\libc.a(lib_a-strstr.o)
 .bss           0x00000000        0x0 c:/coocox/coide/gcc/bin/../lib/gcc/arm-none-eabi/4.5.2/../../../../arm-none-eabi/lib/thumb2\libc.a(lib_a-strstr.o)
 .data          0x00000000        0x0 c:/coocox/coide/gcc/bin/../lib/gcc/arm-none-eabi/4.5.2/../../../../arm-none-eabi/lib/thumb2\libc.a(lib_a-strtol.o)
 .bss           0x00000000        0x0 c:/coocox/coide/gcc/bin/../lib/gcc/arm-none-eabi/4.5.2/../../../../arm-none-eabi/lib/thumb2\libc.a(lib_a-strtol.o)
 .text          0x00000000        0x0 c:/coocox/coide/gcc/bin/../lib/gcc/arm-none-eabi/4.5.2/../../../../arm-none-eabi/lib/thumb2\libc.a(lib_a-ctype_.o)
 .bss           0x00000000        0x0 c:/coocox/coide/gcc/bin/../lib/gcc/arm-none-eabi/4.5.2/../../../../arm-none-eabi/lib/thumb2\libc.a(lib_a-ctype_.o)
 .data          0x00000000        0x0 c:/coocox/coide/gcc/bin/../lib/gcc/arm-none-eabi/4.5.2/../../../../arm-none-eabi/lib/thumb2\libc.a(lib_a-freer.o)
 .bss           0x00000000        0x0 c:/coocox/coide/gcc/bin/../lib/gcc/arm-none-eabi/4.5.2/../../../../arm-none-eabi/lib/thumb2\libc.a(lib_a-freer.o)
 .data          0x00000000        0x0 c:/coocox/coide/gcc/bin/../lib/gcc/arm-none-eabi/4.5.2/../../../../arm-none-eabi/lib/thumb2\libc.a(lib_a-memchr.o)
 .bss           0x00000000        0x0 c:/coocox/coide/gcc/bin/../lib/gcc/arm-none-eabi/4.5.2/../../../../arm-none-eabi/lib/thumb2\libc.a(lib_a-memchr.o)
 .data          0x00000000        0x0 c:/coocox/coide/gcc/bin/../lib/gcc/arm-none-eabi/4.5.2/../../../../arm-none-eabi/lib/thumb2\libc.a(lib_a-memcmp.o)
 .bss           0x00000000        0x0 c:/coocox/coide/gcc/bin/../lib/gcc/arm-none-eabi/4.5.2/../../../../arm-none-eabi/lib/thumb2\libc.a(lib_a-memcmp.o)
 .text          0x00000000      0x118 c:/coocox/coide/gcc/bin/../lib/gcc/arm-none-eabi/4.5.2/../../../../arm-none-eabi/lib/thumb2\libc.a(lib_a-reent.o)
 .data          0x00000000        0x0 c:/coocox/coide/gcc/bin/../lib/gcc/arm-none-eabi/4.5.2/../../../../arm-none-eabi/lib/thumb2\libc.a(lib_a-reent.o)
 .bss           0x00000000        0x0 c:/coocox/coide/gcc/bin/../lib/gcc/arm-none-eabi/4.5.2/../../../../arm-none-eabi/lib/thumb2\libc.a(lib_a-reent.o)
 .data          0x00000000        0x0 c:/coocox/coide/gcc/bin/../lib/gcc/arm-none-eabi/4.5.2/../../../../arm-none-eabi/lib/thumb2\libc.a(lib_a-strchr.o)
 .bss           0x00000000        0x0 c:/coocox/coide/gcc/bin/../lib/gcc/arm-none-eabi/4.5.2/../../../../arm-none-eabi/lib/thumb2\libc.a(lib_a-strchr.o)
 .data          0x00000000        0x0 c:/coocox/coide/gcc/bin/../lib/gcc/arm-none-eabi/4.5.2/thumb2\libgcc.a(_udivsi3.o)
 .bss           0x00000000        0x0 c:/coocox/coide/gcc/bin/../lib/gcc/arm-none-eabi/4.5.2/thumb2\libgcc.a(_udivsi3.o)
 .data          0x00000000        0x0 c:/coocox/coide/gcc/bin/../lib/gcc/arm-none-eabi/4.5.2/thumb2\libgcc.a(_dvmd_tls.o)
 .bss           0x00000000        0x0 c:/coocox/coide/gcc/bin/../lib/gcc/arm-none-eabi/4.5.2/thumb2\libgcc.a(_dvmd_tls.o)

Memory Configuration

Name             Origin             Length             Attributes
rom              0x08000000         0x00080000         xr
ram              0x20000000         0x00010000         xrw
*default*        0x00000000         0xffffffff

Linker script and memory map

                0x20010000                _eram = 0x20010000

.text           0x08000000     0x73b4
 *(.isr_vector .isr_vector.*)
 .isr_vector    0x08000000      0x134 ..\obj\startup_stm32f10x_hd.o
                0x08000000                g_pfnVectors
 *(.text .text.* .gnu.linkonce.t.*)
 .text.hist_erase_older
                0x08000134       0x3c ..\obj\microrl.o
 .text.hist_is_space_for_new
                0x08000170       0x70 ..\obj\microrl.o
 .text.hist_save_line
                0x080001e0       0xf4 ..\obj\microrl.o
 .text.hist_restore_line
                0x080002d4      0x230 ..\obj\microrl.o
 .text.split    0x08000504       0xb0 ..\obj\microrl.o
 .text.print_prompt
                0x080005b4       0x20 ..\obj\microrl.o
 .text.terminal_backspace
                0x080005d4       0x20 ..\obj\microrl.o
 .text.terminal_newline
                0x080005f4       0x20 ..\obj\microrl.o
 .text.terminal_move_cursor
                0x08000614       0x8c ..\obj\microrl.o
 .text.terminal_reset_cursor
                0x080006a0       0x3c ..\obj\microrl.o
 .text.terminal_print_line
                0x080006dc       0x80 ..\obj\microrl.o
 .text.microrl_init
                0x0800075c       0x94 ..\obj\microrl.o
                0x0800075c                microrl_init
 .text.microrl_set_complite_callback
                0x080007f0       0x1c ..\obj\microrl.o
                0x080007f0                microrl_set_complite_callback
 .text.microrl_set_execute_callback
                0x0800080c       0x1c ..\obj\microrl.o
                0x0800080c                microrl_set_execute_callback
 .text.microrl_set_sigint_callback
                0x08000828       0x1c ..\obj\microrl.o
                0x08000828                microrl_set_sigint_callback
 .text.hist_search
                0x08000844       0x58 ..\obj\microrl.o
 .text.escape_process
                0x0800089c      0x144 ..\obj\microrl.o
 .text.microrl_insert_text
                0x080009e0       0xf8 ..\obj\microrl.o
 .text.microrl_backspace
                0x08000ad8       0x90 ..\obj\microrl.o
 .text.common_len
                0x08000b68       0xa4 ..\obj\microrl.o
 .text.microrl_get_complite
                0x08000c0c      0x170 ..\obj\microrl.o
 .text.microrl_insert_char
                0x08000d7c      0x470 ..\obj\microrl.o
                0x08000d7c                microrl_insert_char
 .text.__CLREX  0x080011ec       0x10 ..\obj\PlcTimers.o
 .text.NVIC_EnableIRQ
                0x080011fc       0x34 ..\obj\PlcTimers.o
 .text.NVIC_SetPriority
                0x08001230       0x58 ..\obj\PlcTimers.o
 .text.InitPlcTimers
                0x08001288       0x8c ..\obj\PlcTimers.o
                0x08001288                InitPlcTimers
 .text.IsTimeout
                0x08001314       0x24 ..\obj\PlcTimers.o
                0x08001314                IsTimeout
 .text.IsTimeoutEx
                0x08001338       0x70 ..\obj\PlcTimers.o
                0x08001338                IsTimeoutEx
 .text.SetTimerValue
                0x080013a8       0x4c ..\obj\PlcTimers.o
                0x080013a8                SetTimerValue
 .text.TIM6_IRQHandler
                0x080013f4       0x68 ..\obj\PlcTimers.o
                0x080013f4                TIM6_IRQHandler
 .text.TIM_TimeBaseInit
                0x0800145c      0x100 ..\obj\stm32f10x_tim.o
                0x0800145c                TIM_TimeBaseInit
 .text.TIM_PWMIConfig
                0x0800155c       0xc4 ..\obj\stm32f10x_tim.o
                0x0800155c                TIM_PWMIConfig
 .text.TIM_Cmd  0x08001620       0x40 ..\obj\stm32f10x_tim.o
                0x08001620                TIM_Cmd
 .text.TIM_ITConfig
                0x08001660       0x4c ..\obj\stm32f10x_tim.o
                0x08001660                TIM_ITConfig
 .text.TIM_SelectInputTrigger
                0x080016ac       0x3c ..\obj\stm32f10x_tim.o
                0x080016ac                TIM_SelectInputTrigger
 .text.TIM_SelectSlaveMode
                0x080016e8       0x38 ..\obj\stm32f10x_tim.o
                0x080016e8                TIM_SelectSlaveMode
 .text.TIM_SelectMasterSlaveMode
                0x08001720       0x38 ..\obj\stm32f10x_tim.o
                0x08001720                TIM_SelectMasterSlaveMode
 .text.TIM_SetCounter
                0x08001758       0x1c ..\obj\stm32f10x_tim.o
                0x08001758                TIM_SetCounter
 .text.TIM_SetIC1Prescaler
                0x08001774       0x38 ..\obj\stm32f10x_tim.o
                0x08001774                TIM_SetIC1Prescaler
 .text.TIM_SetIC2Prescaler
                0x080017ac       0x40 ..\obj\stm32f10x_tim.o
                0x080017ac                TIM_SetIC2Prescaler
 .text.TIM_GetCapture2
                0x080017ec       0x1c ..\obj\stm32f10x_tim.o
                0x080017ec                TIM_GetCapture2
 .text.TIM_GetCounter
                0x08001808       0x1c ..\obj\stm32f10x_tim.o
                0x08001808                TIM_GetCounter
 .text.TIM_GetITStatus
                0x08001824       0x64 ..\obj\stm32f10x_tim.o
                0x08001824                TIM_GetITStatus
 .text.TIM_ClearITPendingBit
                0x08001888       0x24 ..\obj\stm32f10x_tim.o
                0x08001888                TIM_ClearITPendingBit
 .text.TI1_Config
                0x080018ac       0xe4 ..\obj\stm32f10x_tim.o
 .text.TI2_Config
                0x08001990      0x100 ..\obj\stm32f10x_tim.o
 .text.__LDREXW
                0x08001a90       0x24 ..\obj\core_cm3.o
                0x08001a90                __LDREXW
 .text.__STREXW
                0x08001ab4       0x28 ..\obj\core_cm3.o
                0x08001ab4                __STREXW
 .text.SystemInit
                0x08001adc       0x68 ..\obj\system_stm32f10x.o
                0x08001adc                SystemInit
 .text.SetSysClock
                0x08001b44        0xc ..\obj\system_stm32f10x.o
 .text.SetSysClockTo72
                0x08001b50      0x108 ..\obj\system_stm32f10x.o
 .text.Default_Reset_Handler
                0x08001c58       0x68 ..\obj\startup_stm32f10x_hd.o
                0x08001c58                Default_Reset_Handler
                0x08001c58                Reset_Handler
 .text.Default_Handler
                0x08001cc0        0x8 ..\obj\startup_stm32f10x_hd.o
                0x08001cc0                EXTI2_IRQHandler
                0x08001cc0                TIM8_TRG_COM_IRQHandler
                0x08001cc0                TIM8_CC_IRQHandler
                0x08001cc0                DebugMon_Handler
                0x08001cc0                TIM1_CC_IRQHandler
                0x08001cc0                HardFault_Handler
                0x08001cc0                SysTick_Handler
                0x08001cc0                PVD_IRQHandler
                0x08001cc0                SDIO_IRQHandler
                0x08001cc0                PendSV_Handler
                0x08001cc0                NMI_Handler
                0x08001cc0                EXTI3_IRQHandler
                0x08001cc0                I2C2_EV_IRQHandler
                0x08001cc0                UsageFault_Handler
                0x08001cc0                ADC1_2_IRQHandler
                0x08001cc0                SPI1_IRQHandler
                0x08001cc0                TAMPER_IRQHandler
                0x08001cc0                TIM8_UP_IRQHandler
                0x08001cc0                DMA2_Channel2_IRQHandler
                0x08001cc0                DMA1_Channel4_IRQHandler
                0x08001cc0                USART3_IRQHandler
                0x08001cc0                RTC_IRQHandler
                0x08001cc0                DMA1_Channel7_IRQHandler
                0x08001cc0                CAN1_RX1_IRQHandler
                0x08001cc0                UART5_IRQHandler
                0x08001cc0                ADC3_IRQHandler
                0x08001cc0                TIM4_IRQHandler
                0x08001cc0                DMA2_Channel1_IRQHandler
                0x08001cc0                I2C1_EV_IRQHandler
                0x08001cc0                DMA1_Channel6_IRQHandler
                0x08001cc0                UART4_IRQHandler
                0x08001cc0                RCC_IRQHandler
                0x08001cc0                TIM1_TRG_COM_IRQHandler
                0x08001cc0                DMA1_Channel1_IRQHandler
                0x08001cc0                EXTI15_10_IRQHandler
                0x08001cc0                TIM7_IRQHandler
                0x08001cc0                TIM5_IRQHandler
                0x08001cc0                EXTI9_5_IRQHandler
                0x08001cc0                SPI2_IRQHandler
                0x08001cc0                MemManage_Handler
                0x08001cc0                SVC_Handler
                0x08001cc0                DMA1_Channel5_IRQHandler
                0x08001cc0                EXTI4_IRQHandler
                0x08001cc0                USB_LP_CAN1_RX0_IRQHandler
                0x08001cc0                USB_HP_CAN1_TX_IRQHandler
                0x08001cc0                DMA1_Channel3_IRQHandler
                0x08001cc0                FSMC_IRQHandler
                0x08001cc0                TIM1_UP_IRQHandler
                0x08001cc0                WWDG_IRQHandler
                0x08001cc0                TIM1_BRK_IRQHandler
                0x08001cc0                EXTI1_IRQHandler
                0x08001cc0                RTCAlarm_IRQHandler
                0x08001cc0                DMA2_Channel4_5_IRQHandler
                0x08001cc0                I2C2_ER_IRQHandler
                0x08001cc0                DMA1_Channel2_IRQHandler
                0x08001cc0                TIM8_BRK_IRQHandler
                0x08001cc0                CAN1_SCE_IRQHandler
                0x08001cc0                FLASH_IRQHandler
                0x08001cc0                BusFault_Handler
                0x08001cc0                SPI3_IRQHandler
                0x08001cc0                I2C1_ER_IRQHandler
                0x08001cc0                USBWakeUp_IRQHandler
                0x08001cc0                DMA2_Channel3_IRQHandler
 .text.Crc16    0x08001cc8       0x64 ..\obj\Crc.o
                0x08001cc8                Crc16
 .text.GPIO_Init
                0x08001d2c      0x1c0 ..\obj\stm32f10x_gpio.o
                0x08001d2c                GPIO_Init
 .text.GPIO_StructInit
                0x08001eec       0x2c ..\obj\stm32f10x_gpio.o
                0x08001eec                GPIO_StructInit
 .text.GPIO_PinRemapConfig
                0x08001f18      0x104 ..\obj\stm32f10x_gpio.o
                0x08001f18                GPIO_PinRemapConfig
 .text.GPIO_EXTILineConfig
                0x0800201c       0x9c ..\obj\stm32f10x_gpio.o
                0x0800201c                GPIO_EXTILineConfig
 .text.NVIC_EnableIRQ
                0x080020b8       0x34 ..\obj\main.o
 .text.NVIC_SetPriority
                0x080020ec       0x58 ..\obj\main.o
 .text.IrWaitFirstCodeLedOn
                0x08002144       0x1c ..\obj\main.o
                0x08002144                IrWaitFirstCodeLedOn
 .text.IrWaitFirstCodeLedOff
                0x08002160       0x1c ..\obj\main.o
                0x08002160                IrWaitFirstCodeLedOff
 .text.IrWaitSecondCodeLedOn
                0x0800217c       0x1c ..\obj\main.o
                0x0800217c                IrWaitSecondCodeLedOn
 .text.IrWaitSecondCodeLedOff
                0x08002198       0x1c ..\obj\main.o
                0x08002198                IrWaitSecondCodeLedOff
 .text.PowerLedOn
                0x080021b4       0x1c ..\obj\main.o
                0x080021b4                PowerLedOn
 .text.NetworkLedOn
                0x080021d0       0x1c ..\obj\main.o
                0x080021d0                NetworkLedOn
 .text.NetworkLedOff
                0x080021ec       0x1c ..\obj\main.o
                0x080021ec                NetworkLedOff
 .text.RunScan  0x08002208       0x30 ..\obj\main.o
                0x08002208                RunScan
 .text.InitTerminal
                0x08002238       0x70 ..\obj\main.o
                0x08002238                InitTerminal
 .text.GetJumpersValue
                0x080022a8       0xb0 ..\obj\main.o
                0x080022a8                GetJumpersValue
 .text.main     0x08002358       0xa4 ..\obj\main.o
                0x08002358                main
 .text.InitTerminalUART
                0x080023fc       0xe8 ..\obj\main.o
 .text.InitLeds
                0x080024e4       0xac ..\obj\main.o
 .text.USART1_IRQHandler
                0x08002590       0x38 ..\obj\main.o
                0x08002590                USART1_IRQHandler
 .text.ProcessScan
                0x080025c8      0x264 ..\obj\main.o
                0x080025c8                ProcessScan
 .text.RequestOnScan
                0x0800282c       0x68 ..\obj\main.o
                0x0800282c                RequestOnScan
 .text.RequestOffScan
                0x08002894       0x24 ..\obj\main.o
                0x08002894                RequestOffScan
 .text.ProcessLeds
                0x080028b8       0xb8 ..\obj\main.o
 .text.print    0x08002970       0x3c ..\obj\Terminal.o
                0x08002970                print
 .text.print_help
                0x080029ac       0x60 ..\obj\Terminal.o
                0x080029ac                print_help
 .text.execute  0x08002a0c      0x324 ..\obj\Terminal.o
                0x08002a0c                execute
 .text.complet  0x08002d30       0xbc ..\obj\Terminal.o
                0x08002d30                complet
 .text.sigint   0x08002dec       0x10 ..\obj\Terminal.o
                0x08002dec                sigint
 .text.PrintChar
                0x08002dfc       0x34 ..\obj\printf.o
                0x08002dfc                PrintChar
 .text.PutChar  0x08002e30       0x24 ..\obj\printf.o
                0x08002e30                PutChar
 .text.PutString
                0x08002e54       0x48 ..\obj\printf.o
                0x08002e54                PutString
 .text.PutUnsignedInt
                0x08002e9c       0xb4 ..\obj\printf.o
                0x08002e9c                PutUnsignedInt
 .text.PutSignedInt
                0x08002f50      0x11c ..\obj\printf.o
                0x08002f50                PutSignedInt
 .text.PutHexa  0x0800306c       0xe8 ..\obj\printf.o
                0x0800306c                PutHexa
 .text.vsnprintf
                0x08003154      0x2a4 ..\obj\printf.o
                0x08003154                vsnprintf
 .text.snprintf
                0x080033f8       0x34 ..\obj\printf.o
                0x080033f8                snprintf
 .text.vsprintf
                0x0800342c       0x28 ..\obj\printf.o
                0x0800342c                vsprintf
 .text.vfprintf
                0x08003454       0x84 ..\obj\printf.o
                0x08003454                vfprintf
 .text.vprintf  0x080034d8       0x2c ..\obj\printf.o
                0x080034d8                vprintf
 .text.printf   0x08003504       0x2c ..\obj\printf.o
                0x08003504                printf
 .text.fputc    0x08003530       0x44 ..\obj\printf.o
                0x08003530                fputc
 .text.fputs    0x08003574       0x50 ..\obj\printf.o
                0x08003574                fputs
 .text.RCC_GetClocksFreq
                0x080035c4      0x17c ..\obj\stm32f10x_rcc.o
                0x080035c4                RCC_GetClocksFreq
 .text.RCC_APB2PeriphClockCmd
                0x08003740       0x44 ..\obj\stm32f10x_rcc.o
                0x08003740                RCC_APB2PeriphClockCmd
 .text.RCC_APB1PeriphClockCmd
                0x08003784       0x44 ..\obj\stm32f10x_rcc.o
                0x08003784                RCC_APB1PeriphClockCmd
 .text.EXTI_Init
                0x080037c8       0xfc ..\obj\stm32f10x_exti.o
                0x080037c8                EXTI_Init
 .text.EXTI_ClearFlag
                0x080038c4       0x1c ..\obj\stm32f10x_exti.o
                0x080038c4                EXTI_ClearFlag
 .text.EXTI_ClearITPendingBit
                0x080038e0       0x1c ..\obj\stm32f10x_exti.o
                0x080038e0                EXTI_ClearITPendingBit
 .text.USART_Init
                0x080038fc      0x1b0 ..\obj\stm32f10x_usart.o
                0x080038fc                USART_Init
 .text.USART_Cmd
                0x08003aac       0x40 ..\obj\stm32f10x_usart.o
                0x08003aac                USART_Cmd
 .text.USART_ITConfig
                0x08003aec       0xa8 ..\obj\stm32f10x_usart.o
                0x08003aec                USART_ITConfig
 .text.USART_SendData
                0x08003b94       0x28 ..\obj\stm32f10x_usart.o
                0x08003b94                USART_SendData
 .text.USART_ReceiveData
                0x08003bbc       0x24 ..\obj\stm32f10x_usart.o
                0x08003bbc                USART_ReceiveData
 .text.USART_GetFlagStatus
                0x08003be0       0x40 ..\obj\stm32f10x_usart.o
                0x08003be0                USART_GetFlagStatus
 .text.USART_GetITStatus
                0x08003c20       0xcc ..\obj\stm32f10x_usart.o
                0x08003c20                USART_GetITStatus
 .text.USART_ClearITPendingBit
                0x08003cec       0x44 ..\obj\stm32f10x_usart.o
                0x08003cec                USART_ClearITPendingBit
 .text._sbrk    0x08003d30       0x40 ..\obj\syscalls.o
                0x08003d30                _sbrk
 .text.cbInit   0x08003d70       0x44 ..\obj\RingBuffer.o
                0x08003d70                cbInit
 .text.cbClear  0x08003db4       0x24 ..\obj\RingBuffer.o
                0x08003db4                cbClear
 .text.cbIsEmpty
                0x08003dd8       0x24 ..\obj\RingBuffer.o
                0x08003dd8                cbIsEmpty
 .text.cbWrite  0x08003dfc       0x64 ..\obj\RingBuffer.o
                0x08003dfc                cbWrite
 .text.cbRead   0x08003e60       0x40 ..\obj\RingBuffer.o
                0x08003e60                cbRead
 .text.NVIC_EnableIRQ
                0x08003ea0       0x34 ..\obj\NetWork.o
 .text.NVIC_SetPriority
                0x08003ed4       0x58 ..\obj\NetWork.o
 .text.GetNetworkState
                0x08003f2c       0x14 ..\obj\NetWork.o
                0x08003f2c                GetNetworkState
 .text.GetDeviceAddress
                0x08003f40       0x14 ..\obj\NetWork.o
                0x08003f40                GetDeviceAddress
 .text.SetMode  0x08003f54       0xdc ..\obj\NetWork.o
 .text.InitNetWork
                0x08004030      0x170 ..\obj\NetWork.o
                0x08004030                InitNetWork
 .text.USART2_IRQHandler
                0x080041a0       0xc0 ..\obj\NetWork.o
                0x080041a0                USART2_IRQHandler
 .text.ProcessNetwork
                0x08004260      0x1d8 ..\obj\NetWork.o
                0x08004260                ProcessNetwork
 .text.RequestDeviceType
                0x08004438       0x44 ..\obj\NetWork.o
                0x08004438                RequestDeviceType
 .text.Answer   0x0800447c      0x12c ..\obj\NetWork.o
                0x0800447c                Answer
 .text.AnswerError
                0x080045a8       0x44 ..\obj\NetWork.o
                0x080045a8                AnswerError
 .text.NVIC_EnableIRQ
                0x080045ec       0x34 ..\obj\IRScanner.o
 .text.NVIC_DisableIRQ
                0x08004620       0x38 ..\obj\IRScanner.o
 .text.NVIC_SetPriority
                0x08004658       0x58 ..\obj\IRScanner.o
 .text.IsScanning
                0x080046b0       0x1c ..\obj\IRScanner.o
                0x080046b0                IsScanning
 .text.InitEXTI
                0x080046cc       0xa4 ..\obj\IRScanner.o
 .text.InitTimers
                0x08004770      0x158 ..\obj\IRScanner.o
 .text.Scan     0x080048c8      0x14c ..\obj\IRScanner.o
                0x080048c8                Scan
 .text.StopScan
                0x08004a14       0x70 ..\obj\IRScanner.o
                0x08004a14                StopScan
 .text.EXTI0_IRQHandler
                0x08004a84      0x12c ..\obj\IRScanner.o
                0x08004a84                EXTI0_IRQHandler
 .text.TIM3_IRQHandler
                0x08004bb0       0xac ..\obj\IRScanner.o
                0x08004bb0                TIM3_IRQHandler
 .text.TIM2_IRQHandler
                0x08004c5c       0xbc ..\obj\IRScanner.o
                0x08004c5c                TIM2_IRQHandler
 .text.min      0x08004d18       0x20 ..\obj\IR.o
                0x08004d18                min
 .text.GetFrequencyInterval
                0x08004d38       0xa8 ..\obj\IR.o
                0x08004d38                GetFrequencyInterval
 .text.SetTime  0x08004de0       0x40 ..\obj\IR.o
                0x08004de0                SetTime
 .text.SetValue
                0x08004e20       0x44 ..\obj\IR.o
                0x08004e20                SetValue
 .text.GetTime  0x08004e64       0x24 ..\obj\IR.o
                0x08004e64                GetTime
 .text.GetValue
                0x08004e88       0x30 ..\obj\IR.o
                0x08004e88                GetValue
 .text.DebugPrint
                0x08004eb8       0xd0 ..\obj\IR.o
                0x08004eb8                DebugPrint
 .text.CheckIRCode
                0x08004f88       0x7c ..\obj\IR.o
                0x08004f88                CheckIRCode
 .text.IsEqual  0x08005004      0x24c ..\obj\IR.o
                0x08005004                IsEqual
 .text          0x08005250       0x10 c:/coocox/coide/gcc/bin/../lib/gcc/arm-none-eabi/4.5.2/../../../../arm-none-eabi/lib/thumb2\libc.a(lib_a-atoi.o)
                0x08005250                atoi
                0x08005258                _atoi_r
 .text          0x08005260       0x14 c:/coocox/coide/gcc/bin/../lib/gcc/arm-none-eabi/4.5.2/../../../../arm-none-eabi/lib/thumb2\libc.a(lib_a-calloc.o)
                0x08005260                calloc
 .text          0x08005274       0x5c c:/coocox/coide/gcc/bin/../lib/gcc/arm-none-eabi/4.5.2/../../../../arm-none-eabi/lib/thumb2\libc.a(lib_a-callocr.o)
                0x08005274                _calloc_r
 .text          0x080052d0      0x57c c:/coocox/coide/gcc/bin/../lib/gcc/arm-none-eabi/4.5.2/../../../../arm-none-eabi/lib/thumb2\libc.a(lib_a-mallocr.o)
                0x080052d0                _malloc_r
 .text          0x0800584c      0x150 c:/coocox/coide/gcc/bin/../lib/gcc/arm-none-eabi/4.5.2/../../../../arm-none-eabi/lib/thumb2\libc.a(lib_a-memcpy.o)
                0x0800584c                memcpy
 .text          0x0800599c       0xb4 c:/coocox/coide/gcc/bin/../lib/gcc/arm-none-eabi/4.5.2/../../../../arm-none-eabi/lib/thumb2\libc.a(lib_a-memmove.o)
                0x0800599c                memmove
 .text          0x08005a50       0xb4 c:/coocox/coide/gcc/bin/../lib/gcc/arm-none-eabi/4.5.2/../../../../arm-none-eabi/lib/thumb2\libc.a(lib_a-memset.o)
                0x08005a50                memset
 .text          0x08005b04        0x8 c:/coocox/coide/gcc/bin/../lib/gcc/arm-none-eabi/4.5.2/../../../../arm-none-eabi/lib/thumb2\libc.a(lib_a-mlock.o)
                0x08005b04                __malloc_lock
                0x08005b08                __malloc_unlock
 .text          0x08005b0c       0x28 c:/coocox/coide/gcc/bin/../lib/gcc/arm-none-eabi/4.5.2/../../../../arm-none-eabi/lib/thumb2\libc.a(lib_a-sbrkr.o)
                0x08005b0c                _sbrk_r
 .text          0x08005b34      0x1dc c:/coocox/coide/gcc/bin/../lib/gcc/arm-none-eabi/4.5.2/../../../../arm-none-eabi/lib/thumb2\libc.a(lib_a-strcmp.o)
                0x08005b34                strcmp
 .text          0x08005d10       0x60 c:/coocox/coide/gcc/bin/../lib/gcc/arm-none-eabi/4.5.2/../../../../arm-none-eabi/lib/thumb2\libc.a(lib_a-strlen.o)
                0x08005d10                strlen
 .text          0x08005d70      0x508 c:/coocox/coide/gcc/bin/../lib/gcc/arm-none-eabi/4.5.2/../../../../arm-none-eabi/lib/thumb2\libc.a(lib_a-strstr.o)
                0x0800605c                strstr
 .text          0x08006278      0x17c c:/coocox/coide/gcc/bin/../lib/gcc/arm-none-eabi/4.5.2/../../../../arm-none-eabi/lib/thumb2\libc.a(lib_a-strtol.o)
                0x08006278                _strtol_r
                0x080063dc                strtol
 .text          0x080063f4      0x240 c:/coocox/coide/gcc/bin/../lib/gcc/arm-none-eabi/4.5.2/../../../../arm-none-eabi/lib/thumb2\libc.a(lib_a-freer.o)
                0x080063f4                _malloc_trim_r
                0x0800649c                _free_r
 .text          0x08006634       0x8c c:/coocox/coide/gcc/bin/../lib/gcc/arm-none-eabi/4.5.2/../../../../arm-none-eabi/lib/thumb2\libc.a(lib_a-memchr.o)
                0x08006634                memchr
 .text          0x080066c0       0x64 c:/coocox/coide/gcc/bin/../lib/gcc/arm-none-eabi/4.5.2/../../../../arm-none-eabi/lib/thumb2\libc.a(lib_a-memcmp.o)
                0x080066c0                memcmp
 .text          0x08006724      0x10c c:/coocox/coide/gcc/bin/../lib/gcc/arm-none-eabi/4.5.2/../../../../arm-none-eabi/lib/thumb2\libc.a(lib_a-strchr.o)
                0x08006724                strchr
 .text          0x08006830      0x278 c:/coocox/coide/gcc/bin/../lib/gcc/arm-none-eabi/4.5.2/thumb2\libgcc.a(_udivsi3.o)
                0x08006830                __aeabi_uidiv
                0x08006830                __udivsi3
                0x08006a8c                __aeabi_uidivmod
 .text          0x08006aa8        0x4 c:/coocox/coide/gcc/bin/../lib/gcc/arm-none-eabi/4.5.2/thumb2\libgcc.a(_dvmd_tls.o)
                0x08006aa8                __aeabi_idiv0
                0x08006aa8                __aeabi_ldiv0
 *(.glue_7t)
 .glue_7t       0x00000000        0x0 linker stubs
 *(.glue_7)
 .glue_7        0x00000000        0x0 linker stubs
 *(.rodata .rodata* .gnu.linkonce.r.*)
 .rodata        0x08006aac       0x60 ..\obj\microrl.o
 .rodata        0x08006b0c      0x200 ..\obj\Crc.o
                0x08006b0c                Crc16Table
 .rodata        0x08006d0c      0x154 ..\obj\main.o
 .rodata        0x08006e60      0x2dc ..\obj\Terminal.o
 .rodata        0x0800713c       0x24 ..\obj\printf.o
 .rodata        0x08007160       0x14 ..\obj\IRScanner.o
 .rodata        0x08007174      0x13c ..\obj\IR.o
                0x08007174                DetectFreqMin
                0x08007178                DetectFreqMax
                0x080071c0                TimeMask
                0x080071c4                ValueMask
 .rodata        0x080072b0      0x104 c:/coocox/coide/gcc/bin/../lib/gcc/arm-none-eabi/4.5.2/../../../../arm-none-eabi/lib/thumb2\libc.a(lib_a-ctype_.o)
                0x080072b0                _ctype_

.vfp11_veneer   0x080073b4        0x0
 .vfp11_veneer  0x00000000        0x0 linker stubs

.v4_bx          0x080073b4        0x0
 .v4_bx         0x00000000        0x0 linker stubs

.ARM.extab
 *(.ARM.extab* .gnu.linkonce.armextab.*)

.ARM.exidx
 *(.ARM.exidx* .gnu.linkonce.armexidx.*)
                0x080073b4                . = ALIGN (0x4)
                0x080073b4                _etext = .
                0x080073b4                _sidata = .

.data           0x20000000      0x568 load address 0x080073b4
                0x20000000                _sdata = .
 *(.data .data.*)
 .data          0x20000000        0x4 ..\obj\microrl.o
                0x20000000                prompt_default
 .data          0x20000004       0x14 ..\obj\system_stm32f10x.o
                0x20000004                SystemCoreClock
                0x20000008                AHBPrescTable
 .data          0x20000018        0x8 ..\obj\main.o
 .data          0x20000020       0x24 ..\obj\Terminal.o
                0x20000024                keyworld
 .data          0x20000044       0xf4 ..\obj\printf.o
                0x20000044                r
                0x20000134                _impure_ptr
 .data          0x20000138       0x14 ..\obj\stm32f10x_rcc.o
 .data          0x2000014c        0x8 ..\obj\IR.o
                0x2000014c                LengthDelataMax
                0x20000150                IntervalDelataMax
 .data          0x20000154      0x410 c:/coocox/coide/gcc/bin/../lib/gcc/arm-none-eabi/4.5.2/../../../../arm-none-eabi/lib/thumb2\libc.a(lib_a-mallocr.o)
                0x20000154                __malloc_av_
                0x2000055c                __malloc_sbrk_base
                0x20000560                __malloc_trim_threshold
 .data          0x20000564        0x4 c:/coocox/coide/gcc/bin/../lib/gcc/arm-none-eabi/4.5.2/../../../../arm-none-eabi/lib/thumb2\libc.a(lib_a-ctype_.o)
                0x20000564                __ctype_ptr__
                0x20000568                . = ALIGN (0x4)
                0x20000568                _edata = .

.bss            0x20000568     0x19dc load address 0x0800791c
                0x20000568                _sbss = .
 *(.bss .bss.*)
 .bss           0x20000568        0x8 ..\obj\microrl.o
 .bss           0x20000570       0x14 ..\obj\PlcTimers.o
 .bss           0x20000584       0xe8 ..\obj\main.o
 .bss           0x2000066c        0x4 ..\obj\syscalls.o
 .bss           0x20000670      0x858 ..\obj\NetWork.o
 .bss           0x20000ec8       0x1c ..\obj\IRScanner.o
 .bss           0x20000ee4        0x1 ..\obj\IR.o
                0x20000ee4                DebugModeIr
 *fill*         0x20000ee5        0x3 00
 .bss           0x20000ee8       0x34 c:/coocox/coide/gcc/bin/../lib/gcc/arm-none-eabi/4.5.2/../../../../arm-none-eabi/lib/thumb2\libc.a(lib_a-mallocr.o)
                0x20000ee8                __malloc_top_pad
                0x20000eec                __malloc_current_mallinfo
                0x20000f14                __malloc_max_sbrked_mem
                0x20000f18                __malloc_max_total_mem
 *(COMMON)
 COMMON         0x20000f1c     0x1000 ..\obj\main.o
                0x20000f1c                IrCodes
 COMMON         0x20001f1c       0x24 ..\obj\Terminal.o
                0x20001f1c                compl_world
 COMMON         0x20001f40        0x4 c:/coocox/coide/gcc/bin/../lib/gcc/arm-none-eabi/4.5.2/../../../../arm-none-eabi/lib/thumb2\libc.a(lib_a-reent.o)
                0x20001f40                errno
                0x20001f44                . = ALIGN (0x4)
                0x20001f44                _ebss = .

.co_stack       0x20001f44      0x604 load address 0x080092f8
                0x20001f48                . = ALIGN (0x8)
 *fill*         0x20001f44        0x4 00
 *(.co_stack .co_stack.*)
 .co_stack      0x20001f48      0x600 ..\obj\startup_stm32f10x_hd.o
                0x20001f48                pulStack
                0x20002548                . = ALIGN (0x4)
                0x20002548                _end = .
LOAD ..\obj\microrl.o
LOAD ..\obj\PlcTimers.o
LOAD ..\obj\stm32f10x_tim.o
LOAD ..\obj\core_cm3.o
LOAD ..\obj\system_stm32f10x.o
LOAD ..\obj\startup_stm32f10x_hd.o
LOAD ..\obj\Crc.o
LOAD ..\obj\stm32f10x_gpio.o
LOAD ..\obj\main.o
LOAD ..\obj\Terminal.o
LOAD ..\obj\printf.o
LOAD ..\obj\stm32f10x_rcc.o
LOAD ..\obj\stm32f10x_exti.o
LOAD ..\obj\stm32f10x_usart.o
LOAD ..\obj\syscalls.o
LOAD ..\obj\RingBuffer.o
LOAD ..\obj\NetWork.o
LOAD ..\obj\IRScanner.o
LOAD ..\obj\IR.o
START GROUP
LOAD c:/coocox/coide/gcc/bin/../lib/gcc/arm-none-eabi/4.5.2/thumb2\libgcc.a
LOAD c:/coocox/coide/gcc/bin/../lib/gcc/arm-none-eabi/4.5.2/../../../../arm-none-eabi/lib/thumb2\libc.a
END GROUP
OUTPUT(Scaner.elf elf32-littlearm)

.debug_abbrev   0x00000000     0x1c89
 .debug_abbrev  0x00000000      0x1c5 ..\obj\microrl.o
 .debug_abbrev  0x000001c5      0x1dd ..\obj\PlcTimers.o
 .debug_abbrev  0x000003a2      0x172 ..\obj\stm32f10x_tim.o
 .debug_abbrev  0x00000514       0xd5 ..\obj\core_cm3.o
 .debug_abbrev  0x000005e9      0x17e ..\obj\system_stm32f10x.o
 .debug_abbrev  0x00000767       0xac ..\obj\startup_stm32f10x_hd.o
 .debug_abbrev  0x00000813       0xca ..\obj\Crc.o
 .debug_abbrev  0x000008dd      0x1a4 ..\obj\stm32f10x_gpio.o
 .debug_abbrev  0x00000a81      0x281 ..\obj\main.o
 .debug_abbrev  0x00000d02      0x1cf ..\obj\Terminal.o
 .debug_abbrev  0x00000ed1      0x26b ..\obj\printf.o
 .debug_abbrev  0x0000113c      0x191 ..\obj\stm32f10x_rcc.o
 .debug_abbrev  0x000012cd      0x14a ..\obj\stm32f10x_exti.o
 .debug_abbrev  0x00001417      0x15b ..\obj\stm32f10x_usart.o
 .debug_abbrev  0x00001572       0xde ..\obj\syscalls.o
 .debug_abbrev  0x00001650       0xd1 ..\obj\RingBuffer.o
 .debug_abbrev  0x00001721      0x22c ..\obj\NetWork.o
 .debug_abbrev  0x0000194d      0x1e5 ..\obj\IRScanner.o
 .debug_abbrev  0x00001b32      0x157 ..\obj\IR.o

.debug_info     0x00000000     0xa54a
 .debug_info    0x00000000      0x8b8 ..\obj\microrl.o
 .debug_info    0x000008b8      0x9fc ..\obj\PlcTimers.o
 .debug_info    0x000012b4     0x1e18 ..\obj\stm32f10x_tim.o
 .debug_info    0x000030cc      0x548 ..\obj\core_cm3.o
 .debug_info    0x00003614      0x4a0 ..\obj\system_stm32f10x.o
 .debug_info    0x00003ab4      0x132 ..\obj\startup_stm32f10x_hd.o
 .debug_info    0x00003be6      0x12f ..\obj\Crc.o
 .debug_info    0x00003d15      0x723 ..\obj\stm32f10x_gpio.o
 .debug_info    0x00004438      0xfe1 ..\obj\main.o
 .debug_info    0x00005419      0x486 ..\obj\Terminal.o
 .debug_info    0x0000589f     0x100a ..\obj\printf.o
 .debug_info    0x000068a9      0x901 ..\obj\stm32f10x_rcc.o
 .debug_info    0x000071aa      0x361 ..\obj\stm32f10x_exti.o
 .debug_info    0x0000750b      0xa6c ..\obj\stm32f10x_usart.o
 .debug_info    0x00007f77      0x440 ..\obj\syscalls.o
 .debug_info    0x000083b7      0x213 ..\obj\RingBuffer.o
 .debug_info    0x000085ca      0xcae ..\obj\NetWork.o
 .debug_info    0x00009278      0xe3d ..\obj\IRScanner.o
 .debug_info    0x0000a0b5      0x495 ..\obj\IR.o

.debug_line     0x00000000     0x3ee9
 .debug_line    0x00000000      0x3bf ..\obj\microrl.o
 .debug_line    0x000003bf      0x264 ..\obj\PlcTimers.o
 .debug_line    0x00000623      0xa3a ..\obj\stm32f10x_tim.o
 .debug_line    0x0000105d      0x270 ..\obj\core_cm3.o
 .debug_line    0x000012cd      0x20d ..\obj\system_stm32f10x.o
 .debug_line    0x000014da       0xa7 ..\obj\startup_stm32f10x_hd.o
 .debug_line    0x00001581      0x112 ..\obj\Crc.o
 .debug_line    0x00001693      0x35a ..\obj\stm32f10x_gpio.o
 .debug_line    0x000019ed      0x5b4 ..\obj\main.o
 .debug_line    0x00001fa1      0x25f ..\obj\Terminal.o
 .debug_line    0x00002200      0x423 ..\obj\printf.o
 .debug_line    0x00002623      0x470 ..\obj\stm32f10x_rcc.o
 .debug_line    0x00002a93      0x250 ..\obj\stm32f10x_exti.o
 .debug_line    0x00002ce3      0x446 ..\obj\stm32f10x_usart.o
 .debug_line    0x00003129      0x17e ..\obj\syscalls.o
 .debug_line    0x000032a7      0x1ad ..\obj\RingBuffer.o
 .debug_line    0x00003454      0x42c ..\obj\NetWork.o
 .debug_line    0x00003880      0x3e5 ..\obj\IRScanner.o
 .debug_line    0x00003c65      0x284 ..\obj\IR.o

.debug_loc      0x00000000     0x4666
 .debug_loc     0x00000000      0x4d0 ..\obj\microrl.o
 .debug_loc     0x000004d0      0x1b4 ..\obj\PlcTimers.o
 .debug_loc     0x00000684     0x13e8 ..\obj\stm32f10x_tim.o
 .debug_loc     0x00001a6c      0x3f0 ..\obj\core_cm3.o
 .debug_loc     0x00001e5c       0xc8 ..\obj\system_stm32f10x.o
 .debug_loc     0x00001f24       0x64 ..\obj\startup_stm32f10x_hd.o
 .debug_loc     0x00001f88       0x38 ..\obj\Crc.o
 .debug_loc     0x00001fc0      0x3e4 ..\obj\stm32f10x_gpio.o
 .debug_loc     0x000023a4      0x4c4 ..\obj\main.o
 .debug_loc     0x00002868      0x12c ..\obj\Terminal.o
 .debug_loc     0x00002994      0x3ea ..\obj\printf.o
 .debug_loc     0x00002d7e      0x6dc ..\obj\stm32f10x_rcc.o
 .debug_loc     0x0000345a      0x1b4 ..\obj\stm32f10x_exti.o
 .debug_loc     0x0000360e      0x658 ..\obj\stm32f10x_usart.o
 .debug_loc     0x00003c66      0x1ec ..\obj\syscalls.o
 .debug_loc     0x00003e52      0x150 ..\obj\RingBuffer.o
 .debug_loc     0x00003fa2      0x27c ..\obj\NetWork.o
 .debug_loc     0x0000421e      0x250 ..\obj\IRScanner.o
 .debug_loc     0x0000446e      0x1f8 ..\obj\IR.o

.debug_pubnames
                0x00000000     0x18c5
 .debug_pubnames
                0x00000000       0xb1 ..\obj\microrl.o
 .debug_pubnames
                0x000000b1       0x68 ..\obj\PlcTimers.o
 .debug_pubnames
                0x00000119      0x7b0 ..\obj\stm32f10x_tim.o
 .debug_pubnames
                0x000008c9      0x159 ..\obj\core_cm3.o
 .debug_pubnames
                0x00000a22       0x61 ..\obj\system_stm32f10x.o
 .debug_pubnames
                0x00000a83       0x4a ..\obj\startup_stm32f10x_hd.o
 .debug_pubnames
                0x00000acd       0x2b ..\obj\Crc.o
 .debug_pubnames
                0x00000af8      0x19d ..\obj\stm32f10x_gpio.o
 .debug_pubnames
                0x00000c95      0x1a4 ..\obj\main.o
 .debug_pubnames
                0x00000e39       0x78 ..\obj\Terminal.o
 .debug_pubnames
                0x00000eb1      0x101 ..\obj\printf.o
 .debug_pubnames
                0x00000fb2      0x2c4 ..\obj\stm32f10x_rcc.o
 .debug_pubnames
                0x00001276       0xbb ..\obj\stm32f10x_exti.o
 .debug_pubnames
                0x00001331      0x294 ..\obj\stm32f10x_usart.o
 .debug_pubnames
                0x000015c5       0x71 ..\obj\syscalls.o
 .debug_pubnames
                0x00001636       0x5b ..\obj\RingBuffer.o
 .debug_pubnames
                0x00001691       0xb7 ..\obj\NetWork.o
 .debug_pubnames
                0x00001748       0x74 ..\obj\IRScanner.o
 .debug_pubnames
                0x000017bc      0x109 ..\obj\IR.o

.debug_pubtypes
                0x00000000      0xbed
 .debug_pubtypes
                0x00000000       0x33 ..\obj\microrl.o
 .debug_pubtypes
                0x00000033       0x96 ..\obj\PlcTimers.o
 .debug_pubtypes
                0x000000c9       0xd8 ..\obj\stm32f10x_tim.o
 .debug_pubtypes
                0x000001a1       0x50 ..\obj\core_cm3.o
 .debug_pubtypes
                0x000001f1       0x67 ..\obj\system_stm32f10x.o
 .debug_pubtypes
                0x00000258       0x2b ..\obj\Crc.o
 .debug_pubtypes
                0x00000283       0xc3 ..\obj\stm32f10x_gpio.o
 .debug_pubtypes
                0x00000346      0x153 ..\obj\main.o
 .debug_pubtypes
                0x00000499       0x49 ..\obj\Terminal.o
 .debug_pubtypes
                0x000004e2      0x165 ..\obj\printf.o
 .debug_pubtypes
                0x00000647       0x9e ..\obj\stm32f10x_rcc.o
 .debug_pubtypes
                0x000006e5       0xa2 ..\obj\stm32f10x_exti.o
 .debug_pubtypes
                0x00000787       0xc9 ..\obj\stm32f10x_usart.o
 .debug_pubtypes
                0x00000850       0xaa ..\obj\syscalls.o
 .debug_pubtypes
                0x000008fa       0x31 ..\obj\RingBuffer.o
 .debug_pubtypes
                0x0000092b      0x11d ..\obj\NetWork.o
 .debug_pubtypes
                0x00000a48      0x16f ..\obj\IRScanner.o
 .debug_pubtypes
                0x00000bb7       0x36 ..\obj\IR.o

.debug_aranges  0x00000000      0xc28
 .debug_aranges
                0x00000000       0xc8 ..\obj\microrl.o
 .debug_aranges
                0x000000c8       0x58 ..\obj\PlcTimers.o
 .debug_aranges
                0x00000120      0x2f0 ..\obj\stm32f10x_tim.o
 .debug_aranges
                0x00000410       0xc8 ..\obj\core_cm3.o
 .debug_aranges
                0x000004d8       0x38 ..\obj\system_stm32f10x.o
 .debug_aranges
                0x00000510       0x28 ..\obj\startup_stm32f10x_hd.o
 .debug_aranges
                0x00000538       0x20 ..\obj\Crc.o
 .debug_aranges
                0x00000558       0xa8 ..\obj\stm32f10x_gpio.o
 .debug_aranges
                0x00000600       0xe0 ..\obj\main.o
 .debug_aranges
                0x000006e0       0x48 ..\obj\Terminal.o
 .debug_aranges
                0x00000728       0xa0 ..\obj\printf.o
 .debug_aranges
                0x000007c8      0x118 ..\obj\stm32f10x_rcc.o
 .debug_aranges
                0x000008e0       0x58 ..\obj\stm32f10x_exti.o
 .debug_aranges
                0x00000938      0x100 ..\obj\stm32f10x_usart.o
 .debug_aranges
                0x00000a38       0x60 ..\obj\syscalls.o
 .debug_aranges
                0x00000a98       0x48 ..\obj\RingBuffer.o
 .debug_aranges
                0x00000ae0       0x78 ..\obj\NetWork.o
 .debug_aranges
                0x00000b58       0x70 ..\obj\IRScanner.o
 .debug_aranges
                0x00000bc8       0x60 ..\obj\IR.o

.debug_ranges   0x00000000      0xb28
 .debug_ranges  0x00000000       0xb8 ..\obj\microrl.o
 .debug_ranges  0x000000b8       0x48 ..\obj\PlcTimers.o
 .debug_ranges  0x00000100      0x2e0 ..\obj\stm32f10x_tim.o
 .debug_ranges  0x000003e0       0xb8 ..\obj\core_cm3.o
 .debug_ranges  0x00000498       0x28 ..\obj\system_stm32f10x.o
 .debug_ranges  0x000004c0       0x18 ..\obj\startup_stm32f10x_hd.o
 .debug_ranges  0x000004d8       0x10 ..\obj\Crc.o
 .debug_ranges  0x000004e8       0x98 ..\obj\stm32f10x_gpio.o
 .debug_ranges  0x00000580       0xe8 ..\obj\main.o
 .debug_ranges  0x00000668       0x38 ..\obj\Terminal.o
 .debug_ranges  0x000006a0       0x90 ..\obj\printf.o
 .debug_ranges  0x00000730      0x108 ..\obj\stm32f10x_rcc.o
 .debug_ranges  0x00000838       0x48 ..\obj\stm32f10x_exti.o
 .debug_ranges  0x00000880       0xf0 ..\obj\stm32f10x_usart.o
 .debug_ranges  0x00000970       0x50 ..\obj\syscalls.o
 .debug_ranges  0x000009c0       0x38 ..\obj\RingBuffer.o
 .debug_ranges  0x000009f8       0x80 ..\obj\NetWork.o
 .debug_ranges  0x00000a78       0x60 ..\obj\IRScanner.o
 .debug_ranges  0x00000ad8       0x50 ..\obj\IR.o

.debug_str      0x00000000     0x34cc
 .debug_str     0x00000000      0x32e ..\obj\microrl.o
                                0x386 (size before relaxing)
 .debug_str     0x0000032e      0x6fd ..\obj\PlcTimers.o
                                0x79e (size before relaxing)
 .debug_str     0x00000a2b      0xa8c ..\obj\stm32f10x_tim.o
                                0xd3f (size before relaxing)
 .debug_str     0x000014b7      0x167 ..\obj\core_cm3.o
                                0x22e (size before relaxing)
 .debug_str     0x0000161e      0x113 ..\obj\system_stm32f10x.o
                                0x241 (size before relaxing)
 .debug_str     0x00001731       0xb5 ..\obj\startup_stm32f10x_hd.o
                                 0xe0 (size before relaxing)
 .debug_str     0x000017e6       0x4f ..\obj\Crc.o
                                 0xfd (size before relaxing)
 .debug_str     0x00001835      0x383 ..\obj\stm32f10x_gpio.o
                                0x47b (size before relaxing)
 .debug_str     0x00001bb8      0x46e ..\obj\main.o
                                0xbfe (size before relaxing)
 .debug_str     0x00002026       0xa6 ..\obj\Terminal.o
                                0x20c (size before relaxing)
 .debug_str     0x000020cc      0x4a5 ..\obj\printf.o
                                0x653 (size before relaxing)
 .debug_str     0x00002571      0x3ed ..\obj\stm32f10x_rcc.o
                                0x57c (size before relaxing)
 .debug_str     0x0000295e      0x1d7 ..\obj\stm32f10x_exti.o
                                0x2c0 (size before relaxing)
 .debug_str     0x00002b35      0x3ae ..\obj\stm32f10x_usart.o
                                0x5f2 (size before relaxing)
 .debug_str     0x00002ee3      0x14c ..\obj\syscalls.o
                                0x255 (size before relaxing)
 .debug_str     0x0000302f       0x73 ..\obj\RingBuffer.o
                                0x13d (size before relaxing)
 .debug_str     0x000030a2      0x160 ..\obj\NetWork.o
                                0x9ed (size before relaxing)
 .debug_str     0x00003202      0x197 ..\obj\IRScanner.o
                                0xb74 (size before relaxing)
 .debug_str     0x00003399      0x133 ..\obj\IR.o
                                0x290 (size before relaxing)

.comment        0x00000000       0x11
 .comment       0x00000000       0x11 ..\obj\microrl.o
                                 0x12 (size before relaxing)
 .comment       0x00000000       0x12 ..\obj\PlcTimers.o
 .comment       0x00000000       0x12 ..\obj\stm32f10x_tim.o
 .comment       0x00000000       0x12 ..\obj\core_cm3.o
 .comment       0x00000000       0x12 ..\obj\system_stm32f10x.o
 .comment       0x00000000       0x12 ..\obj\startup_stm32f10x_hd.o
 .comment       0x00000000       0x12 ..\obj\Crc.o
 .comment       0x00000000       0x12 ..\obj\stm32f10x_gpio.o
 .comment       0x00000000       0x12 ..\obj\main.o
 .comment       0x00000000       0x12 ..\obj\Terminal.o
 .comment       0x00000000       0x12 ..\obj\printf.o
 .comment       0x00000000       0x12 ..\obj\stm32f10x_rcc.o
 .comment       0x00000000       0x12 ..\obj\stm32f10x_exti.o
 .comment       0x00000000       0x12 ..\obj\stm32f10x_usart.o
 .comment       0x00000000       0x12 ..\obj\syscalls.o
 .comment       0x00000000       0x12 ..\obj\RingBuffer.o
 .comment       0x00000000       0x12 ..\obj\NetWork.o
 .comment       0x00000000       0x12 ..\obj\IRScanner.o
 .comment       0x00000000       0x12 ..\obj\IR.o

.ARM.attributes
                0x00000000       0x31
 .ARM.attributes
                0x00000000       0x31 ..\obj\microrl.o
 .ARM.attributes
                0x00000031       0x31 ..\obj\PlcTimers.o
 .ARM.attributes
                0x00000062       0x31 ..\obj\stm32f10x_tim.o
 .ARM.attributes
                0x00000093       0x31 ..\obj\core_cm3.o
 .ARM.attributes
                0x000000c4       0x31 ..\obj\system_stm32f10x.o
 .ARM.attributes
                0x000000f5       0x31 ..\obj\startup_stm32f10x_hd.o
 .ARM.attributes
                0x00000126       0x31 ..\obj\Crc.o
 .ARM.attributes
                0x00000157       0x31 ..\obj\stm32f10x_gpio.o
 .ARM.attributes
                0x00000188       0x31 ..\obj\main.o
 .ARM.attributes
                0x000001b9       0x31 ..\obj\Terminal.o
 .ARM.attributes
                0x000001ea       0x31 ..\obj\printf.o
 .ARM.attributes
                0x0000021b       0x31 ..\obj\stm32f10x_rcc.o
 .ARM.attributes
                0x0000024c       0x31 ..\obj\stm32f10x_exti.o
 .ARM.attributes
                0x0000027d       0x31 ..\obj\stm32f10x_usart.o
 .ARM.attributes
                0x000002ae       0x31 ..\obj\syscalls.o
 .ARM.attributes
                0x000002df       0x31 ..\obj\RingBuffer.o
 .ARM.attributes
                0x00000310       0x31 ..\obj\NetWork.o
 .ARM.attributes
                0x00000341       0x31 ..\obj\IRScanner.o
 .ARM.attributes
                0x00000372       0x31 ..\obj\IR.o
 .ARM.attributes
                0x000003a3       0x29 c:/coocox/coide/gcc/bin/../lib/gcc/arm-none-eabi/4.5.2/../../../../arm-none-eabi/lib/thumb2\libc.a(lib_a-atoi.o)
 .ARM.attributes
                0x000003cc       0x29 c:/coocox/coide/gcc/bin/../lib/gcc/arm-none-eabi/4.5.2/../../../../arm-none-eabi/lib/thumb2\libc.a(lib_a-calloc.o)
 .ARM.attributes
                0x000003f5       0x29 c:/coocox/coide/gcc/bin/../lib/gcc/arm-none-eabi/4.5.2/../../../../arm-none-eabi/lib/thumb2\libc.a(lib_a-callocr.o)
 .ARM.attributes
                0x0000041e       0x29 c:/coocox/coide/gcc/bin/../lib/gcc/arm-none-eabi/4.5.2/../../../../arm-none-eabi/lib/thumb2\libc.a(lib_a-mallocr.o)
 .ARM.attributes
                0x00000447       0x29 c:/coocox/coide/gcc/bin/../lib/gcc/arm-none-eabi/4.5.2/../../../../arm-none-eabi/lib/thumb2\libc.a(lib_a-memcpy.o)
 .ARM.attributes
                0x00000470       0x29 c:/coocox/coide/gcc/bin/../lib/gcc/arm-none-eabi/4.5.2/../../../../arm-none-eabi/lib/thumb2\libc.a(lib_a-memmove.o)
 .ARM.attributes
                0x00000499       0x29 c:/coocox/coide/gcc/bin/../lib/gcc/arm-none-eabi/4.5.2/../../../../arm-none-eabi/lib/thumb2\libc.a(lib_a-memset.o)
 .ARM.attributes
                0x000004c2       0x29 c:/coocox/coide/gcc/bin/../lib/gcc/arm-none-eabi/4.5.2/../../../../arm-none-eabi/lib/thumb2\libc.a(lib_a-mlock.o)
 .ARM.attributes
                0x000004eb       0x29 c:/coocox/coide/gcc/bin/../lib/gcc/arm-none-eabi/4.5.2/../../../../arm-none-eabi/lib/thumb2\libc.a(lib_a-sbrkr.o)
 .ARM.attributes
                0x00000514       0x29 c:/coocox/coide/gcc/bin/../lib/gcc/arm-none-eabi/4.5.2/../../../../arm-none-eabi/lib/thumb2\libc.a(lib_a-strcmp.o)
 .ARM.attributes
                0x0000053d       0x29 c:/coocox/coide/gcc/bin/../lib/gcc/arm-none-eabi/4.5.2/../../../../arm-none-eabi/lib/thumb2\libc.a(lib_a-strlen.o)
 .ARM.attributes
                0x00000566       0x29 c:/coocox/coide/gcc/bin/../lib/gcc/arm-none-eabi/4.5.2/../../../../arm-none-eabi/lib/thumb2\libc.a(lib_a-strstr.o)
 .ARM.attributes
                0x0000058f       0x29 c:/coocox/coide/gcc/bin/../lib/gcc/arm-none-eabi/4.5.2/../../../../arm-none-eabi/lib/thumb2\libc.a(lib_a-strtol.o)
 .ARM.attributes
                0x000005b8       0x29 c:/coocox/coide/gcc/bin/../lib/gcc/arm-none-eabi/4.5.2/../../../../arm-none-eabi/lib/thumb2\libc.a(lib_a-ctype_.o)
 .ARM.attributes
                0x000005e1       0x29 c:/coocox/coide/gcc/bin/../lib/gcc/arm-none-eabi/4.5.2/../../../../arm-none-eabi/lib/thumb2\libc.a(lib_a-freer.o)
 .ARM.attributes
                0x0000060a       0x29 c:/coocox/coide/gcc/bin/../lib/gcc/arm-none-eabi/4.5.2/../../../../arm-none-eabi/lib/thumb2\libc.a(lib_a-memchr.o)
 .ARM.attributes
                0x00000633       0x29 c:/coocox/coide/gcc/bin/../lib/gcc/arm-none-eabi/4.5.2/../../../../arm-none-eabi/lib/thumb2\libc.a(lib_a-memcmp.o)
 .ARM.attributes
                0x0000065c       0x29 c:/coocox/coide/gcc/bin/../lib/gcc/arm-none-eabi/4.5.2/../../../../arm-none-eabi/lib/thumb2\libc.a(lib_a-reent.o)
 .ARM.attributes
                0x00000685       0x29 c:/coocox/coide/gcc/bin/../lib/gcc/arm-none-eabi/4.5.2/../../../../arm-none-eabi/lib/thumb2\libc.a(lib_a-strchr.o)
 .ARM.attributes
                0x000006ae       0x1b c:/coocox/coide/gcc/bin/../lib/gcc/arm-none-eabi/4.5.2/thumb2\libgcc.a(_udivsi3.o)
 .ARM.attributes
                0x000006c9       0x1b c:/coocox/coide/gcc/bin/../lib/gcc/arm-none-eabi/4.5.2/thumb2\libgcc.a(_dvmd_tls.o)

.debug_frame    0x00000000     0x2aac
 .debug_frame   0x00000000      0x2b8 ..\obj\microrl.o
 .debug_frame   0x000002b8      0x100 ..\obj\PlcTimers.o
 .debug_frame   0x000003b8      0xa20 ..\obj\stm32f10x_tim.o
 .debug_frame   0x00000dd8      0x280 ..\obj\core_cm3.o
 .debug_frame   0x00001058       0x80 ..\obj\system_stm32f10x.o
 .debug_frame   0x000010d8       0x48 ..\obj\startup_stm32f10x_hd.o
 .debug_frame   0x00001120       0x2c ..\obj\Crc.o
 .debug_frame   0x0000114c      0x210 ..\obj\stm32f10x_gpio.o
 .debug_frame   0x0000135c      0x2b8 ..\obj\main.o
 .debug_frame   0x00001614       0xc4 ..\obj\Terminal.o
 .debug_frame   0x000016d8      0x248 ..\obj\printf.o
 .debug_frame   0x00001920      0x388 ..\obj\stm32f10x_rcc.o
 .debug_frame   0x00001ca8       0xec ..\obj\stm32f10x_exti.o
 .debug_frame   0x00001d94      0x344 ..\obj\stm32f10x_usart.o
 .debug_frame   0x000020d8      0x108 ..\obj\syscalls.o
 .debug_frame   0x000021e0       0xbc ..\obj\RingBuffer.o
 .debug_frame   0x0000229c      0x170 ..\obj\NetWork.o
 .debug_frame   0x0000240c      0x15c ..\obj\IRScanner.o
 .debug_frame   0x00002568      0x118 ..\obj\IR.o
 .debug_frame   0x00002680       0x30 c:/coocox/coide/gcc/bin/../lib/gcc/arm-none-eabi/4.5.2/../../../../arm-none-eabi/lib/thumb2\libc.a(lib_a-atoi.o)
 .debug_frame   0x000026b0       0x20 c:/coocox/coide/gcc/bin/../lib/gcc/arm-none-eabi/4.5.2/../../../../arm-none-eabi/lib/thumb2\libc.a(lib_a-calloc.o)
 .debug_frame   0x000026d0       0x2c c:/coocox/coide/gcc/bin/../lib/gcc/arm-none-eabi/4.5.2/../../../../arm-none-eabi/lib/thumb2\libc.a(lib_a-callocr.o)
 .debug_frame   0x000026fc       0x3c c:/coocox/coide/gcc/bin/../lib/gcc/arm-none-eabi/4.5.2/../../../../arm-none-eabi/lib/thumb2\libc.a(lib_a-mallocr.o)
 .debug_frame   0x00002738       0x30 c:/coocox/coide/gcc/bin/../lib/gcc/arm-none-eabi/4.5.2/../../../../arm-none-eabi/lib/thumb2\libc.a(lib_a-memcpy.o)
 .debug_frame   0x00002768       0x2c c:/coocox/coide/gcc/bin/../lib/gcc/arm-none-eabi/4.5.2/../../../../arm-none-eabi/lib/thumb2\libc.a(lib_a-memmove.o)
 .debug_frame   0x00002794       0x2c c:/coocox/coide/gcc/bin/../lib/gcc/arm-none-eabi/4.5.2/../../../../arm-none-eabi/lib/thumb2\libc.a(lib_a-memset.o)
 .debug_frame   0x000027c0       0x30 c:/coocox/coide/gcc/bin/../lib/gcc/arm-none-eabi/4.5.2/../../../../arm-none-eabi/lib/thumb2\libc.a(lib_a-mlock.o)
 .debug_frame   0x000027f0       0x2c c:/coocox/coide/gcc/bin/../lib/gcc/arm-none-eabi/4.5.2/../../../../arm-none-eabi/lib/thumb2\libc.a(lib_a-sbrkr.o)
 .debug_frame   0x0000281c       0x30 c:/coocox/coide/gcc/bin/../lib/gcc/arm-none-eabi/4.5.2/../../../../arm-none-eabi/lib/thumb2\libc.a(lib_a-strcmp.o)
 .debug_frame   0x0000284c       0x20 c:/coocox/coide/gcc/bin/../lib/gcc/arm-none-eabi/4.5.2/../../../../arm-none-eabi/lib/thumb2\libc.a(lib_a-strlen.o)
 .debug_frame   0x0000286c       0x90 c:/coocox/coide/gcc/bin/../lib/gcc/arm-none-eabi/4.5.2/../../../../arm-none-eabi/lib/thumb2\libc.a(lib_a-strstr.o)
 .debug_frame   0x000028fc       0x54 c:/coocox/coide/gcc/bin/../lib/gcc/arm-none-eabi/4.5.2/../../../../arm-none-eabi/lib/thumb2\libc.a(lib_a-strtol.o)
 .debug_frame   0x00002950       0x50 c:/coocox/coide/gcc/bin/../lib/gcc/arm-none-eabi/4.5.2/../../../../arm-none-eabi/lib/thumb2\libc.a(lib_a-freer.o)
 .debug_frame   0x000029a0       0x2c c:/coocox/coide/gcc/bin/../lib/gcc/arm-none-eabi/4.5.2/../../../../arm-none-eabi/lib/thumb2\libc.a(lib_a-memchr.o)
 .debug_frame   0x000029cc       0x2c c:/coocox/coide/gcc/bin/../lib/gcc/arm-none-eabi/4.5.2/../../../../arm-none-eabi/lib/thumb2\libc.a(lib_a-memcmp.o)
 .debug_frame   0x000029f8       0x68 c:/coocox/coide/gcc/bin/../lib/gcc/arm-none-eabi/4.5.2/../../../../arm-none-eabi/lib/thumb2\libc.a(lib_a-reent.o)
 .debug_frame   0x00002a60       0x2c c:/coocox/coide/gcc/bin/../lib/gcc/arm-none-eabi/4.5.2/../../../../arm-none-eabi/lib/thumb2\libc.a(lib_a-strchr.o)
 .debug_frame   0x00002a8c       0x20 c:/coocox/coide/gcc/bin/../lib/gcc/arm-none-eabi/4.5.2/thumb2\libgcc.a(_udivsi3.o)
