Archive member included because of file (symbol)

c:/coocox/coide/gcc/bin/../lib/gcc/arm-none-eabi/4.5.2/../../../../arm-none-eabi/lib/thumb2\libc.a(lib_a-atoi.o)
                              ..\obj\Terminal.o (atoi)
c:/coocox/coide/gcc/bin/../lib/gcc/arm-none-eabi/4.5.2/../../../../arm-none-eabi/lib/thumb2\libc.a(lib_a-calloc.o)
                              ..\obj\RingBuffer.o (calloc)
c:/coocox/coide/gcc/bin/../lib/gcc/arm-none-eabi/4.5.2/../../../../arm-none-eabi/lib/thumb2\libc.a(lib_a-callocr.o)
                              c:/coocox/coide/gcc/bin/../lib/gcc/arm-none-eabi/4.5.2/../../../../arm-none-eabi/lib/thumb2\libc.a(lib_a-calloc.o) (_calloc_r)
c:/coocox/coide/gcc/bin/../lib/gcc/arm-none-eabi/4.5.2/../../../../arm-none-eabi/lib/thumb2\libc.a(lib_a-mallocr.o)
                              c:/coocox/coide/gcc/bin/../lib/gcc/arm-none-eabi/4.5.2/../../../../arm-none-eabi/lib/thumb2\libc.a(lib_a-callocr.o) (_malloc_r)
c:/coocox/coide/gcc/bin/../lib/gcc/arm-none-eabi/4.5.2/../../../../arm-none-eabi/lib/thumb2\libc.a(lib_a-memcpy.o)
                              ..\obj\microrl.o (memcpy)
c:/coocox/coide/gcc/bin/../lib/gcc/arm-none-eabi/4.5.2/../../../../arm-none-eabi/lib/thumb2\libc.a(lib_a-memmove.o)
                              ..\obj\microrl.o (memmove)
c:/coocox/coide/gcc/bin/../lib/gcc/arm-none-eabi/4.5.2/../../../../arm-none-eabi/lib/thumb2\libc.a(lib_a-memset.o)
                              ..\obj\microrl.o (memset)
c:/coocox/coide/gcc/bin/../lib/gcc/arm-none-eabi/4.5.2/../../../../arm-none-eabi/lib/thumb2\libc.a(lib_a-mlock.o)
                              c:/coocox/coide/gcc/bin/../lib/gcc/arm-none-eabi/4.5.2/../../../../arm-none-eabi/lib/thumb2\libc.a(lib_a-mallocr.o) (__malloc_lock)
c:/coocox/coide/gcc/bin/../lib/gcc/arm-none-eabi/4.5.2/../../../../arm-none-eabi/lib/thumb2\libc.a(lib_a-sbrkr.o)
                              c:/coocox/coide/gcc/bin/../lib/gcc/arm-none-eabi/4.5.2/../../../../arm-none-eabi/lib/thumb2\libc.a(lib_a-mallocr.o) (_sbrk_r)
c:/coocox/coide/gcc/bin/../lib/gcc/arm-none-eabi/4.5.2/../../../../arm-none-eabi/lib/thumb2\libc.a(lib_a-strcmp.o)
                              ..\obj\Terminal.o (strcmp)
c:/coocox/coide/gcc/bin/../lib/gcc/arm-none-eabi/4.5.2/../../../../arm-none-eabi/lib/thumb2\libc.a(lib_a-strlen.o)
                              ..\obj\microrl.o (strlen)
c:/coocox/coide/gcc/bin/../lib/gcc/arm-none-eabi/4.5.2/../../../../arm-none-eabi/lib/thumb2\libc.a(lib_a-strstr.o)
                              ..\obj\Terminal.o (strstr)
c:/coocox/coide/gcc/bin/../lib/gcc/arm-none-eabi/4.5.2/../../../../arm-none-eabi/lib/thumb2\libc.a(lib_a-strtol.o)
                              c:/coocox/coide/gcc/bin/../lib/gcc/arm-none-eabi/4.5.2/../../../../arm-none-eabi/lib/thumb2\libc.a(lib_a-atoi.o) (_strtol_r)
c:/coocox/coide/gcc/bin/../lib/gcc/arm-none-eabi/4.5.2/../../../../arm-none-eabi/lib/thumb2\libc.a(lib_a-ctype_.o)
                              c:/coocox/coide/gcc/bin/../lib/gcc/arm-none-eabi/4.5.2/../../../../arm-none-eabi/lib/thumb2\libc.a(lib_a-strtol.o) (__ctype_ptr__)
c:/coocox/coide/gcc/bin/../lib/gcc/arm-none-eabi/4.5.2/../../../../arm-none-eabi/lib/thumb2\libc.a(lib_a-freer.o)
                              c:/coocox/coide/gcc/bin/../lib/gcc/arm-none-eabi/4.5.2/../../../../arm-none-eabi/lib/thumb2\libc.a(lib_a-mallocr.o) (_free_r)
c:/coocox/coide/gcc/bin/../lib/gcc/arm-none-eabi/4.5.2/../../../../arm-none-eabi/lib/thumb2\libc.a(lib_a-memchr.o)
                              c:/coocox/coide/gcc/bin/../lib/gcc/arm-none-eabi/4.5.2/../../../../arm-none-eabi/lib/thumb2\libc.a(lib_a-strstr.o) (memchr)
c:/coocox/coide/gcc/bin/../lib/gcc/arm-none-eabi/4.5.2/../../../../arm-none-eabi/lib/thumb2\libc.a(lib_a-memcmp.o)
                              c:/coocox/coide/gcc/bin/../lib/gcc/arm-none-eabi/4.5.2/../../../../arm-none-eabi/lib/thumb2\libc.a(lib_a-strstr.o) (memcmp)
c:/coocox/coide/gcc/bin/../lib/gcc/arm-none-eabi/4.5.2/../../../../arm-none-eabi/lib/thumb2\libc.a(lib_a-reent.o)
                              c:/coocox/coide/gcc/bin/../lib/gcc/arm-none-eabi/4.5.2/../../../../arm-none-eabi/lib/thumb2\libc.a(lib_a-sbrkr.o) (errno)
c:/coocox/coide/gcc/bin/../lib/gcc/arm-none-eabi/4.5.2/../../../../arm-none-eabi/lib/thumb2\libc.a(lib_a-strchr.o)
                              c:/coocox/coide/gcc/bin/../lib/gcc/arm-none-eabi/4.5.2/../../../../arm-none-eabi/lib/thumb2\libc.a(lib_a-strstr.o) (strchr)
c:/coocox/coide/gcc/bin/../lib/gcc/arm-none-eabi/4.5.2/thumb2\libgcc.a(_udivsi3.o)
                              c:/coocox/coide/gcc/bin/../lib/gcc/arm-none-eabi/4.5.2/../../../../arm-none-eabi/lib/thumb2\libc.a(lib_a-strtol.o) (__aeabi_uidiv)
c:/coocox/coide/gcc/bin/../lib/gcc/arm-none-eabi/4.5.2/thumb2\libgcc.a(_dvmd_tls.o)
                              c:/coocox/coide/gcc/bin/../lib/gcc/arm-none-eabi/4.5.2/thumb2\libgcc.a(_udivsi3.o) (__aeabi_idiv0)

Allocating common symbols
Common symbol       size              file

compl_world         0x24              ..\obj\Terminal.o
errno               0x4               c:/coocox/coide/gcc/bin/../lib/gcc/arm-none-eabi/4.5.2/../../../../arm-none-eabi/lib/thumb2\libc.a(lib_a-reent.o)
IrCodes             0x1000            ..\obj\main.o

Discarded input sections

 .text          0x00000000        0x0 ..\obj\microrl.o
 .text          0x00000000        0x0 ..\obj\PlcTimers.o
 .data          0x00000000        0x0 ..\obj\PlcTimers.o
 .text.IsTimeout
                0x00000000       0x24 ..\obj\PlcTimers.o
 .text          0x00000000        0x0 ..\obj\stm32f10x_tim.o
 .data          0x00000000        0x0 ..\obj\stm32f10x_tim.o
 .bss           0x00000000        0x0 ..\obj\stm32f10x_tim.o
 .text.TIM_DeInit
                0x00000000      0x290 ..\obj\stm32f10x_tim.o
 .text.TIM_OC1Init
                0x00000000      0x12c ..\obj\stm32f10x_tim.o
 .text.TIM_OC2Init
                0x00000000      0x130 ..\obj\stm32f10x_tim.o
 .text.TIM_OC3Init
                0x00000000      0x12c ..\obj\stm32f10x_tim.o
 .text.TIM_OC4Init
                0x00000000       0xe4 ..\obj\stm32f10x_tim.o
 .text.TIM_ICInit
                0x00000000       0xa8 ..\obj\stm32f10x_tim.o
 .text.TIM_BDTRConfig
                0x00000000       0x5c ..\obj\stm32f10x_tim.o
 .text.TIM_TimeBaseStructInit
                0x00000000       0x3c ..\obj\stm32f10x_tim.o
 .text.TIM_OCStructInit
                0x00000000       0x54 ..\obj\stm32f10x_tim.o
 .text.TIM_ICStructInit
                0x00000000       0x3c ..\obj\stm32f10x_tim.o
 .text.TIM_BDTRStructInit
                0x00000000       0x4c ..\obj\stm32f10x_tim.o
 .text.TIM_CtrlPWMOutputs
                0x00000000       0x50 ..\obj\stm32f10x_tim.o
 .text.TIM_GenerateEvent
                0x00000000       0x1c ..\obj\stm32f10x_tim.o
 .text.TIM_DMAConfig
                0x00000000       0x2c ..\obj\stm32f10x_tim.o
 .text.TIM_DMACmd
                0x00000000       0x4c ..\obj\stm32f10x_tim.o
 .text.TIM_InternalClockConfig
                0x00000000       0x24 ..\obj\stm32f10x_tim.o
 .text.TIM_ITRxExternalClockConfig
                0x00000000       0x30 ..\obj\stm32f10x_tim.o
 .text.TIM_TIxExternalClockConfig
                0x00000000       0x58 ..\obj\stm32f10x_tim.o
 .text.TIM_ETRClockMode1Config
                0x00000000       0x54 ..\obj\stm32f10x_tim.o
 .text.TIM_ETRClockMode2Config
                0x00000000       0x34 ..\obj\stm32f10x_tim.o
 .text.TIM_ETRConfig
                0x00000000       0x54 ..\obj\stm32f10x_tim.o
 .text.TIM_PrescalerConfig
                0x00000000       0x28 ..\obj\stm32f10x_tim.o
 .text.TIM_CounterModeConfig
                0x00000000       0x3c ..\obj\stm32f10x_tim.o
 .text.TIM_EncoderInterfaceConfig
                0x00000000       0x98 ..\obj\stm32f10x_tim.o
 .text.TIM_ForcedOC1Config
                0x00000000       0x3c ..\obj\stm32f10x_tim.o
 .text.TIM_ForcedOC2Config
                0x00000000       0x40 ..\obj\stm32f10x_tim.o
 .text.TIM_ForcedOC3Config
                0x00000000       0x3c ..\obj\stm32f10x_tim.o
 .text.TIM_ForcedOC4Config
                0x00000000       0x40 ..\obj\stm32f10x_tim.o
 .text.TIM_ARRPreloadConfig
                0x00000000       0x40 ..\obj\stm32f10x_tim.o
 .text.TIM_SelectCOM
                0x00000000       0x40 ..\obj\stm32f10x_tim.o
 .text.TIM_SelectCCDMA
                0x00000000       0x40 ..\obj\stm32f10x_tim.o
 .text.TIM_CCPreloadControl
                0x00000000       0x40 ..\obj\stm32f10x_tim.o
 .text.TIM_OC1PreloadConfig
                0x00000000       0x3c ..\obj\stm32f10x_tim.o
 .text.TIM_OC2PreloadConfig
                0x00000000       0x40 ..\obj\stm32f10x_tim.o
 .text.TIM_OC3PreloadConfig
                0x00000000       0x3c ..\obj\stm32f10x_tim.o
 .text.TIM_OC4PreloadConfig
                0x00000000       0x40 ..\obj\stm32f10x_tim.o
 .text.TIM_OC1FastConfig
                0x00000000       0x3c ..\obj\stm32f10x_tim.o
 .text.TIM_OC2FastConfig
                0x00000000       0x40 ..\obj\stm32f10x_tim.o
 .text.TIM_OC3FastConfig
                0x00000000       0x3c ..\obj\stm32f10x_tim.o
 .text.TIM_OC4FastConfig
                0x00000000       0x40 ..\obj\stm32f10x_tim.o
 .text.TIM_ClearOC1Ref
                0x00000000       0x3c ..\obj\stm32f10x_tim.o
 .text.TIM_ClearOC2Ref
                0x00000000       0x44 ..\obj\stm32f10x_tim.o
 .text.TIM_ClearOC3Ref
                0x00000000       0x3c ..\obj\stm32f10x_tim.o
 .text.TIM_ClearOC4Ref
                0x00000000       0x44 ..\obj\stm32f10x_tim.o
 .text.TIM_OC1PolarityConfig
                0x00000000       0x3c ..\obj\stm32f10x_tim.o
 .text.TIM_OC1NPolarityConfig
                0x00000000       0x3c ..\obj\stm32f10x_tim.o
 .text.TIM_OC2PolarityConfig
                0x00000000       0x40 ..\obj\stm32f10x_tim.o
 .text.TIM_OC2NPolarityConfig
                0x00000000       0x40 ..\obj\stm32f10x_tim.o
 .text.TIM_OC3PolarityConfig
                0x00000000       0x40 ..\obj\stm32f10x_tim.o
 .text.TIM_OC3NPolarityConfig
                0x00000000       0x40 ..\obj\stm32f10x_tim.o
 .text.TIM_OC4PolarityConfig
                0x00000000       0x40 ..\obj\stm32f10x_tim.o
 .text.TIM_CCxCmd
                0x00000000       0x60 ..\obj\stm32f10x_tim.o
 .text.TIM_CCxNCmd
                0x00000000       0x60 ..\obj\stm32f10x_tim.o
 .text.TIM_SelectOCxM
                0x00000000       0xc0 ..\obj\stm32f10x_tim.o
 .text.TIM_UpdateDisableConfig
                0x00000000       0x40 ..\obj\stm32f10x_tim.o
 .text.TIM_UpdateRequestConfig
                0x00000000       0x40 ..\obj\stm32f10x_tim.o
 .text.TIM_SelectHallSensor
                0x00000000       0x40 ..\obj\stm32f10x_tim.o
 .text.TIM_SelectOnePulseMode
                0x00000000       0x38 ..\obj\stm32f10x_tim.o
 .text.TIM_SelectOutputTrigger
                0x00000000       0x38 ..\obj\stm32f10x_tim.o
 .text.TIM_SetAutoreload
                0x00000000       0x1c ..\obj\stm32f10x_tim.o
 .text.TIM_SetCompare1
                0x00000000       0x1c ..\obj\stm32f10x_tim.o
 .text.TIM_SetCompare2
                0x00000000       0x1c ..\obj\stm32f10x_tim.o
 .text.TIM_SetCompare3
                0x00000000       0x1c ..\obj\stm32f10x_tim.o
 .text.TIM_SetCompare4
                0x00000000       0x20 ..\obj\stm32f10x_tim.o
 .text.TIM_SetIC3Prescaler
                0x00000000       0x38 ..\obj\stm32f10x_tim.o
 .text.TIM_SetIC4Prescaler
                0x00000000       0x40 ..\obj\stm32f10x_tim.o
 .text.TIM_SetClockDivision
                0x00000000       0x38 ..\obj\stm32f10x_tim.o
 .text.TIM_GetCapture1
                0x00000000       0x1c ..\obj\stm32f10x_tim.o
 .text.TIM_GetCapture3
                0x00000000       0x1c ..\obj\stm32f10x_tim.o
 .text.TIM_GetCapture4
                0x00000000       0x1c ..\obj\stm32f10x_tim.o
 .text.TIM_GetPrescaler
                0x00000000       0x1c ..\obj\stm32f10x_tim.o
 .text.TIM_GetFlagStatus
                0x00000000       0x40 ..\obj\stm32f10x_tim.o
 .text.TIM_ClearFlag
                0x00000000       0x24 ..\obj\stm32f10x_tim.o
 .text.TI3_Config
                0x00000000       0xf0 ..\obj\stm32f10x_tim.o
 .text.TI4_Config
                0x00000000      0x108 ..\obj\stm32f10x_tim.o
 .text          0x00000000        0x0 ..\obj\core_cm3.o
 .data          0x00000000        0x0 ..\obj\core_cm3.o
 .bss           0x00000000        0x0 ..\obj\core_cm3.o
 .text.__get_PSP
                0x00000000       0x10 ..\obj\core_cm3.o
 .text.__set_PSP
                0x00000000        0x8 ..\obj\core_cm3.o
 .text.__get_MSP
                0x00000000       0x10 ..\obj\core_cm3.o
 .text.__set_MSP
                0x00000000        0x8 ..\obj\core_cm3.o
 .text.__get_BASEPRI
                0x00000000       0x20 ..\obj\core_cm3.o
 .text.__set_BASEPRI
                0x00000000       0x18 ..\obj\core_cm3.o
 .text.__get_PRIMASK
                0x00000000       0x20 ..\obj\core_cm3.o
 .text.__set_PRIMASK
                0x00000000       0x18 ..\obj\core_cm3.o
 .text.__get_FAULTMASK
                0x00000000       0x20 ..\obj\core_cm3.o
 .text.__set_FAULTMASK
                0x00000000       0x18 ..\obj\core_cm3.o
 .text.__get_CONTROL
                0x00000000       0x20 ..\obj\core_cm3.o
 .text.__set_CONTROL
                0x00000000       0x18 ..\obj\core_cm3.o
 .text.__REV    0x00000000       0x24 ..\obj\core_cm3.o
 .text.__REV16  0x00000000       0x24 ..\obj\core_cm3.o
 .text.__REVSH  0x00000000       0x24 ..\obj\core_cm3.o
 .text.__RBIT   0x00000000       0x24 ..\obj\core_cm3.o
 .text.__LDREXB
                0x00000000       0x24 ..\obj\core_cm3.o
 .text.__LDREXH
                0x00000000       0x24 ..\obj\core_cm3.o
 .text.__STREXB
                0x00000000       0x2c ..\obj\core_cm3.o
 .text.__STREXH
                0x00000000       0x2c ..\obj\core_cm3.o
 .text          0x00000000        0x0 ..\obj\system_stm32f10x.o
 .bss           0x00000000        0x0 ..\obj\system_stm32f10x.o
 .text.SystemCoreClockUpdate
                0x00000000       0xe4 ..\obj\system_stm32f10x.o
 .text          0x00000000        0x0 ..\obj\startup_stm32f10x_hd.o
 .data          0x00000000        0x0 ..\obj\startup_stm32f10x_hd.o
 .bss           0x00000000        0x0 ..\obj\startup_stm32f10x_hd.o
 .text          0x00000000        0x0 ..\obj\Crc.o
 .data          0x00000000        0x0 ..\obj\Crc.o
 .bss           0x00000000        0x0 ..\obj\Crc.o
 .rodata        0x00000000      0x200 ..\obj\Crc.o
 .text.Crc16    0x00000000       0x68 ..\obj\Crc.o
 .text          0x00000000        0x0 ..\obj\stm32f10x_gpio.o
 .data          0x00000000        0x0 ..\obj\stm32f10x_gpio.o
 .bss           0x00000000        0x0 ..\obj\stm32f10x_gpio.o
 .text.GPIO_DeInit
                0x00000000      0x118 ..\obj\stm32f10x_gpio.o
 .text.GPIO_AFIODeInit
                0x00000000       0x20 ..\obj\stm32f10x_gpio.o
 .text.GPIO_ReadInputDataBit
                0x00000000       0x3c ..\obj\stm32f10x_gpio.o
 .text.GPIO_ReadInputData
                0x00000000       0x1c ..\obj\stm32f10x_gpio.o
 .text.GPIO_ReadOutputDataBit
                0x00000000       0x3c ..\obj\stm32f10x_gpio.o
 .text.GPIO_ReadOutputData
                0x00000000       0x1c ..\obj\stm32f10x_gpio.o
 .text.GPIO_SetBits
                0x00000000       0x1c ..\obj\stm32f10x_gpio.o
 .text.GPIO_ResetBits
                0x00000000       0x1c ..\obj\stm32f10x_gpio.o
 .text.GPIO_WriteBit
                0x00000000       0x30 ..\obj\stm32f10x_gpio.o
 .text.GPIO_Write
                0x00000000       0x1c ..\obj\stm32f10x_gpio.o
 .text.GPIO_PinLockConfig
                0x00000000       0x44 ..\obj\stm32f10x_gpio.o
 .text.GPIO_EventOutputConfig
                0x00000000       0x54 ..\obj\stm32f10x_gpio.o
 .text.GPIO_EventOutputCmd
                0x00000000       0x20 ..\obj\stm32f10x_gpio.o
 .text.GPIO_ETH_MediaInterfaceConfig
                0x00000000       0x1c ..\obj\stm32f10x_gpio.o
 .text          0x00000000        0x0 ..\obj\main.o
 .text.PowerLedOn
                0x00000000       0x1c ..\obj\main.o
 .text.NetworkLedOn
                0x00000000       0x1c ..\obj\main.o
 .text.NetworkLedInv
                0x00000000       0x1c ..\obj\main.o
 .text.GetJumpersValue
                0x00000000       0xb0 ..\obj\main.o
 .text          0x00000000        0x0 ..\obj\Terminal.o
 .bss           0x00000000        0x0 ..\obj\Terminal.o
 .text.get_char
                0x00000000       0x28 ..\obj\Terminal.o
 .text          0x00000000        0x0 ..\obj\printf.o
 .bss           0x00000000        0x0 ..\obj\printf.o
 .text.fprintf  0x00000000       0x30 ..\obj\printf.o
 .text.sprintf  0x00000000       0x30 ..\obj\printf.o
 .text.puts     0x00000000       0x28 ..\obj\printf.o
 .text          0x00000000        0x0 ..\obj\stm32f10x_rcc.o
 .bss           0x00000000        0x0 ..\obj\stm32f10x_rcc.o
 .text.RCC_DeInit
                0x00000000       0x5c ..\obj\stm32f10x_rcc.o
 .text.RCC_HSEConfig
                0x00000000       0x5c ..\obj\stm32f10x_rcc.o
 .text.RCC_WaitForHSEStartUp
                0x00000000       0x64 ..\obj\stm32f10x_rcc.o
 .text.RCC_AdjustHSICalibrationValue
                0x00000000       0x40 ..\obj\stm32f10x_rcc.o
 .text.RCC_HSICmd
                0x00000000       0x20 ..\obj\stm32f10x_rcc.o
 .text.RCC_PLLConfig
                0x00000000       0x44 ..\obj\stm32f10x_rcc.o
 .text.RCC_PLLCmd
                0x00000000       0x20 ..\obj\stm32f10x_rcc.o
 .text.RCC_SYSCLKConfig
                0x00000000       0x3c ..\obj\stm32f10x_rcc.o
 .text.RCC_GetSYSCLKSource
                0x00000000       0x1c ..\obj\stm32f10x_rcc.o
 .text.RCC_HCLKConfig
                0x00000000       0x3c ..\obj\stm32f10x_rcc.o
 .text.RCC_PCLK1Config
                0x00000000       0x3c ..\obj\stm32f10x_rcc.o
 .text.RCC_PCLK2Config
                0x00000000       0x40 ..\obj\stm32f10x_rcc.o
 .text.RCC_ITConfig
                0x00000000       0x50 ..\obj\stm32f10x_rcc.o
 .text.RCC_USBCLKConfig
                0x00000000       0x1c ..\obj\stm32f10x_rcc.o
 .text.RCC_ADCCLKConfig
                0x00000000       0x3c ..\obj\stm32f10x_rcc.o
 .text.RCC_LSEConfig
                0x00000000       0x48 ..\obj\stm32f10x_rcc.o
 .text.RCC_LSICmd
                0x00000000       0x20 ..\obj\stm32f10x_rcc.o
 .text.RCC_RTCCLKConfig
                0x00000000       0x24 ..\obj\stm32f10x_rcc.o
 .text.RCC_RTCCLKCmd
                0x00000000       0x20 ..\obj\stm32f10x_rcc.o
 .text.RCC_AHBPeriphClockCmd
                0x00000000       0x44 ..\obj\stm32f10x_rcc.o
 .text.RCC_APB2PeriphResetCmd
                0x00000000       0x44 ..\obj\stm32f10x_rcc.o
 .text.RCC_APB1PeriphResetCmd
                0x00000000       0x44 ..\obj\stm32f10x_rcc.o
 .text.RCC_BackupResetCmd
                0x00000000       0x20 ..\obj\stm32f10x_rcc.o
 .text.RCC_ClockSecuritySystemCmd
                0x00000000       0x20 ..\obj\stm32f10x_rcc.o
 .text.RCC_MCOConfig
                0x00000000       0x20 ..\obj\stm32f10x_rcc.o
 .text.RCC_GetFlagStatus
                0x00000000       0x84 ..\obj\stm32f10x_rcc.o
 .text.RCC_ClearFlag
                0x00000000       0x1c ..\obj\stm32f10x_rcc.o
 .text.RCC_GetITStatus
                0x00000000       0x40 ..\obj\stm32f10x_rcc.o
 .text.RCC_ClearITPendingBit
                0x00000000       0x20 ..\obj\stm32f10x_rcc.o
 .text          0x00000000        0x0 ..\obj\stm32f10x_exti.o
 .data          0x00000000        0x0 ..\obj\stm32f10x_exti.o
 .bss           0x00000000        0x0 ..\obj\stm32f10x_exti.o
 .text.EXTI_DeInit
                0x00000000       0x38 ..\obj\stm32f10x_exti.o
 .text.EXTI_StructInit
                0x00000000       0x34 ..\obj\stm32f10x_exti.o
 .text.EXTI_GenerateSWInterrupt
                0x00000000       0x24 ..\obj\stm32f10x_exti.o
 .text.EXTI_GetFlagStatus
                0x00000000       0x3c ..\obj\stm32f10x_exti.o
 .text.EXTI_GetITStatus
                0x00000000       0x54 ..\obj\stm32f10x_exti.o
 .text          0x00000000        0x0 ..\obj\stm32f10x_usart.o
 .data          0x00000000        0x0 ..\obj\stm32f10x_usart.o
 .bss           0x00000000        0x0 ..\obj\stm32f10x_usart.o
 .text.USART_DeInit
                0x00000000       0xcc ..\obj\stm32f10x_usart.o
 .text.USART_StructInit
                0x00000000       0x44 ..\obj\stm32f10x_usart.o
 .text.USART_ClockInit
                0x00000000       0x60 ..\obj\stm32f10x_usart.o
 .text.USART_ClockStructInit
                0x00000000       0x34 ..\obj\stm32f10x_usart.o
 .text.USART_DMACmd
                0x00000000       0x4c ..\obj\stm32f10x_usart.o
 .text.USART_SetAddress
                0x00000000       0x3c ..\obj\stm32f10x_usart.o
 .text.USART_WakeUpConfig
                0x00000000       0x38 ..\obj\stm32f10x_usart.o
 .text.USART_ReceiverWakeUpCmd
                0x00000000       0x40 ..\obj\stm32f10x_usart.o
 .text.USART_LINBreakDetectLengthConfig
                0x00000000       0x38 ..\obj\stm32f10x_usart.o
 .text.USART_LINCmd
                0x00000000       0x40 ..\obj\stm32f10x_usart.o
 .text.USART_SendBreak
                0x00000000       0x24 ..\obj\stm32f10x_usart.o
 .text.USART_SetGuardTime
                0x00000000       0x40 ..\obj\stm32f10x_usart.o
 .text.USART_SetPrescaler
                0x00000000       0x3c ..\obj\stm32f10x_usart.o
 .text.USART_SmartCardCmd
                0x00000000       0x40 ..\obj\stm32f10x_usart.o
 .text.USART_SmartCardNACKCmd
                0x00000000       0x40 ..\obj\stm32f10x_usart.o
 .text.USART_HalfDuplexCmd
                0x00000000       0x40 ..\obj\stm32f10x_usart.o
 .text.USART_OverSampling8Cmd
                0x00000000       0x48 ..\obj\stm32f10x_usart.o
 .text.USART_OneBitMethodCmd
                0x00000000       0x40 ..\obj\stm32f10x_usart.o
 .text.USART_IrDAConfig
                0x00000000       0x38 ..\obj\stm32f10x_usart.o
 .text.USART_IrDACmd
                0x00000000       0x40 ..\obj\stm32f10x_usart.o
 .text.USART_ClearFlag
                0x00000000       0x24 ..\obj\stm32f10x_usart.o
 .text          0x00000000        0x0 ..\obj\syscalls.o
 .data          0x00000000        0x0 ..\obj\syscalls.o
 .text.link     0x00000000       0x1c ..\obj\syscalls.o
 .text._close   0x00000000       0x18 ..\obj\syscalls.o
 .text._fstat   0x00000000       0x24 ..\obj\syscalls.o
 .text._isatty  0x00000000       0x18 ..\obj\syscalls.o
 .text._lseek   0x00000000       0x1c ..\obj\syscalls.o
 .text._read    0x00000000       0x1c ..\obj\syscalls.o
 .text._write   0x00000000       0x1c ..\obj\syscalls.o
 .text.abort    0x00000000        0x8 ..\obj\syscalls.o
 .text          0x00000000        0x0 ..\obj\RingBuffer.o
 .data          0x00000000        0x0 ..\obj\RingBuffer.o
 .bss           0x00000000        0x0 ..\obj\RingBuffer.o
 .text.cbIsFull
                0x00000000       0x38 ..\obj\RingBuffer.o
 .text          0x00000000        0x0 ..\obj\NetWork.o
 .data          0x00000000        0x0 ..\obj\NetWork.o
 .text.NVIC_EnableIRQ
                0x00000000       0x34 ..\obj\NetWork.o
 .text.NVIC_SetPriority
                0x00000000       0x58 ..\obj\NetWork.o
 .text.InitNetWork
                0x00000000      0x110 ..\obj\NetWork.o
 .text.NetWorkProcess
                0x00000000      0x170 ..\obj\NetWork.o
 .text.Send     0x00000000       0x90 ..\obj\NetWork.o
 .text.RequestDeviceType
                0x00000000       0x64 ..\obj\NetWork.o
 .text          0x00000000        0x0 ..\obj\IRScanner.o
 .data          0x00000000        0x0 ..\obj\IRScanner.o
 .text          0x00000000        0x0 ..\obj\IR.o
 .data          0x00000000        0x0 c:/coocox/coide/gcc/bin/../lib/gcc/arm-none-eabi/4.5.2/../../../../arm-none-eabi/lib/thumb2\libc.a(lib_a-atoi.o)
 .bss           0x00000000        0x0 c:/coocox/coide/gcc/bin/../lib/gcc/arm-none-eabi/4.5.2/../../../../arm-none-eabi/lib/thumb2\libc.a(lib_a-atoi.o)
 .data          0x00000000        0x0 c:/coocox/coide/gcc/bin/../lib/gcc/arm-none-eabi/4.5.2/../../../../arm-none-eabi/lib/thumb2\libc.a(lib_a-calloc.o)
 .bss           0x00000000        0x0 c:/coocox/coide/gcc/bin/../lib/gcc/arm-none-eabi/4.5.2/../../../../arm-none-eabi/lib/thumb2\libc.a(lib_a-calloc.o)
 .data          0x00000000        0x0 c:/coocox/coide/gcc/bin/../lib/gcc/arm-none-eabi/4.5.2/../../../../arm-none-eabi/lib/thumb2\libc.a(lib_a-callocr.o)
 .bss           0x00000000        0x0 c:/coocox/coide/gcc/bin/../lib/gcc/arm-none-eabi/4.5.2/../../../../arm-none-eabi/lib/thumb2\libc.a(lib_a-callocr.o)
 .data          0x00000000        0x0 c:/coocox/coide/gcc/bin/../lib/gcc/arm-none-eabi/4.5.2/../../../../arm-none-eabi/lib/thumb2\libc.a(lib_a-memcpy.o)
 .bss           0x00000000        0x0 c:/coocox/coide/gcc/bin/../lib/gcc/arm-none-eabi/4.5.2/../../../../arm-none-eabi/lib/thumb2\libc.a(lib_a-memcpy.o)
 .data          0x00000000        0x0 c:/coocox/coide/gcc/bin/../lib/gcc/arm-none-eabi/4.5.2/../../../../arm-none-eabi/lib/thumb2\libc.a(lib_a-memmove.o)
 .bss           0x00000000        0x0 c:/coocox/coide/gcc/bin/../lib/gcc/arm-none-eabi/4.5.2/../../../../arm-none-eabi/lib/thumb2\libc.a(lib_a-memmove.o)
 .data          0x00000000        0x0 c:/coocox/coide/gcc/bin/../lib/gcc/arm-none-eabi/4.5.2/../../../../arm-none-eabi/lib/thumb2\libc.a(lib_a-memset.o)
 .bss           0x00000000        0x0 c:/coocox/coide/gcc/bin/../lib/gcc/arm-none-eabi/4.5.2/../../../../arm-none-eabi/lib/thumb2\libc.a(lib_a-memset.o)
 .data          0x00000000        0x0 c:/coocox/coide/gcc/bin/../lib/gcc/arm-none-eabi/4.5.2/../../../../arm-none-eabi/lib/thumb2\libc.a(lib_a-mlock.o)
 .bss           0x00000000        0x0 c:/coocox/coide/gcc/bin/../lib/gcc/arm-none-eabi/4.5.2/../../../../arm-none-eabi/lib/thumb2\libc.a(lib_a-mlock.o)
 .data          0x00000000        0x0 c:/coocox/coide/gcc/bin/../lib/gcc/arm-none-eabi/4.5.2/../../../../arm-none-eabi/lib/thumb2\libc.a(lib_a-sbrkr.o)
 .bss           0x00000000        0x0 c:/coocox/coide/gcc/bin/../lib/gcc/arm-none-eabi/4.5.2/../../../../arm-none-eabi/lib/thumb2\libc.a(lib_a-sbrkr.o)
 .data          0x00000000        0x0 c:/coocox/coide/gcc/bin/../lib/gcc/arm-none-eabi/4.5.2/../../../../arm-none-eabi/lib/thumb2\libc.a(lib_a-strcmp.o)
 .bss           0x00000000        0x0 c:/coocox/coide/gcc/bin/../lib/gcc/arm-none-eabi/4.5.2/../../../../arm-none-eabi/lib/thumb2\libc.a(lib_a-strcmp.o)
 .data          0x00000000        0x0 c:/coocox/coide/gcc/bin/../lib/gcc/arm-none-eabi/4.5.2/../../../../arm-none-eabi/lib/thumb2\libc.a(lib_a-strlen.o)
 .bss           0x00000000        0x0 c:/coocox/coide/gcc/bin/../lib/gcc/arm-none-eabi/4.5.2/../../../../arm-none-eabi/lib/thumb2\libc.a(lib_a-strlen.o)
 .data          0x00000000        0x0 c:/coocox/coide/gcc/bin/../lib/gcc/arm-none-eabi/4.5.2/../../../../arm-none-eabi/lib/thumb2\libc.a(lib_a-strstr.o)
 .bss           0x00000000        0x0 c:/coocox/coide/gcc/bin/../lib/gcc/arm-none-eabi/4.5.2/../../../../arm-none-eabi/lib/thumb2\libc.a(lib_a-strstr.o)
 .data          0x00000000        0x0 c:/coocox/coide/gcc/bin/../lib/gcc/arm-none-eabi/4.5.2/../../../../arm-none-eabi/lib/thumb2\libc.a(lib_a-strtol.o)
 .bss           0x00000000        0x0 c:/coocox/coide/gcc/bin/../lib/gcc/arm-none-eabi/4.5.2/../../../../arm-none-eabi/lib/thumb2\libc.a(lib_a-strtol.o)
 .text          0x00000000        0x0 c:/coocox/coide/gcc/bin/../lib/gcc/arm-none-eabi/4.5.2/../../../../arm-none-eabi/lib/thumb2\libc.a(lib_a-ctype_.o)
 .bss           0x00000000        0x0 c:/coocox/coide/gcc/bin/../lib/gcc/arm-none-eabi/4.5.2/../../../../arm-none-eabi/lib/thumb2\libc.a(lib_a-ctype_.o)
 .data          0x00000000        0x0 c:/coocox/coide/gcc/bin/../lib/gcc/arm-none-eabi/4.5.2/../../../../arm-none-eabi/lib/thumb2\libc.a(lib_a-freer.o)
 .bss           0x00000000        0x0 c:/coocox/coide/gcc/bin/../lib/gcc/arm-none-eabi/4.5.2/../../../../arm-none-eabi/lib/thumb2\libc.a(lib_a-freer.o)
 .data          0x00000000        0x0 c:/coocox/coide/gcc/bin/../lib/gcc/arm-none-eabi/4.5.2/../../../../arm-none-eabi/lib/thumb2\libc.a(lib_a-memchr.o)
 .bss           0x00000000        0x0 c:/coocox/coide/gcc/bin/../lib/gcc/arm-none-eabi/4.5.2/../../../../arm-none-eabi/lib/thumb2\libc.a(lib_a-memchr.o)
 .data          0x00000000        0x0 c:/coocox/coide/gcc/bin/../lib/gcc/arm-none-eabi/4.5.2/../../../../arm-none-eabi/lib/thumb2\libc.a(lib_a-memcmp.o)
 .bss           0x00000000        0x0 c:/coocox/coide/gcc/bin/../lib/gcc/arm-none-eabi/4.5.2/../../../../arm-none-eabi/lib/thumb2\libc.a(lib_a-memcmp.o)
 .text          0x00000000      0x118 c:/coocox/coide/gcc/bin/../lib/gcc/arm-none-eabi/4.5.2/../../../../arm-none-eabi/lib/thumb2\libc.a(lib_a-reent.o)
 .data          0x00000000        0x0 c:/coocox/coide/gcc/bin/../lib/gcc/arm-none-eabi/4.5.2/../../../../arm-none-eabi/lib/thumb2\libc.a(lib_a-reent.o)
 .bss           0x00000000        0x0 c:/coocox/coide/gcc/bin/../lib/gcc/arm-none-eabi/4.5.2/../../../../arm-none-eabi/lib/thumb2\libc.a(lib_a-reent.o)
 .data          0x00000000        0x0 c:/coocox/coide/gcc/bin/../lib/gcc/arm-none-eabi/4.5.2/../../../../arm-none-eabi/lib/thumb2\libc.a(lib_a-strchr.o)
 .bss           0x00000000        0x0 c:/coocox/coide/gcc/bin/../lib/gcc/arm-none-eabi/4.5.2/../../../../arm-none-eabi/lib/thumb2\libc.a(lib_a-strchr.o)
 .data          0x00000000        0x0 c:/coocox/coide/gcc/bin/../lib/gcc/arm-none-eabi/4.5.2/thumb2\libgcc.a(_udivsi3.o)
 .bss           0x00000000        0x0 c:/coocox/coide/gcc/bin/../lib/gcc/arm-none-eabi/4.5.2/thumb2\libgcc.a(_udivsi3.o)
 .data          0x00000000        0x0 c:/coocox/coide/gcc/bin/../lib/gcc/arm-none-eabi/4.5.2/thumb2\libgcc.a(_dvmd_tls.o)
 .bss           0x00000000        0x0 c:/coocox/coide/gcc/bin/../lib/gcc/arm-none-eabi/4.5.2/thumb2\libgcc.a(_dvmd_tls.o)

Memory Configuration

Name             Origin             Length             Attributes
rom              0x08000000         0x00080000         xr
ram              0x20000000         0x00010000         xrw
*default*        0x00000000         0xffffffff

Linker script and memory map

                0x20010000                _eram = 0x20010000

.text           0x08000000     0x6804
 *(.isr_vector .isr_vector.*)
 .isr_vector    0x08000000      0x134 ..\obj\startup_stm32f10x_hd.o
                0x08000000                g_pfnVectors
 *(.text .text.* .gnu.linkonce.t.*)
 .text.hist_erase_older
                0x08000134       0x3c ..\obj\microrl.o
 .text.hist_is_space_for_new
                0x08000170       0x70 ..\obj\microrl.o
 .text.hist_save_line
                0x080001e0       0xf4 ..\obj\microrl.o
 .text.hist_restore_line
                0x080002d4      0x230 ..\obj\microrl.o
 .text.split    0x08000504       0xb0 ..\obj\microrl.o
 .text.print_prompt
                0x080005b4       0x20 ..\obj\microrl.o
 .text.terminal_backspace
                0x080005d4       0x20 ..\obj\microrl.o
 .text.terminal_newline
                0x080005f4       0x20 ..\obj\microrl.o
 .text.terminal_move_cursor
                0x08000614       0x8c ..\obj\microrl.o
 .text.terminal_reset_cursor
                0x080006a0       0x3c ..\obj\microrl.o
 .text.terminal_print_line
                0x080006dc       0x80 ..\obj\microrl.o
 .text.microrl_init
                0x0800075c       0x94 ..\obj\microrl.o
                0x0800075c                microrl_init
 .text.microrl_set_complite_callback
                0x080007f0       0x1c ..\obj\microrl.o
                0x080007f0                microrl_set_complite_callback
 .text.microrl_set_execute_callback
                0x0800080c       0x1c ..\obj\microrl.o
                0x0800080c                microrl_set_execute_callback
 .text.microrl_set_sigint_callback
                0x08000828       0x1c ..\obj\microrl.o
                0x08000828                microrl_set_sigint_callback
 .text.hist_search
                0x08000844       0x58 ..\obj\microrl.o
 .text.escape_process
                0x0800089c      0x144 ..\obj\microrl.o
 .text.microrl_insert_text
                0x080009e0       0xf8 ..\obj\microrl.o
 .text.microrl_backspace
                0x08000ad8       0x90 ..\obj\microrl.o
 .text.common_len
                0x08000b68       0xa4 ..\obj\microrl.o
 .text.microrl_get_complite
                0x08000c0c      0x170 ..\obj\microrl.o
 .text.microrl_insert_char
                0x08000d7c      0x470 ..\obj\microrl.o
                0x08000d7c                microrl_insert_char
 .text.__CLREX  0x080011ec       0x10 ..\obj\PlcTimers.o
 .text.NVIC_EnableIRQ
                0x080011fc       0x34 ..\obj\PlcTimers.o
 .text.NVIC_SetPriority
                0x08001230       0x58 ..\obj\PlcTimers.o
 .text.InitPlcTimers
                0x08001288       0x8c ..\obj\PlcTimers.o
                0x08001288                InitPlcTimers
 .text.IsTimeoutEx
                0x08001314       0x70 ..\obj\PlcTimers.o
                0x08001314                IsTimeoutEx
 .text.SetTimerValue
                0x08001384       0x4c ..\obj\PlcTimers.o
                0x08001384                SetTimerValue
 .text.TIM6_IRQHandler
                0x080013d0       0x68 ..\obj\PlcTimers.o
                0x080013d0                TIM6_IRQHandler
 .text.TIM_TimeBaseInit
                0x08001438      0x100 ..\obj\stm32f10x_tim.o
                0x08001438                TIM_TimeBaseInit
 .text.TIM_PWMIConfig
                0x08001538       0xc4 ..\obj\stm32f10x_tim.o
                0x08001538                TIM_PWMIConfig
 .text.TIM_Cmd  0x080015fc       0x40 ..\obj\stm32f10x_tim.o
                0x080015fc                TIM_Cmd
 .text.TIM_ITConfig
                0x0800163c       0x4c ..\obj\stm32f10x_tim.o
                0x0800163c                TIM_ITConfig
 .text.TIM_SelectInputTrigger
                0x08001688       0x3c ..\obj\stm32f10x_tim.o
                0x08001688                TIM_SelectInputTrigger
 .text.TIM_SelectSlaveMode
                0x080016c4       0x38 ..\obj\stm32f10x_tim.o
                0x080016c4                TIM_SelectSlaveMode
 .text.TIM_SelectMasterSlaveMode
                0x080016fc       0x38 ..\obj\stm32f10x_tim.o
                0x080016fc                TIM_SelectMasterSlaveMode
 .text.TIM_SetCounter
                0x08001734       0x1c ..\obj\stm32f10x_tim.o
                0x08001734                TIM_SetCounter
 .text.TIM_SetIC1Prescaler
                0x08001750       0x38 ..\obj\stm32f10x_tim.o
                0x08001750                TIM_SetIC1Prescaler
 .text.TIM_SetIC2Prescaler
                0x08001788       0x40 ..\obj\stm32f10x_tim.o
                0x08001788                TIM_SetIC2Prescaler
 .text.TIM_GetCapture2
                0x080017c8       0x1c ..\obj\stm32f10x_tim.o
                0x080017c8                TIM_GetCapture2
 .text.TIM_GetCounter
                0x080017e4       0x1c ..\obj\stm32f10x_tim.o
                0x080017e4                TIM_GetCounter
 .text.TIM_GetITStatus
                0x08001800       0x64 ..\obj\stm32f10x_tim.o
                0x08001800                TIM_GetITStatus
 .text.TIM_ClearITPendingBit
                0x08001864       0x24 ..\obj\stm32f10x_tim.o
                0x08001864                TIM_ClearITPendingBit
 .text.TI1_Config
                0x08001888       0xe4 ..\obj\stm32f10x_tim.o
 .text.TI2_Config
                0x0800196c      0x100 ..\obj\stm32f10x_tim.o
 .text.__LDREXW
                0x08001a6c       0x24 ..\obj\core_cm3.o
                0x08001a6c                __LDREXW
 .text.__STREXW
                0x08001a90       0x28 ..\obj\core_cm3.o
                0x08001a90                __STREXW
 .text.SystemInit
                0x08001ab8       0x68 ..\obj\system_stm32f10x.o
                0x08001ab8                SystemInit
 .text.SetSysClock
                0x08001b20        0xc ..\obj\system_stm32f10x.o
 .text.SetSysClockTo72
                0x08001b2c      0x108 ..\obj\system_stm32f10x.o
 .text.Default_Reset_Handler
                0x08001c34       0x68 ..\obj\startup_stm32f10x_hd.o
                0x08001c34                Default_Reset_Handler
                0x08001c34                Reset_Handler
 .text.Default_Handler
                0x08001c9c        0x8 ..\obj\startup_stm32f10x_hd.o
                0x08001c9c                EXTI2_IRQHandler
                0x08001c9c                TIM8_TRG_COM_IRQHandler
                0x08001c9c                TIM8_CC_IRQHandler
                0x08001c9c                DebugMon_Handler
                0x08001c9c                TIM1_CC_IRQHandler
                0x08001c9c                HardFault_Handler
                0x08001c9c                SysTick_Handler
                0x08001c9c                PVD_IRQHandler
                0x08001c9c                SDIO_IRQHandler
                0x08001c9c                PendSV_Handler
                0x08001c9c                NMI_Handler
                0x08001c9c                EXTI3_IRQHandler
                0x08001c9c                I2C2_EV_IRQHandler
                0x08001c9c                UsageFault_Handler
                0x08001c9c                ADC1_2_IRQHandler
                0x08001c9c                SPI1_IRQHandler
                0x08001c9c                TAMPER_IRQHandler
                0x08001c9c                TIM8_UP_IRQHandler
                0x08001c9c                DMA2_Channel2_IRQHandler
                0x08001c9c                DMA1_Channel4_IRQHandler
                0x08001c9c                USART3_IRQHandler
                0x08001c9c                RTC_IRQHandler
                0x08001c9c                DMA1_Channel7_IRQHandler
                0x08001c9c                CAN1_RX1_IRQHandler
                0x08001c9c                UART5_IRQHandler
                0x08001c9c                ADC3_IRQHandler
                0x08001c9c                TIM4_IRQHandler
                0x08001c9c                DMA2_Channel1_IRQHandler
                0x08001c9c                I2C1_EV_IRQHandler
                0x08001c9c                DMA1_Channel6_IRQHandler
                0x08001c9c                UART4_IRQHandler
                0x08001c9c                RCC_IRQHandler
                0x08001c9c                TIM1_TRG_COM_IRQHandler
                0x08001c9c                DMA1_Channel1_IRQHandler
                0x08001c9c                EXTI15_10_IRQHandler
                0x08001c9c                TIM7_IRQHandler
                0x08001c9c                TIM5_IRQHandler
                0x08001c9c                EXTI9_5_IRQHandler
                0x08001c9c                SPI2_IRQHandler
                0x08001c9c                MemManage_Handler
                0x08001c9c                SVC_Handler
                0x08001c9c                DMA1_Channel5_IRQHandler
                0x08001c9c                EXTI4_IRQHandler
                0x08001c9c                USB_LP_CAN1_RX0_IRQHandler
                0x08001c9c                USB_HP_CAN1_TX_IRQHandler
                0x08001c9c                DMA1_Channel3_IRQHandler
                0x08001c9c                FSMC_IRQHandler
                0x08001c9c                TIM1_UP_IRQHandler
                0x08001c9c                WWDG_IRQHandler
                0x08001c9c                TIM1_BRK_IRQHandler
                0x08001c9c                EXTI1_IRQHandler
                0x08001c9c                RTCAlarm_IRQHandler
                0x08001c9c                DMA2_Channel4_5_IRQHandler
                0x08001c9c                I2C2_ER_IRQHandler
                0x08001c9c                DMA1_Channel2_IRQHandler
                0x08001c9c                TIM8_BRK_IRQHandler
                0x08001c9c                CAN1_SCE_IRQHandler
                0x08001c9c                FLASH_IRQHandler
                0x08001c9c                BusFault_Handler
                0x08001c9c                SPI3_IRQHandler
                0x08001c9c                I2C1_ER_IRQHandler
                0x08001c9c                USBWakeUp_IRQHandler
                0x08001c9c                DMA2_Channel3_IRQHandler
 .text.GPIO_Init
                0x08001ca4      0x1c0 ..\obj\stm32f10x_gpio.o
                0x08001ca4                GPIO_Init
 .text.GPIO_StructInit
                0x08001e64       0x2c ..\obj\stm32f10x_gpio.o
                0x08001e64                GPIO_StructInit
 .text.GPIO_PinRemapConfig
                0x08001e90      0x104 ..\obj\stm32f10x_gpio.o
                0x08001e90                GPIO_PinRemapConfig
 .text.GPIO_EXTILineConfig
                0x08001f94       0x9c ..\obj\stm32f10x_gpio.o
                0x08001f94                GPIO_EXTILineConfig
 .text.NVIC_EnableIRQ
                0x08002030       0x34 ..\obj\main.o
 .text.NVIC_SetPriority
                0x08002064       0x58 ..\obj\main.o
 .text.IrWaitFirstCodeLedOn
                0x080020bc       0x1c ..\obj\main.o
                0x080020bc                IrWaitFirstCodeLedOn
 .text.IrWaitFirstCodeLedOff
                0x080020d8       0x1c ..\obj\main.o
                0x080020d8                IrWaitFirstCodeLedOff
 .text.IrWaitFirstCodeLedInv
                0x080020f4       0x1c ..\obj\main.o
                0x080020f4                IrWaitFirstCodeLedInv
 .text.IrWaitSecondCodeLedOn
                0x08002110       0x1c ..\obj\main.o
                0x08002110                IrWaitSecondCodeLedOn
 .text.IrWaitSecondCodeLedOff
                0x0800212c       0x1c ..\obj\main.o
                0x0800212c                IrWaitSecondCodeLedOff
 .text.IrWaitSecondCodeLedInv
                0x08002148       0x1c ..\obj\main.o
                0x08002148                IrWaitSecondCodeLedInv
 .text.PowerLedOff
                0x08002164       0x1c ..\obj\main.o
                0x08002164                PowerLedOff
 .text.PowerLedInv
                0x08002180       0x1c ..\obj\main.o
                0x08002180                PowerLedInv
 .text.NetworkLedOff
                0x0800219c       0x1c ..\obj\main.o
                0x0800219c                NetworkLedOff
 .text.RunScan  0x080021b8       0x24 ..\obj\main.o
                0x080021b8                RunScan
 .text.InitTerminal
                0x080021dc       0x70 ..\obj\main.o
                0x080021dc                InitTerminal
 .text.main     0x0800224c       0x5c ..\obj\main.o
                0x0800224c                main
 .text.InitTerminalUART
                0x080022a8       0xe8 ..\obj\main.o
 .text.InitLeds
                0x08002390       0xac ..\obj\main.o
 .text.USART1_IRQHandler
                0x0800243c       0x38 ..\obj\main.o
                0x0800243c                USART1_IRQHandler
 .text.ProcessScan
                0x08002474      0x1ec ..\obj\main.o
                0x08002474                ProcessScan
 .text.print    0x08002660       0x3c ..\obj\Terminal.o
                0x08002660                print
 .text.print_help
                0x0800269c       0x60 ..\obj\Terminal.o
                0x0800269c                print_help
 .text.execute  0x080026fc      0x324 ..\obj\Terminal.o
                0x080026fc                execute
 .text.complet  0x08002a20       0xbc ..\obj\Terminal.o
                0x08002a20                complet
 .text.sigint   0x08002adc       0x10 ..\obj\Terminal.o
                0x08002adc                sigint
 .text.PrintChar
                0x08002aec       0x34 ..\obj\printf.o
                0x08002aec                PrintChar
 .text.PutChar  0x08002b20       0x24 ..\obj\printf.o
                0x08002b20                PutChar
 .text.PutString
                0x08002b44       0x48 ..\obj\printf.o
                0x08002b44                PutString
 .text.PutUnsignedInt
                0x08002b8c       0xb4 ..\obj\printf.o
                0x08002b8c                PutUnsignedInt
 .text.PutSignedInt
                0x08002c40      0x11c ..\obj\printf.o
                0x08002c40                PutSignedInt
 .text.PutHexa  0x08002d5c       0xe8 ..\obj\printf.o
                0x08002d5c                PutHexa
 .text.vsnprintf
                0x08002e44      0x2a4 ..\obj\printf.o
                0x08002e44                vsnprintf
 .text.snprintf
                0x080030e8       0x34 ..\obj\printf.o
                0x080030e8                snprintf
 .text.vsprintf
                0x0800311c       0x28 ..\obj\printf.o
                0x0800311c                vsprintf
 .text.vfprintf
                0x08003144       0x84 ..\obj\printf.o
                0x08003144                vfprintf
 .text.vprintf  0x080031c8       0x2c ..\obj\printf.o
                0x080031c8                vprintf
 .text.printf   0x080031f4       0x2c ..\obj\printf.o
                0x080031f4                printf
 .text.fputc    0x08003220       0x44 ..\obj\printf.o
                0x08003220                fputc
 .text.fputs    0x08003264       0x50 ..\obj\printf.o
                0x08003264                fputs
 .text.RCC_GetClocksFreq
                0x080032b4      0x17c ..\obj\stm32f10x_rcc.o
                0x080032b4                RCC_GetClocksFreq
 .text.RCC_APB2PeriphClockCmd
                0x08003430       0x44 ..\obj\stm32f10x_rcc.o
                0x08003430                RCC_APB2PeriphClockCmd
 .text.RCC_APB1PeriphClockCmd
                0x08003474       0x44 ..\obj\stm32f10x_rcc.o
                0x08003474                RCC_APB1PeriphClockCmd
 .text.EXTI_Init
                0x080034b8       0xfc ..\obj\stm32f10x_exti.o
                0x080034b8                EXTI_Init
 .text.EXTI_ClearFlag
                0x080035b4       0x1c ..\obj\stm32f10x_exti.o
                0x080035b4                EXTI_ClearFlag
 .text.EXTI_ClearITPendingBit
                0x080035d0       0x1c ..\obj\stm32f10x_exti.o
                0x080035d0                EXTI_ClearITPendingBit
 .text.USART_Init
                0x080035ec      0x1b0 ..\obj\stm32f10x_usart.o
                0x080035ec                USART_Init
 .text.USART_Cmd
                0x0800379c       0x40 ..\obj\stm32f10x_usart.o
                0x0800379c                USART_Cmd
 .text.USART_ITConfig
                0x080037dc       0xa8 ..\obj\stm32f10x_usart.o
                0x080037dc                USART_ITConfig
 .text.USART_SendData
                0x08003884       0x28 ..\obj\stm32f10x_usart.o
                0x08003884                USART_SendData
 .text.USART_ReceiveData
                0x080038ac       0x24 ..\obj\stm32f10x_usart.o
                0x080038ac                USART_ReceiveData
 .text.USART_GetFlagStatus
                0x080038d0       0x40 ..\obj\stm32f10x_usart.o
                0x080038d0                USART_GetFlagStatus
 .text.USART_GetITStatus
                0x08003910       0xcc ..\obj\stm32f10x_usart.o
                0x08003910                USART_GetITStatus
 .text.USART_ClearITPendingBit
                0x080039dc       0x44 ..\obj\stm32f10x_usart.o
                0x080039dc                USART_ClearITPendingBit
 .text._sbrk    0x08003a20       0x40 ..\obj\syscalls.o
                0x08003a20                _sbrk
 .text.cbInit   0x08003a60       0x44 ..\obj\RingBuffer.o
                0x08003a60                cbInit
 .text.cbClear  0x08003aa4       0x24 ..\obj\RingBuffer.o
                0x08003aa4                cbClear
 .text.cbIsEmpty
                0x08003ac8       0x24 ..\obj\RingBuffer.o
                0x08003ac8                cbIsEmpty
 .text.cbWrite  0x08003aec       0x64 ..\obj\RingBuffer.o
                0x08003aec                cbWrite
 .text.cbRead   0x08003b50       0x40 ..\obj\RingBuffer.o
                0x08003b50                cbRead
 .text.SetMode  0x08003b90       0xb0 ..\obj\NetWork.o
 .text.USART2_IRQHandler
                0x08003c40       0xb0 ..\obj\NetWork.o
                0x08003c40                USART2_IRQHandler
 .text.NVIC_EnableIRQ
                0x08003cf0       0x34 ..\obj\IRScanner.o
 .text.NVIC_DisableIRQ
                0x08003d24       0x38 ..\obj\IRScanner.o
 .text.NVIC_SetPriority
                0x08003d5c       0x58 ..\obj\IRScanner.o
 .text.IsScanning
                0x08003db4       0x1c ..\obj\IRScanner.o
                0x08003db4                IsScanning
 .text.InitEXTI
                0x08003dd0       0xa4 ..\obj\IRScanner.o
 .text.InitTimers
                0x08003e74      0x158 ..\obj\IRScanner.o
 .text.Scan     0x08003fcc      0x14c ..\obj\IRScanner.o
                0x08003fcc                Scan
 .text.StopScan
                0x08004118       0x70 ..\obj\IRScanner.o
 .text.EXTI0_IRQHandler
                0x08004188      0x12c ..\obj\IRScanner.o
                0x08004188                EXTI0_IRQHandler
 .text.TIM3_IRQHandler
                0x080042b4       0xac ..\obj\IRScanner.o
                0x080042b4                TIM3_IRQHandler
 .text.TIM2_IRQHandler
                0x08004360       0xbc ..\obj\IRScanner.o
                0x08004360                TIM2_IRQHandler
 .text.min      0x0800441c       0x20 ..\obj\IR.o
                0x0800441c                min
 .text.GetFrequencyInterval
                0x0800443c       0xa8 ..\obj\IR.o
                0x0800443c                GetFrequencyInterval
 .text.SetTime  0x080044e4       0x40 ..\obj\IR.o
                0x080044e4                SetTime
 .text.SetValue
                0x08004524       0x44 ..\obj\IR.o
                0x08004524                SetValue
 .text.GetTime  0x08004568       0x24 ..\obj\IR.o
                0x08004568                GetTime
 .text.GetValue
                0x0800458c       0x30 ..\obj\IR.o
                0x0800458c                GetValue
 .text.DebugPrint
                0x080045bc       0xd0 ..\obj\IR.o
                0x080045bc                DebugPrint
 .text.CheckIRCode
                0x0800468c       0x7c ..\obj\IR.o
                0x0800468c                CheckIRCode
 .text.IsEqual  0x08004708      0x24c ..\obj\IR.o
                0x08004708                IsEqual
 .text          0x08004954       0x10 c:/coocox/coide/gcc/bin/../lib/gcc/arm-none-eabi/4.5.2/../../../../arm-none-eabi/lib/thumb2\libc.a(lib_a-atoi.o)
                0x08004954                atoi
                0x0800495c                _atoi_r
 .text          0x08004964       0x14 c:/coocox/coide/gcc/bin/../lib/gcc/arm-none-eabi/4.5.2/../../../../arm-none-eabi/lib/thumb2\libc.a(lib_a-calloc.o)
                0x08004964                calloc
 .text          0x08004978       0x5c c:/coocox/coide/gcc/bin/../lib/gcc/arm-none-eabi/4.5.2/../../../../arm-none-eabi/lib/thumb2\libc.a(lib_a-callocr.o)
                0x08004978                _calloc_r
 .text          0x080049d4      0x57c c:/coocox/coide/gcc/bin/../lib/gcc/arm-none-eabi/4.5.2/../../../../arm-none-eabi/lib/thumb2\libc.a(lib_a-mallocr.o)
                0x080049d4                _malloc_r
 .text          0x08004f50      0x150 c:/coocox/coide/gcc/bin/../lib/gcc/arm-none-eabi/4.5.2/../../../../arm-none-eabi/lib/thumb2\libc.a(lib_a-memcpy.o)
                0x08004f50                memcpy
 .text          0x080050a0       0xb4 c:/coocox/coide/gcc/bin/../lib/gcc/arm-none-eabi/4.5.2/../../../../arm-none-eabi/lib/thumb2\libc.a(lib_a-memmove.o)
                0x080050a0                memmove
 .text          0x08005154       0xb4 c:/coocox/coide/gcc/bin/../lib/gcc/arm-none-eabi/4.5.2/../../../../arm-none-eabi/lib/thumb2\libc.a(lib_a-memset.o)
                0x08005154                memset
 .text          0x08005208        0x8 c:/coocox/coide/gcc/bin/../lib/gcc/arm-none-eabi/4.5.2/../../../../arm-none-eabi/lib/thumb2\libc.a(lib_a-mlock.o)
                0x08005208                __malloc_lock
                0x0800520c                __malloc_unlock
 .text          0x08005210       0x28 c:/coocox/coide/gcc/bin/../lib/gcc/arm-none-eabi/4.5.2/../../../../arm-none-eabi/lib/thumb2\libc.a(lib_a-sbrkr.o)
                0x08005210                _sbrk_r
 .text          0x08005238      0x1dc c:/coocox/coide/gcc/bin/../lib/gcc/arm-none-eabi/4.5.2/../../../../arm-none-eabi/lib/thumb2\libc.a(lib_a-strcmp.o)
                0x08005238                strcmp
 .text          0x08005414       0x60 c:/coocox/coide/gcc/bin/../lib/gcc/arm-none-eabi/4.5.2/../../../../arm-none-eabi/lib/thumb2\libc.a(lib_a-strlen.o)
                0x08005414                strlen
 .text          0x08005474      0x508 c:/coocox/coide/gcc/bin/../lib/gcc/arm-none-eabi/4.5.2/../../../../arm-none-eabi/lib/thumb2\libc.a(lib_a-strstr.o)
                0x08005760                strstr
 .text          0x0800597c      0x17c c:/coocox/coide/gcc/bin/../lib/gcc/arm-none-eabi/4.5.2/../../../../arm-none-eabi/lib/thumb2\libc.a(lib_a-strtol.o)
                0x0800597c                _strtol_r
                0x08005ae0                strtol
 .text          0x08005af8      0x240 c:/coocox/coide/gcc/bin/../lib/gcc/arm-none-eabi/4.5.2/../../../../arm-none-eabi/lib/thumb2\libc.a(lib_a-freer.o)
                0x08005af8                _malloc_trim_r
                0x08005ba0                _free_r
 .text          0x08005d38       0x8c c:/coocox/coide/gcc/bin/../lib/gcc/arm-none-eabi/4.5.2/../../../../arm-none-eabi/lib/thumb2\libc.a(lib_a-memchr.o)
                0x08005d38                memchr
 .text          0x08005dc4       0x64 c:/coocox/coide/gcc/bin/../lib/gcc/arm-none-eabi/4.5.2/../../../../arm-none-eabi/lib/thumb2\libc.a(lib_a-memcmp.o)
                0x08005dc4                memcmp
 .text          0x08005e28      0x10c c:/coocox/coide/gcc/bin/../lib/gcc/arm-none-eabi/4.5.2/../../../../arm-none-eabi/lib/thumb2\libc.a(lib_a-strchr.o)
                0x08005e28                strchr
 *fill*         0x08005f34        0x4 00
 .text          0x08005f38      0x278 c:/coocox/coide/gcc/bin/../lib/gcc/arm-none-eabi/4.5.2/thumb2\libgcc.a(_udivsi3.o)
                0x08005f38                __aeabi_uidiv
                0x08005f38                __udivsi3
                0x08006194                __aeabi_uidivmod
 .text          0x080061b0        0x4 c:/coocox/coide/gcc/bin/../lib/gcc/arm-none-eabi/4.5.2/thumb2\libgcc.a(_dvmd_tls.o)
                0x080061b0                __aeabi_idiv0
                0x080061b0                __aeabi_ldiv0
 *(.glue_7t)
 .glue_7t       0x00000000        0x0 linker stubs
 *(.glue_7)
 .glue_7        0x00000000        0x0 linker stubs
 *(.rodata .rodata* .gnu.linkonce.r.*)
 .rodata        0x080061b4       0x60 ..\obj\microrl.o
 .rodata        0x08006214       0x9c ..\obj\main.o
 .rodata        0x080062b0      0x2dc ..\obj\Terminal.o
 .rodata        0x0800658c       0x24 ..\obj\printf.o
 .rodata        0x080065b0       0x14 ..\obj\IRScanner.o
 .rodata        0x080065c4      0x13c ..\obj\IR.o
                0x080065c4                DetectFreqMin
                0x080065c8                DetectFreqMax
                0x08006610                TimeMask
                0x08006614                ValueMask
 .rodata        0x08006700      0x104 c:/coocox/coide/gcc/bin/../lib/gcc/arm-none-eabi/4.5.2/../../../../arm-none-eabi/lib/thumb2\libc.a(lib_a-ctype_.o)
                0x08006700                _ctype_

.vfp11_veneer   0x08006804        0x0
 .vfp11_veneer  0x00000000        0x0 linker stubs

.v4_bx          0x08006804        0x0
 .v4_bx         0x00000000        0x0 linker stubs

.ARM.extab
 *(.ARM.extab* .gnu.linkonce.armextab.*)

.ARM.exidx
 *(.ARM.exidx* .gnu.linkonce.armexidx.*)
                0x08006804                . = ALIGN (0x4)
                0x08006804                _etext = .
                0x08006804                _sidata = .

.data           0x20000000      0x564 load address 0x08006804
                0x20000000                _sdata = .
 *(.data .data.*)
 .data          0x20000000        0x4 ..\obj\microrl.o
                0x20000000                prompt_default
 .data          0x20000004       0x14 ..\obj\system_stm32f10x.o
                0x20000004                SystemCoreClock
                0x20000008                AHBPrescTable
 .data          0x20000018        0x4 ..\obj\main.o
 .data          0x2000001c       0x24 ..\obj\Terminal.o
                0x20000020                keyworld
 .data          0x20000040       0xf4 ..\obj\printf.o
                0x20000040                r
                0x20000130                _impure_ptr
 .data          0x20000134       0x14 ..\obj\stm32f10x_rcc.o
 .data          0x20000148        0x8 ..\obj\IR.o
                0x20000148                LengthDelataMax
                0x2000014c                IntervalDelataMax
 .data          0x20000150      0x410 c:/coocox/coide/gcc/bin/../lib/gcc/arm-none-eabi/4.5.2/../../../../arm-none-eabi/lib/thumb2\libc.a(lib_a-mallocr.o)
                0x20000150                __malloc_av_
                0x20000558                __malloc_sbrk_base
                0x2000055c                __malloc_trim_threshold
 .data          0x20000560        0x4 c:/coocox/coide/gcc/bin/../lib/gcc/arm-none-eabi/4.5.2/../../../../arm-none-eabi/lib/thumb2\libc.a(lib_a-ctype_.o)
                0x20000560                __ctype_ptr__
                0x20000564                . = ALIGN (0x4)
                0x20000564                _edata = .

.bss            0x20000564     0x11d4 load address 0x08006d68
                0x20000564                _sbss = .
 *(.bss .bss.*)
 .bss           0x20000564        0x8 ..\obj\microrl.o
 .bss           0x2000056c       0x10 ..\obj\PlcTimers.o
 .bss           0x2000057c       0xe4 ..\obj\main.o
                0x2000065d                BlinkIrReceiveLed
                0x2000065e                BlinkIrScanCompliteLed
 .bss           0x20000660        0x4 ..\obj\syscalls.o
 .bss           0x20000664       0x58 ..\obj\NetWork.o
 .bss           0x200006bc       0x1c ..\obj\IRScanner.o
 .bss           0x200006d8        0x1 ..\obj\IR.o
                0x200006d8                DebugModeIr
 *fill*         0x200006d9        0x3 00
 .bss           0x200006dc       0x34 c:/coocox/coide/gcc/bin/../lib/gcc/arm-none-eabi/4.5.2/../../../../arm-none-eabi/lib/thumb2\libc.a(lib_a-mallocr.o)
                0x200006dc                __malloc_top_pad
                0x200006e0                __malloc_current_mallinfo
                0x20000708                __malloc_max_sbrked_mem
                0x2000070c                __malloc_max_total_mem
 *(COMMON)
 COMMON         0x20000710     0x1000 ..\obj\main.o
                0x20000710                IrCodes
 COMMON         0x20001710       0x24 ..\obj\Terminal.o
                0x20001710                compl_world
 COMMON         0x20001734        0x4 c:/coocox/coide/gcc/bin/../lib/gcc/arm-none-eabi/4.5.2/../../../../arm-none-eabi/lib/thumb2\libc.a(lib_a-reent.o)
                0x20001734                errno
                0x20001738                . = ALIGN (0x4)
                0x20001738                _ebss = .

.co_stack       0x20001738      0x400 load address 0x08007f3c
                0x20001738                . = ALIGN (0x8)
 *(.co_stack .co_stack.*)
 .co_stack      0x20001738      0x400 ..\obj\startup_stm32f10x_hd.o
                0x20001738                pulStack
                0x20001b38                . = ALIGN (0x4)
                0x20001b38                _end = .
LOAD ..\obj\microrl.o
LOAD ..\obj\PlcTimers.o
LOAD ..\obj\stm32f10x_tim.o
LOAD ..\obj\core_cm3.o
LOAD ..\obj\system_stm32f10x.o
LOAD ..\obj\startup_stm32f10x_hd.o
LOAD ..\obj\Crc.o
LOAD ..\obj\stm32f10x_gpio.o
LOAD ..\obj\main.o
LOAD ..\obj\Terminal.o
LOAD ..\obj\printf.o
LOAD ..\obj\stm32f10x_rcc.o
LOAD ..\obj\stm32f10x_exti.o
LOAD ..\obj\stm32f10x_usart.o
LOAD ..\obj\syscalls.o
LOAD ..\obj\RingBuffer.o
LOAD ..\obj\NetWork.o
LOAD ..\obj\IRScanner.o
LOAD ..\obj\IR.o
START GROUP
LOAD c:/coocox/coide/gcc/bin/../lib/gcc/arm-none-eabi/4.5.2/thumb2\libgcc.a
LOAD c:/coocox/coide/gcc/bin/../lib/gcc/arm-none-eabi/4.5.2/../../../../arm-none-eabi/lib/thumb2\libc.a
END GROUP
OUTPUT(Scaner.elf elf32-littlearm)

.debug_abbrev   0x00000000     0x1bd2
 .debug_abbrev  0x00000000      0x1c5 ..\obj\microrl.o
 .debug_abbrev  0x000001c5      0x1dd ..\obj\PlcTimers.o
 .debug_abbrev  0x000003a2      0x172 ..\obj\stm32f10x_tim.o
 .debug_abbrev  0x00000514       0xd5 ..\obj\core_cm3.o
 .debug_abbrev  0x000005e9      0x17e ..\obj\system_stm32f10x.o
 .debug_abbrev  0x00000767       0xa3 ..\obj\startup_stm32f10x_hd.o
 .debug_abbrev  0x0000080a       0xd9 ..\obj\Crc.o
 .debug_abbrev  0x000008e3      0x1a4 ..\obj\stm32f10x_gpio.o
 .debug_abbrev  0x00000a87      0x22c ..\obj\main.o
 .debug_abbrev  0x00000cb3      0x1cf ..\obj\Terminal.o
 .debug_abbrev  0x00000e82      0x26b ..\obj\printf.o
 .debug_abbrev  0x000010ed      0x191 ..\obj\stm32f10x_rcc.o
 .debug_abbrev  0x0000127e      0x14a ..\obj\stm32f10x_exti.o
 .debug_abbrev  0x000013c8      0x15b ..\obj\stm32f10x_usart.o
 .debug_abbrev  0x00001523       0xde ..\obj\syscalls.o
 .debug_abbrev  0x00001601       0xd1 ..\obj\RingBuffer.o
 .debug_abbrev  0x000016d2      0x1c8 ..\obj\NetWork.o
 .debug_abbrev  0x0000189a      0x1e1 ..\obj\IRScanner.o
 .debug_abbrev  0x00001a7b      0x157 ..\obj\IR.o

.debug_info     0x00000000     0xa232
 .debug_info    0x00000000      0x8b8 ..\obj\microrl.o
 .debug_info    0x000008b8      0x9fc ..\obj\PlcTimers.o
 .debug_info    0x000012b4     0x1e18 ..\obj\stm32f10x_tim.o
 .debug_info    0x000030cc      0x548 ..\obj\core_cm3.o
 .debug_info    0x00003614      0x4a0 ..\obj\system_stm32f10x.o
 .debug_info    0x00003ab4      0x131 ..\obj\startup_stm32f10x_hd.o
 .debug_info    0x00003be5      0x12f ..\obj\Crc.o
 .debug_info    0x00003d14      0x723 ..\obj\stm32f10x_gpio.o
 .debug_info    0x00004437      0xe13 ..\obj\main.o
 .debug_info    0x0000524a      0x486 ..\obj\Terminal.o
 .debug_info    0x000056d0     0x100a ..\obj\printf.o
 .debug_info    0x000066da      0x901 ..\obj\stm32f10x_rcc.o
 .debug_info    0x00006fdb      0x361 ..\obj\stm32f10x_exti.o
 .debug_info    0x0000733c      0xa6c ..\obj\stm32f10x_usart.o
 .debug_info    0x00007da8      0x440 ..\obj\syscalls.o
 .debug_info    0x000081e8      0x213 ..\obj\RingBuffer.o
 .debug_info    0x000083fb      0xb67 ..\obj\NetWork.o
 .debug_info    0x00008f62      0xe3b ..\obj\IRScanner.o
 .debug_info    0x00009d9d      0x495 ..\obj\IR.o

.debug_line     0x00000000     0x3d31
 .debug_line    0x00000000      0x3bf ..\obj\microrl.o
 .debug_line    0x000003bf      0x264 ..\obj\PlcTimers.o
 .debug_line    0x00000623      0xa3a ..\obj\stm32f10x_tim.o
 .debug_line    0x0000105d      0x270 ..\obj\core_cm3.o
 .debug_line    0x000012cd      0x20d ..\obj\system_stm32f10x.o
 .debug_line    0x000014da       0xa7 ..\obj\startup_stm32f10x_hd.o
 .debug_line    0x00001581      0x113 ..\obj\Crc.o
 .debug_line    0x00001694      0x35a ..\obj\stm32f10x_gpio.o
 .debug_line    0x000019ee      0x4de ..\obj\main.o
 .debug_line    0x00001ecc      0x25f ..\obj\Terminal.o
 .debug_line    0x0000212b      0x423 ..\obj\printf.o
 .debug_line    0x0000254e      0x470 ..\obj\stm32f10x_rcc.o
 .debug_line    0x000029be      0x250 ..\obj\stm32f10x_exti.o
 .debug_line    0x00002c0e      0x446 ..\obj\stm32f10x_usart.o
 .debug_line    0x00003054      0x17e ..\obj\syscalls.o
 .debug_line    0x000031d2      0x1ad ..\obj\RingBuffer.o
 .debug_line    0x0000337f      0x349 ..\obj\NetWork.o
 .debug_line    0x000036c8      0x3e5 ..\obj\IRScanner.o
 .debug_line    0x00003aad      0x284 ..\obj\IR.o

.debug_loc      0x00000000     0x451a
 .debug_loc     0x00000000      0x4d0 ..\obj\microrl.o
 .debug_loc     0x000004d0      0x1b4 ..\obj\PlcTimers.o
 .debug_loc     0x00000684     0x13e8 ..\obj\stm32f10x_tim.o
 .debug_loc     0x00001a6c      0x3f0 ..\obj\core_cm3.o
 .debug_loc     0x00001e5c       0xc8 ..\obj\system_stm32f10x.o
 .debug_loc     0x00001f24       0x64 ..\obj\startup_stm32f10x_hd.o
 .debug_loc     0x00001f88       0x38 ..\obj\Crc.o
 .debug_loc     0x00001fc0      0x3e4 ..\obj\stm32f10x_gpio.o
 .debug_loc     0x000023a4      0x434 ..\obj\main.o
 .debug_loc     0x000027d8      0x12c ..\obj\Terminal.o
 .debug_loc     0x00002904      0x3ea ..\obj\printf.o
 .debug_loc     0x00002cee      0x6dc ..\obj\stm32f10x_rcc.o
 .debug_loc     0x000033ca      0x1b4 ..\obj\stm32f10x_exti.o
 .debug_loc     0x0000357e      0x658 ..\obj\stm32f10x_usart.o
 .debug_loc     0x00003bd6      0x1ec ..\obj\syscalls.o
 .debug_loc     0x00003dc2      0x150 ..\obj\RingBuffer.o
 .debug_loc     0x00003f12      0x1c0 ..\obj\NetWork.o
 .debug_loc     0x000040d2      0x250 ..\obj\IRScanner.o
 .debug_loc     0x00004322      0x1f8 ..\obj\IR.o

.debug_pubnames
                0x00000000     0x1877
 .debug_pubnames
                0x00000000       0xb1 ..\obj\microrl.o
 .debug_pubnames
                0x000000b1       0x68 ..\obj\PlcTimers.o
 .debug_pubnames
                0x00000119      0x7b0 ..\obj\stm32f10x_tim.o
 .debug_pubnames
                0x000008c9      0x159 ..\obj\core_cm3.o
 .debug_pubnames
                0x00000a22       0x61 ..\obj\system_stm32f10x.o
 .debug_pubnames
                0x00000a83       0x4a ..\obj\startup_stm32f10x_hd.o
 .debug_pubnames
                0x00000acd       0x2b ..\obj\Crc.o
 .debug_pubnames
                0x00000af8      0x19d ..\obj\stm32f10x_gpio.o
 .debug_pubnames
                0x00000c95      0x1b0 ..\obj\main.o
 .debug_pubnames
                0x00000e45       0x78 ..\obj\Terminal.o
 .debug_pubnames
                0x00000ebd      0x101 ..\obj\printf.o
 .debug_pubnames
                0x00000fbe      0x2c4 ..\obj\stm32f10x_rcc.o
 .debug_pubnames
                0x00001282       0xbb ..\obj\stm32f10x_exti.o
 .debug_pubnames
                0x0000133d      0x294 ..\obj\stm32f10x_usart.o
 .debug_pubnames
                0x000015d1       0x71 ..\obj\syscalls.o
 .debug_pubnames
                0x00001642       0x5b ..\obj\RingBuffer.o
 .debug_pubnames
                0x0000169d       0x6a ..\obj\NetWork.o
 .debug_pubnames
                0x00001707       0x67 ..\obj\IRScanner.o
 .debug_pubnames
                0x0000176e      0x109 ..\obj\IR.o

.debug_pubtypes
                0x00000000      0xbbc
 .debug_pubtypes
                0x00000000       0x33 ..\obj\microrl.o
 .debug_pubtypes
                0x00000033       0x96 ..\obj\PlcTimers.o
 .debug_pubtypes
                0x000000c9       0xd8 ..\obj\stm32f10x_tim.o
 .debug_pubtypes
                0x000001a1       0x50 ..\obj\core_cm3.o
 .debug_pubtypes
                0x000001f1       0x67 ..\obj\system_stm32f10x.o
 .debug_pubtypes
                0x00000258       0x2b ..\obj\Crc.o
 .debug_pubtypes
                0x00000283       0xc3 ..\obj\stm32f10x_gpio.o
 .debug_pubtypes
                0x00000346      0x138 ..\obj\main.o
 .debug_pubtypes
                0x0000047e       0x49 ..\obj\Terminal.o
 .debug_pubtypes
                0x000004c7      0x165 ..\obj\printf.o
 .debug_pubtypes
                0x0000062c       0x9e ..\obj\stm32f10x_rcc.o
 .debug_pubtypes
                0x000006ca       0xa2 ..\obj\stm32f10x_exti.o
 .debug_pubtypes
                0x0000076c       0xc9 ..\obj\stm32f10x_usart.o
 .debug_pubtypes
                0x00000835       0xaa ..\obj\syscalls.o
 .debug_pubtypes
                0x000008df       0x31 ..\obj\RingBuffer.o
 .debug_pubtypes
                0x00000910      0x107 ..\obj\NetWork.o
 .debug_pubtypes
                0x00000a17      0x16f ..\obj\IRScanner.o
 .debug_pubtypes
                0x00000b86       0x36 ..\obj\IR.o

.debug_aranges  0x00000000      0xbf0
 .debug_aranges
                0x00000000       0xc8 ..\obj\microrl.o
 .debug_aranges
                0x000000c8       0x58 ..\obj\PlcTimers.o
 .debug_aranges
                0x00000120      0x2f0 ..\obj\stm32f10x_tim.o
 .debug_aranges
                0x00000410       0xc8 ..\obj\core_cm3.o
 .debug_aranges
                0x000004d8       0x38 ..\obj\system_stm32f10x.o
 .debug_aranges
                0x00000510       0x28 ..\obj\startup_stm32f10x_hd.o
 .debug_aranges
                0x00000538       0x20 ..\obj\Crc.o
 .debug_aranges
                0x00000558       0xa8 ..\obj\stm32f10x_gpio.o
 .debug_aranges
                0x00000600       0xc8 ..\obj\main.o
 .debug_aranges
                0x000006c8       0x48 ..\obj\Terminal.o
 .debug_aranges
                0x00000710       0xa0 ..\obj\printf.o
 .debug_aranges
                0x000007b0      0x118 ..\obj\stm32f10x_rcc.o
 .debug_aranges
                0x000008c8       0x58 ..\obj\stm32f10x_exti.o
 .debug_aranges
                0x00000920      0x100 ..\obj\stm32f10x_usart.o
 .debug_aranges
                0x00000a20       0x60 ..\obj\syscalls.o
 .debug_aranges
                0x00000a80       0x48 ..\obj\RingBuffer.o
 .debug_aranges
                0x00000ac8       0x58 ..\obj\NetWork.o
 .debug_aranges
                0x00000b20       0x70 ..\obj\IRScanner.o
 .debug_aranges
                0x00000b90       0x60 ..\obj\IR.o

.debug_ranges   0x00000000      0xad8
 .debug_ranges  0x00000000       0xb8 ..\obj\microrl.o
 .debug_ranges  0x000000b8       0x48 ..\obj\PlcTimers.o
 .debug_ranges  0x00000100      0x2e0 ..\obj\stm32f10x_tim.o
 .debug_ranges  0x000003e0       0xb8 ..\obj\core_cm3.o
 .debug_ranges  0x00000498       0x28 ..\obj\system_stm32f10x.o
 .debug_ranges  0x000004c0       0x18 ..\obj\startup_stm32f10x_hd.o
 .debug_ranges  0x000004d8       0x10 ..\obj\Crc.o
 .debug_ranges  0x000004e8       0x98 ..\obj\stm32f10x_gpio.o
 .debug_ranges  0x00000580       0xd0 ..\obj\main.o
 .debug_ranges  0x00000650       0x38 ..\obj\Terminal.o
 .debug_ranges  0x00000688       0x90 ..\obj\printf.o
 .debug_ranges  0x00000718      0x108 ..\obj\stm32f10x_rcc.o
 .debug_ranges  0x00000820       0x48 ..\obj\stm32f10x_exti.o
 .debug_ranges  0x00000868       0xf0 ..\obj\stm32f10x_usart.o
 .debug_ranges  0x00000958       0x50 ..\obj\syscalls.o
 .debug_ranges  0x000009a8       0x38 ..\obj\RingBuffer.o
 .debug_ranges  0x000009e0       0x48 ..\obj\NetWork.o
 .debug_ranges  0x00000a28       0x60 ..\obj\IRScanner.o
 .debug_ranges  0x00000a88       0x50 ..\obj\IR.o

.debug_str      0x00000000     0x3364
 .debug_str     0x00000000      0x32e ..\obj\microrl.o
                                0x386 (size before relaxing)
 .debug_str     0x0000032e      0x6fd ..\obj\PlcTimers.o
                                0x79e (size before relaxing)
 .debug_str     0x00000a2b      0xa8c ..\obj\stm32f10x_tim.o
                                0xd3f (size before relaxing)
 .debug_str     0x000014b7      0x167 ..\obj\core_cm3.o
                                0x22e (size before relaxing)
 .debug_str     0x0000161e      0x113 ..\obj\system_stm32f10x.o
                                0x241 (size before relaxing)
 .debug_str     0x00001731       0xb5 ..\obj\startup_stm32f10x_hd.o
                                 0xe0 (size before relaxing)
 .debug_str     0x000017e6       0x4f ..\obj\Crc.o
                                 0xfd (size before relaxing)
 .debug_str     0x00001835      0x383 ..\obj\stm32f10x_gpio.o
                                0x47b (size before relaxing)
 .debug_str     0x00001bb8      0x2f9 ..\obj\main.o
                                0xa6b (size before relaxing)
 .debug_str     0x00001eb1       0xa6 ..\obj\Terminal.o
                                0x20c (size before relaxing)
 .debug_str     0x00001f57      0x4a5 ..\obj\printf.o
                                0x653 (size before relaxing)
 .debug_str     0x000023fc      0x3ed ..\obj\stm32f10x_rcc.o
                                0x57c (size before relaxing)
 .debug_str     0x000027e9      0x1d7 ..\obj\stm32f10x_exti.o
                                0x2c0 (size before relaxing)
 .debug_str     0x000029c0      0x3ae ..\obj\stm32f10x_usart.o
                                0x5f2 (size before relaxing)
 .debug_str     0x00002d6e      0x14c ..\obj\syscalls.o
                                0x255 (size before relaxing)
 .debug_str     0x00002eba       0x73 ..\obj\RingBuffer.o
                                0x13d (size before relaxing)
 .debug_str     0x00002f2d      0x16d ..\obj\NetWork.o
                                0x931 (size before relaxing)
 .debug_str     0x0000309a      0x197 ..\obj\IRScanner.o
                                0xb74 (size before relaxing)
 .debug_str     0x00003231      0x133 ..\obj\IR.o
                                0x290 (size before relaxing)

.comment        0x00000000       0x11
 .comment       0x00000000       0x11 ..\obj\microrl.o
                                 0x12 (size before relaxing)
 .comment       0x00000000       0x12 ..\obj\PlcTimers.o
 .comment       0x00000000       0x12 ..\obj\stm32f10x_tim.o
 .comment       0x00000000       0x12 ..\obj\core_cm3.o
 .comment       0x00000000       0x12 ..\obj\system_stm32f10x.o
 .comment       0x00000000       0x12 ..\obj\startup_stm32f10x_hd.o
 .comment       0x00000000       0x12 ..\obj\Crc.o
 .comment       0x00000000       0x12 ..\obj\stm32f10x_gpio.o
 .comment       0x00000000       0x12 ..\obj\main.o
 .comment       0x00000000       0x12 ..\obj\Terminal.o
 .comment       0x00000000       0x12 ..\obj\printf.o
 .comment       0x00000000       0x12 ..\obj\stm32f10x_rcc.o
 .comment       0x00000000       0x12 ..\obj\stm32f10x_exti.o
 .comment       0x00000000       0x12 ..\obj\stm32f10x_usart.o
 .comment       0x00000000       0x12 ..\obj\syscalls.o
 .comment       0x00000000       0x12 ..\obj\RingBuffer.o
 .comment       0x00000000       0x12 ..\obj\NetWork.o
 .comment       0x00000000       0x12 ..\obj\IRScanner.o
 .comment       0x00000000       0x12 ..\obj\IR.o

.ARM.attributes
                0x00000000       0x31
 .ARM.attributes
                0x00000000       0x31 ..\obj\microrl.o
 .ARM.attributes
                0x00000031       0x31 ..\obj\PlcTimers.o
 .ARM.attributes
                0x00000062       0x31 ..\obj\stm32f10x_tim.o
 .ARM.attributes
                0x00000093       0x31 ..\obj\core_cm3.o
 .ARM.attributes
                0x000000c4       0x31 ..\obj\system_stm32f10x.o
 .ARM.attributes
                0x000000f5       0x31 ..\obj\startup_stm32f10x_hd.o
 .ARM.attributes
                0x00000126       0x31 ..\obj\Crc.o
 .ARM.attributes
                0x00000157       0x31 ..\obj\stm32f10x_gpio.o
 .ARM.attributes
                0x00000188       0x31 ..\obj\main.o
 .ARM.attributes
                0x000001b9       0x31 ..\obj\Terminal.o
 .ARM.attributes
                0x000001ea       0x31 ..\obj\printf.o
 .ARM.attributes
                0x0000021b       0x31 ..\obj\stm32f10x_rcc.o
 .ARM.attributes
                0x0000024c       0x31 ..\obj\stm32f10x_exti.o
 .ARM.attributes
                0x0000027d       0x31 ..\obj\stm32f10x_usart.o
 .ARM.attributes
                0x000002ae       0x31 ..\obj\syscalls.o
 .ARM.attributes
                0x000002df       0x31 ..\obj\RingBuffer.o
 .ARM.attributes
                0x00000310       0x31 ..\obj\NetWork.o
 .ARM.attributes
                0x00000341       0x31 ..\obj\IRScanner.o
 .ARM.attributes
                0x00000372       0x31 ..\obj\IR.o
 .ARM.attributes
                0x000003a3       0x29 c:/coocox/coide/gcc/bin/../lib/gcc/arm-none-eabi/4.5.2/../../../../arm-none-eabi/lib/thumb2\libc.a(lib_a-atoi.o)
 .ARM.attributes
                0x000003cc       0x29 c:/coocox/coide/gcc/bin/../lib/gcc/arm-none-eabi/4.5.2/../../../../arm-none-eabi/lib/thumb2\libc.a(lib_a-calloc.o)
 .ARM.attributes
                0x000003f5       0x29 c:/coocox/coide/gcc/bin/../lib/gcc/arm-none-eabi/4.5.2/../../../../arm-none-eabi/lib/thumb2\libc.a(lib_a-callocr.o)
 .ARM.attributes
                0x0000041e       0x29 c:/coocox/coide/gcc/bin/../lib/gcc/arm-none-eabi/4.5.2/../../../../arm-none-eabi/lib/thumb2\libc.a(lib_a-mallocr.o)
 .ARM.attributes
                0x00000447       0x29 c:/coocox/coide/gcc/bin/../lib/gcc/arm-none-eabi/4.5.2/../../../../arm-none-eabi/lib/thumb2\libc.a(lib_a-memcpy.o)
 .ARM.attributes
                0x00000470       0x29 c:/coocox/coide/gcc/bin/../lib/gcc/arm-none-eabi/4.5.2/../../../../arm-none-eabi/lib/thumb2\libc.a(lib_a-memmove.o)
 .ARM.attributes
                0x00000499       0x29 c:/coocox/coide/gcc/bin/../lib/gcc/arm-none-eabi/4.5.2/../../../../arm-none-eabi/lib/thumb2\libc.a(lib_a-memset.o)
 .ARM.attributes
                0x000004c2       0x29 c:/coocox/coide/gcc/bin/../lib/gcc/arm-none-eabi/4.5.2/../../../../arm-none-eabi/lib/thumb2\libc.a(lib_a-mlock.o)
 .ARM.attributes
                0x000004eb       0x29 c:/coocox/coide/gcc/bin/../lib/gcc/arm-none-eabi/4.5.2/../../../../arm-none-eabi/lib/thumb2\libc.a(lib_a-sbrkr.o)
 .ARM.attributes
                0x00000514       0x29 c:/coocox/coide/gcc/bin/../lib/gcc/arm-none-eabi/4.5.2/../../../../arm-none-eabi/lib/thumb2\libc.a(lib_a-strcmp.o)
 .ARM.attributes
                0x0000053d       0x29 c:/coocox/coide/gcc/bin/../lib/gcc/arm-none-eabi/4.5.2/../../../../arm-none-eabi/lib/thumb2\libc.a(lib_a-strlen.o)
 .ARM.attributes
                0x00000566       0x29 c:/coocox/coide/gcc/bin/../lib/gcc/arm-none-eabi/4.5.2/../../../../arm-none-eabi/lib/thumb2\libc.a(lib_a-strstr.o)
 .ARM.attributes
                0x0000058f       0x29 c:/coocox/coide/gcc/bin/../lib/gcc/arm-none-eabi/4.5.2/../../../../arm-none-eabi/lib/thumb2\libc.a(lib_a-strtol.o)
 .ARM.attributes
                0x000005b8       0x29 c:/coocox/coide/gcc/bin/../lib/gcc/arm-none-eabi/4.5.2/../../../../arm-none-eabi/lib/thumb2\libc.a(lib_a-ctype_.o)
 .ARM.attributes
                0x000005e1       0x29 c:/coocox/coide/gcc/bin/../lib/gcc/arm-none-eabi/4.5.2/../../../../arm-none-eabi/lib/thumb2\libc.a(lib_a-freer.o)
 .ARM.attributes
                0x0000060a       0x29 c:/coocox/coide/gcc/bin/../lib/gcc/arm-none-eabi/4.5.2/../../../../arm-none-eabi/lib/thumb2\libc.a(lib_a-memchr.o)
 .ARM.attributes
                0x00000633       0x29 c:/coocox/coide/gcc/bin/../lib/gcc/arm-none-eabi/4.5.2/../../../../arm-none-eabi/lib/thumb2\libc.a(lib_a-memcmp.o)
 .ARM.attributes
                0x0000065c       0x29 c:/coocox/coide/gcc/bin/../lib/gcc/arm-none-eabi/4.5.2/../../../../arm-none-eabi/lib/thumb2\libc.a(lib_a-reent.o)
 .ARM.attributes
                0x00000685       0x29 c:/coocox/coide/gcc/bin/../lib/gcc/arm-none-eabi/4.5.2/../../../../arm-none-eabi/lib/thumb2\libc.a(lib_a-strchr.o)
 .ARM.attributes
                0x000006ae       0x1b c:/coocox/coide/gcc/bin/../lib/gcc/arm-none-eabi/4.5.2/thumb2\libgcc.a(_udivsi3.o)
 .ARM.attributes
                0x000006c9       0x1b c:/coocox/coide/gcc/bin/../lib/gcc/arm-none-eabi/4.5.2/thumb2\libgcc.a(_dvmd_tls.o)

.debug_frame    0x00000000     0x29ec
 .debug_frame   0x00000000      0x2b8 ..\obj\microrl.o
 .debug_frame   0x000002b8      0x100 ..\obj\PlcTimers.o
 .debug_frame   0x000003b8      0xa20 ..\obj\stm32f10x_tim.o
 .debug_frame   0x00000dd8      0x280 ..\obj\core_cm3.o
 .debug_frame   0x00001058       0x80 ..\obj\system_stm32f10x.o
 .debug_frame   0x000010d8       0x48 ..\obj\startup_stm32f10x_hd.o
 .debug_frame   0x00001120       0x2c ..\obj\Crc.o
 .debug_frame   0x0000114c      0x210 ..\obj\stm32f10x_gpio.o
 .debug_frame   0x0000135c      0x260 ..\obj\main.o
 .debug_frame   0x000015bc       0xc4 ..\obj\Terminal.o
 .debug_frame   0x00001680      0x248 ..\obj\printf.o
 .debug_frame   0x000018c8      0x388 ..\obj\stm32f10x_rcc.o
 .debug_frame   0x00001c50       0xec ..\obj\stm32f10x_exti.o
 .debug_frame   0x00001d3c      0x344 ..\obj\stm32f10x_usart.o
 .debug_frame   0x00002080      0x108 ..\obj\syscalls.o
 .debug_frame   0x00002188       0xbc ..\obj\RingBuffer.o
 .debug_frame   0x00002244      0x108 ..\obj\NetWork.o
 .debug_frame   0x0000234c      0x15c ..\obj\IRScanner.o
 .debug_frame   0x000024a8      0x118 ..\obj\IR.o
 .debug_frame   0x000025c0       0x30 c:/coocox/coide/gcc/bin/../lib/gcc/arm-none-eabi/4.5.2/../../../../arm-none-eabi/lib/thumb2\libc.a(lib_a-atoi.o)
 .debug_frame   0x000025f0       0x20 c:/coocox/coide/gcc/bin/../lib/gcc/arm-none-eabi/4.5.2/../../../../arm-none-eabi/lib/thumb2\libc.a(lib_a-calloc.o)
 .debug_frame   0x00002610       0x2c c:/coocox/coide/gcc/bin/../lib/gcc/arm-none-eabi/4.5.2/../../../../arm-none-eabi/lib/thumb2\libc.a(lib_a-callocr.o)
 .debug_frame   0x0000263c       0x3c c:/coocox/coide/gcc/bin/../lib/gcc/arm-none-eabi/4.5.2/../../../../arm-none-eabi/lib/thumb2\libc.a(lib_a-mallocr.o)
 .debug_frame   0x00002678       0x30 c:/coocox/coide/gcc/bin/../lib/gcc/arm-none-eabi/4.5.2/../../../../arm-none-eabi/lib/thumb2\libc.a(lib_a-memcpy.o)
 .debug_frame   0x000026a8       0x2c c:/coocox/coide/gcc/bin/../lib/gcc/arm-none-eabi/4.5.2/../../../../arm-none-eabi/lib/thumb2\libc.a(lib_a-memmove.o)
 .debug_frame   0x000026d4       0x2c c:/coocox/coide/gcc/bin/../lib/gcc/arm-none-eabi/4.5.2/../../../../arm-none-eabi/lib/thumb2\libc.a(lib_a-memset.o)
 .debug_frame   0x00002700       0x30 c:/coocox/coide/gcc/bin/../lib/gcc/arm-none-eabi/4.5.2/../../../../arm-none-eabi/lib/thumb2\libc.a(lib_a-mlock.o)
 .debug_frame   0x00002730       0x2c c:/coocox/coide/gcc/bin/../lib/gcc/arm-none-eabi/4.5.2/../../../../arm-none-eabi/lib/thumb2\libc.a(lib_a-sbrkr.o)
 .debug_frame   0x0000275c       0x30 c:/coocox/coide/gcc/bin/../lib/gcc/arm-none-eabi/4.5.2/../../../../arm-none-eabi/lib/thumb2\libc.a(lib_a-strcmp.o)
 .debug_frame   0x0000278c       0x20 c:/coocox/coide/gcc/bin/../lib/gcc/arm-none-eabi/4.5.2/../../../../arm-none-eabi/lib/thumb2\libc.a(lib_a-strlen.o)
 .debug_frame   0x000027ac       0x90 c:/coocox/coide/gcc/bin/../lib/gcc/arm-none-eabi/4.5.2/../../../../arm-none-eabi/lib/thumb2\libc.a(lib_a-strstr.o)
 .debug_frame   0x0000283c       0x54 c:/coocox/coide/gcc/bin/../lib/gcc/arm-none-eabi/4.5.2/../../../../arm-none-eabi/lib/thumb2\libc.a(lib_a-strtol.o)
 .debug_frame   0x00002890       0x50 c:/coocox/coide/gcc/bin/../lib/gcc/arm-none-eabi/4.5.2/../../../../arm-none-eabi/lib/thumb2\libc.a(lib_a-freer.o)
 .debug_frame   0x000028e0       0x2c c:/coocox/coide/gcc/bin/../lib/gcc/arm-none-eabi/4.5.2/../../../../arm-none-eabi/lib/thumb2\libc.a(lib_a-memchr.o)
 .debug_frame   0x0000290c       0x2c c:/coocox/coide/gcc/bin/../lib/gcc/arm-none-eabi/4.5.2/../../../../arm-none-eabi/lib/thumb2\libc.a(lib_a-memcmp.o)
 .debug_frame   0x00002938       0x68 c:/coocox/coide/gcc/bin/../lib/gcc/arm-none-eabi/4.5.2/../../../../arm-none-eabi/lib/thumb2\libc.a(lib_a-reent.o)
 .debug_frame   0x000029a0       0x2c c:/coocox/coide/gcc/bin/../lib/gcc/arm-none-eabi/4.5.2/../../../../arm-none-eabi/lib/thumb2\libc.a(lib_a-strchr.o)
 .debug_frame   0x000029cc       0x20 c:/coocox/coide/gcc/bin/../lib/gcc/arm-none-eabi/4.5.2/thumb2\libgcc.a(_udivsi3.o)
