Archive member included because of file (symbol)

c:/coocox/coide/gcc/bin/../lib/gcc/arm-none-eabi/4.5.2/../../../../arm-none-eabi/lib/thumb2\libc.a(lib_a-atoi.o)
                              ..\obj\misc.o (atoi)
c:/coocox/coide/gcc/bin/../lib/gcc/arm-none-eabi/4.5.2/../../../../arm-none-eabi/lib/thumb2\libc.a(lib_a-memcpy.o)
                              ..\obj\microrl.o (memcpy)
c:/coocox/coide/gcc/bin/../lib/gcc/arm-none-eabi/4.5.2/../../../../arm-none-eabi/lib/thumb2\libc.a(lib_a-memmove.o)
                              ..\obj\microrl.o (memmove)
c:/coocox/coide/gcc/bin/../lib/gcc/arm-none-eabi/4.5.2/../../../../arm-none-eabi/lib/thumb2\libc.a(lib_a-memset.o)
                              ..\obj\microrl.o (memset)
c:/coocox/coide/gcc/bin/../lib/gcc/arm-none-eabi/4.5.2/../../../../arm-none-eabi/lib/thumb2\libc.a(lib_a-strcmp.o)
                              ..\obj\misc.o (strcmp)
c:/coocox/coide/gcc/bin/../lib/gcc/arm-none-eabi/4.5.2/../../../../arm-none-eabi/lib/thumb2\libc.a(lib_a-strlen.o)
                              ..\obj\microrl.o (strlen)
c:/coocox/coide/gcc/bin/../lib/gcc/arm-none-eabi/4.5.2/../../../../arm-none-eabi/lib/thumb2\libc.a(lib_a-strstr.o)
                              ..\obj\misc.o (strstr)
c:/coocox/coide/gcc/bin/../lib/gcc/arm-none-eabi/4.5.2/../../../../arm-none-eabi/lib/thumb2\libc.a(lib_a-strtol.o)
                              c:/coocox/coide/gcc/bin/../lib/gcc/arm-none-eabi/4.5.2/../../../../arm-none-eabi/lib/thumb2\libc.a(lib_a-atoi.o) (_strtol_r)
c:/coocox/coide/gcc/bin/../lib/gcc/arm-none-eabi/4.5.2/../../../../arm-none-eabi/lib/thumb2\libc.a(lib_a-ctype_.o)
                              c:/coocox/coide/gcc/bin/../lib/gcc/arm-none-eabi/4.5.2/../../../../arm-none-eabi/lib/thumb2\libc.a(lib_a-strtol.o) (__ctype_ptr__)
c:/coocox/coide/gcc/bin/../lib/gcc/arm-none-eabi/4.5.2/../../../../arm-none-eabi/lib/thumb2\libc.a(lib_a-memchr.o)
                              c:/coocox/coide/gcc/bin/../lib/gcc/arm-none-eabi/4.5.2/../../../../arm-none-eabi/lib/thumb2\libc.a(lib_a-strstr.o) (memchr)
c:/coocox/coide/gcc/bin/../lib/gcc/arm-none-eabi/4.5.2/../../../../arm-none-eabi/lib/thumb2\libc.a(lib_a-memcmp.o)
                              c:/coocox/coide/gcc/bin/../lib/gcc/arm-none-eabi/4.5.2/../../../../arm-none-eabi/lib/thumb2\libc.a(lib_a-strstr.o) (memcmp)
c:/coocox/coide/gcc/bin/../lib/gcc/arm-none-eabi/4.5.2/../../../../arm-none-eabi/lib/thumb2\libc.a(lib_a-strchr.o)
                              c:/coocox/coide/gcc/bin/../lib/gcc/arm-none-eabi/4.5.2/../../../../arm-none-eabi/lib/thumb2\libc.a(lib_a-strstr.o) (strchr)
c:/coocox/coide/gcc/bin/../lib/gcc/arm-none-eabi/4.5.2/thumb2\libgcc.a(_udivsi3.o)
                              c:/coocox/coide/gcc/bin/../lib/gcc/arm-none-eabi/4.5.2/../../../../arm-none-eabi/lib/thumb2\libc.a(lib_a-strtol.o) (__aeabi_uidiv)
c:/coocox/coide/gcc/bin/../lib/gcc/arm-none-eabi/4.5.2/thumb2\libgcc.a(_dvmd_tls.o)
                              c:/coocox/coide/gcc/bin/../lib/gcc/arm-none-eabi/4.5.2/thumb2\libgcc.a(_udivsi3.o) (__aeabi_idiv0)

Allocating common symbols
Common symbol       size              file

rl                  0xf0              ..\obj\main.o
compl_world         0x24              ..\obj\misc.o
Index               0x4               ..\obj\main.o
TIM_TimeBaseStructure
                    0xa               ..\obj\API.o
Intervals           0x1000            ..\obj\main.o
TIM_OCInitStructure
                    0x10              ..\obj\API.o

Discarded input sections

 .text          0x00000000        0x0 ..\obj\microrl.o
 .text          0x00000000        0x0 ..\obj\stm32f10x_tim.o
 .data          0x00000000        0x0 ..\obj\stm32f10x_tim.o
 .bss           0x00000000        0x0 ..\obj\stm32f10x_tim.o
 .text.TIM_DeInit
                0x00000000      0x290 ..\obj\stm32f10x_tim.o
 .text.TIM_OC2Init
                0x00000000      0x130 ..\obj\stm32f10x_tim.o
 .text.TIM_OC3Init
                0x00000000      0x12c ..\obj\stm32f10x_tim.o
 .text.TIM_OC4Init
                0x00000000       0xe4 ..\obj\stm32f10x_tim.o
 .text.TIM_ICInit
                0x00000000       0xa8 ..\obj\stm32f10x_tim.o
 .text.TIM_BDTRConfig
                0x00000000       0x5c ..\obj\stm32f10x_tim.o
 .text.TIM_TimeBaseStructInit
                0x00000000       0x3c ..\obj\stm32f10x_tim.o
 .text.TIM_OCStructInit
                0x00000000       0x54 ..\obj\stm32f10x_tim.o
 .text.TIM_ICStructInit
                0x00000000       0x3c ..\obj\stm32f10x_tim.o
 .text.TIM_BDTRStructInit
                0x00000000       0x4c ..\obj\stm32f10x_tim.o
 .text.TIM_CtrlPWMOutputs
                0x00000000       0x50 ..\obj\stm32f10x_tim.o
 .text.TIM_GenerateEvent
                0x00000000       0x1c ..\obj\stm32f10x_tim.o
 .text.TIM_DMAConfig
                0x00000000       0x2c ..\obj\stm32f10x_tim.o
 .text.TIM_DMACmd
                0x00000000       0x4c ..\obj\stm32f10x_tim.o
 .text.TIM_InternalClockConfig
                0x00000000       0x24 ..\obj\stm32f10x_tim.o
 .text.TIM_ITRxExternalClockConfig
                0x00000000       0x30 ..\obj\stm32f10x_tim.o
 .text.TIM_TIxExternalClockConfig
                0x00000000       0x58 ..\obj\stm32f10x_tim.o
 .text.TIM_ETRClockMode1Config
                0x00000000       0x54 ..\obj\stm32f10x_tim.o
 .text.TIM_ETRClockMode2Config
                0x00000000       0x34 ..\obj\stm32f10x_tim.o
 .text.TIM_ETRConfig
                0x00000000       0x54 ..\obj\stm32f10x_tim.o
 .text.TIM_PrescalerConfig
                0x00000000       0x28 ..\obj\stm32f10x_tim.o
 .text.TIM_CounterModeConfig
                0x00000000       0x3c ..\obj\stm32f10x_tim.o
 .text.TIM_EncoderInterfaceConfig
                0x00000000       0x98 ..\obj\stm32f10x_tim.o
 .text.TIM_ForcedOC1Config
                0x00000000       0x3c ..\obj\stm32f10x_tim.o
 .text.TIM_ForcedOC2Config
                0x00000000       0x40 ..\obj\stm32f10x_tim.o
 .text.TIM_ForcedOC3Config
                0x00000000       0x3c ..\obj\stm32f10x_tim.o
 .text.TIM_ForcedOC4Config
                0x00000000       0x40 ..\obj\stm32f10x_tim.o
 .text.TIM_SelectCOM
                0x00000000       0x40 ..\obj\stm32f10x_tim.o
 .text.TIM_SelectCCDMA
                0x00000000       0x40 ..\obj\stm32f10x_tim.o
 .text.TIM_CCPreloadControl
                0x00000000       0x40 ..\obj\stm32f10x_tim.o
 .text.TIM_OC2PreloadConfig
                0x00000000       0x40 ..\obj\stm32f10x_tim.o
 .text.TIM_OC3PreloadConfig
                0x00000000       0x3c ..\obj\stm32f10x_tim.o
 .text.TIM_OC4PreloadConfig
                0x00000000       0x40 ..\obj\stm32f10x_tim.o
 .text.TIM_OC1FastConfig
                0x00000000       0x3c ..\obj\stm32f10x_tim.o
 .text.TIM_OC2FastConfig
                0x00000000       0x40 ..\obj\stm32f10x_tim.o
 .text.TIM_OC3FastConfig
                0x00000000       0x3c ..\obj\stm32f10x_tim.o
 .text.TIM_OC4FastConfig
                0x00000000       0x40 ..\obj\stm32f10x_tim.o
 .text.TIM_ClearOC1Ref
                0x00000000       0x3c ..\obj\stm32f10x_tim.o
 .text.TIM_ClearOC2Ref
                0x00000000       0x44 ..\obj\stm32f10x_tim.o
 .text.TIM_ClearOC3Ref
                0x00000000       0x3c ..\obj\stm32f10x_tim.o
 .text.TIM_ClearOC4Ref
                0x00000000       0x44 ..\obj\stm32f10x_tim.o
 .text.TIM_OC1PolarityConfig
                0x00000000       0x3c ..\obj\stm32f10x_tim.o
 .text.TIM_OC1NPolarityConfig
                0x00000000       0x3c ..\obj\stm32f10x_tim.o
 .text.TIM_OC2PolarityConfig
                0x00000000       0x40 ..\obj\stm32f10x_tim.o
 .text.TIM_OC2NPolarityConfig
                0x00000000       0x40 ..\obj\stm32f10x_tim.o
 .text.TIM_OC3PolarityConfig
                0x00000000       0x40 ..\obj\stm32f10x_tim.o
 .text.TIM_OC3NPolarityConfig
                0x00000000       0x40 ..\obj\stm32f10x_tim.o
 .text.TIM_OC4PolarityConfig
                0x00000000       0x40 ..\obj\stm32f10x_tim.o
 .text.TIM_CCxCmd
                0x00000000       0x60 ..\obj\stm32f10x_tim.o
 .text.TIM_CCxNCmd
                0x00000000       0x60 ..\obj\stm32f10x_tim.o
 .text.TIM_SelectOCxM
                0x00000000       0xc0 ..\obj\stm32f10x_tim.o
 .text.TIM_UpdateDisableConfig
                0x00000000       0x40 ..\obj\stm32f10x_tim.o
 .text.TIM_UpdateRequestConfig
                0x00000000       0x40 ..\obj\stm32f10x_tim.o
 .text.TIM_SelectHallSensor
                0x00000000       0x40 ..\obj\stm32f10x_tim.o
 .text.TIM_SelectOnePulseMode
                0x00000000       0x38 ..\obj\stm32f10x_tim.o
 .text.TIM_SelectOutputTrigger
                0x00000000       0x38 ..\obj\stm32f10x_tim.o
 .text.TIM_SetCounter
                0x00000000       0x1c ..\obj\stm32f10x_tim.o
 .text.TIM_SetAutoreload
                0x00000000       0x1c ..\obj\stm32f10x_tim.o
 .text.TIM_SetCompare1
                0x00000000       0x1c ..\obj\stm32f10x_tim.o
 .text.TIM_SetCompare2
                0x00000000       0x1c ..\obj\stm32f10x_tim.o
 .text.TIM_SetCompare3
                0x00000000       0x1c ..\obj\stm32f10x_tim.o
 .text.TIM_SetCompare4
                0x00000000       0x20 ..\obj\stm32f10x_tim.o
 .text.TIM_SetIC3Prescaler
                0x00000000       0x38 ..\obj\stm32f10x_tim.o
 .text.TIM_SetIC4Prescaler
                0x00000000       0x40 ..\obj\stm32f10x_tim.o
 .text.TIM_SetClockDivision
                0x00000000       0x38 ..\obj\stm32f10x_tim.o
 .text.TIM_GetCapture3
                0x00000000       0x1c ..\obj\stm32f10x_tim.o
 .text.TIM_GetCapture4
                0x00000000       0x1c ..\obj\stm32f10x_tim.o
 .text.TIM_GetCounter
                0x00000000       0x1c ..\obj\stm32f10x_tim.o
 .text.TIM_GetPrescaler
                0x00000000       0x1c ..\obj\stm32f10x_tim.o
 .text.TIM_GetFlagStatus
                0x00000000       0x40 ..\obj\stm32f10x_tim.o
 .text.TIM_ClearFlag
                0x00000000       0x24 ..\obj\stm32f10x_tim.o
 .text.TIM_GetITStatus
                0x00000000       0x64 ..\obj\stm32f10x_tim.o
 .text.TI3_Config
                0x00000000       0xf0 ..\obj\stm32f10x_tim.o
 .text.TI4_Config
                0x00000000      0x108 ..\obj\stm32f10x_tim.o
 .text          0x00000000        0x0 ..\obj\startup_stm32f10x_md_vl.o
 .data          0x00000000        0x0 ..\obj\startup_stm32f10x_md_vl.o
 .bss           0x00000000        0x0 ..\obj\startup_stm32f10x_md_vl.o
 .text          0x00000000        0x0 ..\obj\core_cm3.o
 .data          0x00000000        0x0 ..\obj\core_cm3.o
 .bss           0x00000000        0x0 ..\obj\core_cm3.o
 .text.__get_PSP
                0x00000000       0x10 ..\obj\core_cm3.o
 .text.__set_PSP
                0x00000000        0x8 ..\obj\core_cm3.o
 .text.__get_MSP
                0x00000000       0x10 ..\obj\core_cm3.o
 .text.__set_MSP
                0x00000000        0x8 ..\obj\core_cm3.o
 .text.__get_BASEPRI
                0x00000000       0x20 ..\obj\core_cm3.o
 .text.__set_BASEPRI
                0x00000000       0x18 ..\obj\core_cm3.o
 .text.__get_PRIMASK
                0x00000000       0x20 ..\obj\core_cm3.o
 .text.__set_PRIMASK
                0x00000000       0x18 ..\obj\core_cm3.o
 .text.__get_FAULTMASK
                0x00000000       0x20 ..\obj\core_cm3.o
 .text.__set_FAULTMASK
                0x00000000       0x18 ..\obj\core_cm3.o
 .text.__get_CONTROL
                0x00000000       0x20 ..\obj\core_cm3.o
 .text.__set_CONTROL
                0x00000000       0x18 ..\obj\core_cm3.o
 .text.__REV    0x00000000       0x24 ..\obj\core_cm3.o
 .text.__REV16  0x00000000       0x24 ..\obj\core_cm3.o
 .text.__REVSH  0x00000000       0x24 ..\obj\core_cm3.o
 .text.__RBIT   0x00000000       0x24 ..\obj\core_cm3.o
 .text.__LDREXB
                0x00000000       0x24 ..\obj\core_cm3.o
 .text.__LDREXH
                0x00000000       0x24 ..\obj\core_cm3.o
 .text.__LDREXW
                0x00000000       0x24 ..\obj\core_cm3.o
 .text.__STREXB
                0x00000000       0x2c ..\obj\core_cm3.o
 .text.__STREXH
                0x00000000       0x2c ..\obj\core_cm3.o
 .text.__STREXW
                0x00000000       0x28 ..\obj\core_cm3.o
 .text          0x00000000        0x0 ..\obj\API.o
 .text          0x00000000        0x0 ..\obj\system_stm32f10x.o
 .bss           0x00000000        0x0 ..\obj\system_stm32f10x.o
 .text.SystemCoreClockUpdate
                0x00000000       0xe4 ..\obj\system_stm32f10x.o
 .text          0x00000000        0x0 ..\obj\stm32f10x_gpio.o
 .data          0x00000000        0x0 ..\obj\stm32f10x_gpio.o
 .bss           0x00000000        0x0 ..\obj\stm32f10x_gpio.o
 .text.GPIO_DeInit
                0x00000000      0x118 ..\obj\stm32f10x_gpio.o
 .text.GPIO_AFIODeInit
                0x00000000       0x20 ..\obj\stm32f10x_gpio.o
 .text.GPIO_ReadInputDataBit
                0x00000000       0x3c ..\obj\stm32f10x_gpio.o
 .text.GPIO_ReadInputData
                0x00000000       0x1c ..\obj\stm32f10x_gpio.o
 .text.GPIO_ReadOutputDataBit
                0x00000000       0x3c ..\obj\stm32f10x_gpio.o
 .text.GPIO_ReadOutputData
                0x00000000       0x1c ..\obj\stm32f10x_gpio.o
 .text.GPIO_SetBits
                0x00000000       0x1c ..\obj\stm32f10x_gpio.o
 .text.GPIO_ResetBits
                0x00000000       0x1c ..\obj\stm32f10x_gpio.o
 .text.GPIO_WriteBit
                0x00000000       0x30 ..\obj\stm32f10x_gpio.o
 .text.GPIO_Write
                0x00000000       0x1c ..\obj\stm32f10x_gpio.o
 .text.GPIO_PinLockConfig
                0x00000000       0x44 ..\obj\stm32f10x_gpio.o
 .text.GPIO_EventOutputConfig
                0x00000000       0x54 ..\obj\stm32f10x_gpio.o
 .text.GPIO_EventOutputCmd
                0x00000000       0x20 ..\obj\stm32f10x_gpio.o
 .text.GPIO_PinRemapConfig
                0x00000000      0x104 ..\obj\stm32f10x_gpio.o
 .text.GPIO_ETH_MediaInterfaceConfig
                0x00000000       0x1c ..\obj\stm32f10x_gpio.o
 .text          0x00000000        0x0 ..\obj\main.o
 .text          0x00000000        0x0 ..\obj\printf.o
 .bss           0x00000000        0x0 ..\obj\printf.o
 .text.fprintf  0x00000000       0x30 ..\obj\printf.o
 .text.sprintf  0x00000000       0x30 ..\obj\printf.o
 .text.puts     0x00000000       0x28 ..\obj\printf.o
 .text          0x00000000        0x0 ..\obj\stm32f10x_rcc.o
 .bss           0x00000000        0x0 ..\obj\stm32f10x_rcc.o
 .text.RCC_DeInit
                0x00000000       0x64 ..\obj\stm32f10x_rcc.o
 .text.RCC_HSEConfig
                0x00000000       0x5c ..\obj\stm32f10x_rcc.o
 .text.RCC_WaitForHSEStartUp
                0x00000000       0x64 ..\obj\stm32f10x_rcc.o
 .text.RCC_AdjustHSICalibrationValue
                0x00000000       0x40 ..\obj\stm32f10x_rcc.o
 .text.RCC_HSICmd
                0x00000000       0x20 ..\obj\stm32f10x_rcc.o
 .text.RCC_PLLConfig
                0x00000000       0x44 ..\obj\stm32f10x_rcc.o
 .text.RCC_PLLCmd
                0x00000000       0x20 ..\obj\stm32f10x_rcc.o
 .text.RCC_PREDIV1Config
                0x00000000       0x48 ..\obj\stm32f10x_rcc.o
 .text.RCC_SYSCLKConfig
                0x00000000       0x3c ..\obj\stm32f10x_rcc.o
 .text.RCC_GetSYSCLKSource
                0x00000000       0x1c ..\obj\stm32f10x_rcc.o
 .text.RCC_HCLKConfig
                0x00000000       0x3c ..\obj\stm32f10x_rcc.o
 .text.RCC_PCLK1Config
                0x00000000       0x3c ..\obj\stm32f10x_rcc.o
 .text.RCC_PCLK2Config
                0x00000000       0x40 ..\obj\stm32f10x_rcc.o
 .text.RCC_ITConfig
                0x00000000       0x50 ..\obj\stm32f10x_rcc.o
 .text.RCC_USBCLKConfig
                0x00000000       0x1c ..\obj\stm32f10x_rcc.o
 .text.RCC_ADCCLKConfig
                0x00000000       0x3c ..\obj\stm32f10x_rcc.o
 .text.RCC_LSEConfig
                0x00000000       0x48 ..\obj\stm32f10x_rcc.o
 .text.RCC_LSICmd
                0x00000000       0x20 ..\obj\stm32f10x_rcc.o
 .text.RCC_RTCCLKConfig
                0x00000000       0x24 ..\obj\stm32f10x_rcc.o
 .text.RCC_RTCCLKCmd
                0x00000000       0x20 ..\obj\stm32f10x_rcc.o
 .text.RCC_AHBPeriphClockCmd
                0x00000000       0x44 ..\obj\stm32f10x_rcc.o
 .text.RCC_APB2PeriphResetCmd
                0x00000000       0x44 ..\obj\stm32f10x_rcc.o
 .text.RCC_APB1PeriphResetCmd
                0x00000000       0x44 ..\obj\stm32f10x_rcc.o
 .text.RCC_BackupResetCmd
                0x00000000       0x20 ..\obj\stm32f10x_rcc.o
 .text.RCC_ClockSecuritySystemCmd
                0x00000000       0x20 ..\obj\stm32f10x_rcc.o
 .text.RCC_MCOConfig
                0x00000000       0x20 ..\obj\stm32f10x_rcc.o
 .text.RCC_GetFlagStatus
                0x00000000       0x84 ..\obj\stm32f10x_rcc.o
 .text.RCC_ClearFlag
                0x00000000       0x1c ..\obj\stm32f10x_rcc.o
 .text.RCC_GetITStatus
                0x00000000       0x40 ..\obj\stm32f10x_rcc.o
 .text.RCC_ClearITPendingBit
                0x00000000       0x20 ..\obj\stm32f10x_rcc.o
 .text          0x00000000        0x0 ..\obj\stm32f10x_exti.o
 .data          0x00000000        0x0 ..\obj\stm32f10x_exti.o
 .bss           0x00000000        0x0 ..\obj\stm32f10x_exti.o
 .text.EXTI_DeInit
                0x00000000       0x38 ..\obj\stm32f10x_exti.o
 .text.EXTI_StructInit
                0x00000000       0x34 ..\obj\stm32f10x_exti.o
 .text.EXTI_GenerateSWInterrupt
                0x00000000       0x24 ..\obj\stm32f10x_exti.o
 .text.EXTI_GetFlagStatus
                0x00000000       0x3c ..\obj\stm32f10x_exti.o
 .text.EXTI_ClearFlag
                0x00000000       0x1c ..\obj\stm32f10x_exti.o
 .text.EXTI_GetITStatus
                0x00000000       0x54 ..\obj\stm32f10x_exti.o
 .text          0x00000000        0x0 ..\obj\stm32f10x_usart.o
 .data          0x00000000        0x0 ..\obj\stm32f10x_usart.o
 .bss           0x00000000        0x0 ..\obj\stm32f10x_usart.o
 .text.USART_DeInit
                0x00000000       0xcc ..\obj\stm32f10x_usart.o
 .text.USART_StructInit
                0x00000000       0x44 ..\obj\stm32f10x_usart.o
 .text.USART_ClockInit
                0x00000000       0x60 ..\obj\stm32f10x_usart.o
 .text.USART_ClockStructInit
                0x00000000       0x34 ..\obj\stm32f10x_usart.o
 .text.USART_ITConfig
                0x00000000       0xa8 ..\obj\stm32f10x_usart.o
 .text.USART_DMACmd
                0x00000000       0x4c ..\obj\stm32f10x_usart.o
 .text.USART_SetAddress
                0x00000000       0x3c ..\obj\stm32f10x_usart.o
 .text.USART_WakeUpConfig
                0x00000000       0x38 ..\obj\stm32f10x_usart.o
 .text.USART_ReceiverWakeUpCmd
                0x00000000       0x40 ..\obj\stm32f10x_usart.o
 .text.USART_LINBreakDetectLengthConfig
                0x00000000       0x38 ..\obj\stm32f10x_usart.o
 .text.USART_LINCmd
                0x00000000       0x40 ..\obj\stm32f10x_usart.o
 .text.USART_SendBreak
                0x00000000       0x24 ..\obj\stm32f10x_usart.o
 .text.USART_SetGuardTime
                0x00000000       0x40 ..\obj\stm32f10x_usart.o
 .text.USART_SetPrescaler
                0x00000000       0x3c ..\obj\stm32f10x_usart.o
 .text.USART_SmartCardCmd
                0x00000000       0x40 ..\obj\stm32f10x_usart.o
 .text.USART_SmartCardNACKCmd
                0x00000000       0x40 ..\obj\stm32f10x_usart.o
 .text.USART_HalfDuplexCmd
                0x00000000       0x40 ..\obj\stm32f10x_usart.o
 .text.USART_OverSampling8Cmd
                0x00000000       0x48 ..\obj\stm32f10x_usart.o
 .text.USART_OneBitMethodCmd
                0x00000000       0x40 ..\obj\stm32f10x_usart.o
 .text.USART_IrDAConfig
                0x00000000       0x38 ..\obj\stm32f10x_usart.o
 .text.USART_IrDACmd
                0x00000000       0x40 ..\obj\stm32f10x_usart.o
 .text.USART_ClearFlag
                0x00000000       0x24 ..\obj\stm32f10x_usart.o
 .text.USART_GetITStatus
                0x00000000       0xcc ..\obj\stm32f10x_usart.o
 .text.USART_ClearITPendingBit
                0x00000000       0x44 ..\obj\stm32f10x_usart.o
 .text          0x00000000        0x0 ..\obj\syscalls.o
 .data          0x00000000        0x0 ..\obj\syscalls.o
 .bss           0x00000000        0x4 ..\obj\syscalls.o
 .text._sbrk    0x00000000       0x40 ..\obj\syscalls.o
 .text.link     0x00000000       0x1c ..\obj\syscalls.o
 .text._close   0x00000000       0x18 ..\obj\syscalls.o
 .text._fstat   0x00000000       0x24 ..\obj\syscalls.o
 .text._isatty  0x00000000       0x18 ..\obj\syscalls.o
 .text._lseek   0x00000000       0x1c ..\obj\syscalls.o
 .text._read    0x00000000       0x1c ..\obj\syscalls.o
 .text._write   0x00000000       0x1c ..\obj\syscalls.o
 .text.abort    0x00000000        0x8 ..\obj\syscalls.o
 .text          0x00000000        0x0 ..\obj\misc.o
 .bss           0x00000000        0x0 ..\obj\misc.o
 .data          0x00000000        0x0 c:/coocox/coide/gcc/bin/../lib/gcc/arm-none-eabi/4.5.2/../../../../arm-none-eabi/lib/thumb2\libc.a(lib_a-atoi.o)
 .bss           0x00000000        0x0 c:/coocox/coide/gcc/bin/../lib/gcc/arm-none-eabi/4.5.2/../../../../arm-none-eabi/lib/thumb2\libc.a(lib_a-atoi.o)
 .data          0x00000000        0x0 c:/coocox/coide/gcc/bin/../lib/gcc/arm-none-eabi/4.5.2/../../../../arm-none-eabi/lib/thumb2\libc.a(lib_a-memcpy.o)
 .bss           0x00000000        0x0 c:/coocox/coide/gcc/bin/../lib/gcc/arm-none-eabi/4.5.2/../../../../arm-none-eabi/lib/thumb2\libc.a(lib_a-memcpy.o)
 .data          0x00000000        0x0 c:/coocox/coide/gcc/bin/../lib/gcc/arm-none-eabi/4.5.2/../../../../arm-none-eabi/lib/thumb2\libc.a(lib_a-memmove.o)
 .bss           0x00000000        0x0 c:/coocox/coide/gcc/bin/../lib/gcc/arm-none-eabi/4.5.2/../../../../arm-none-eabi/lib/thumb2\libc.a(lib_a-memmove.o)
 .data          0x00000000        0x0 c:/coocox/coide/gcc/bin/../lib/gcc/arm-none-eabi/4.5.2/../../../../arm-none-eabi/lib/thumb2\libc.a(lib_a-memset.o)
 .bss           0x00000000        0x0 c:/coocox/coide/gcc/bin/../lib/gcc/arm-none-eabi/4.5.2/../../../../arm-none-eabi/lib/thumb2\libc.a(lib_a-memset.o)
 .data          0x00000000        0x0 c:/coocox/coide/gcc/bin/../lib/gcc/arm-none-eabi/4.5.2/../../../../arm-none-eabi/lib/thumb2\libc.a(lib_a-strcmp.o)
 .bss           0x00000000        0x0 c:/coocox/coide/gcc/bin/../lib/gcc/arm-none-eabi/4.5.2/../../../../arm-none-eabi/lib/thumb2\libc.a(lib_a-strcmp.o)
 .data          0x00000000        0x0 c:/coocox/coide/gcc/bin/../lib/gcc/arm-none-eabi/4.5.2/../../../../arm-none-eabi/lib/thumb2\libc.a(lib_a-strlen.o)
 .bss           0x00000000        0x0 c:/coocox/coide/gcc/bin/../lib/gcc/arm-none-eabi/4.5.2/../../../../arm-none-eabi/lib/thumb2\libc.a(lib_a-strlen.o)
 .data          0x00000000        0x0 c:/coocox/coide/gcc/bin/../lib/gcc/arm-none-eabi/4.5.2/../../../../arm-none-eabi/lib/thumb2\libc.a(lib_a-strstr.o)
 .bss           0x00000000        0x0 c:/coocox/coide/gcc/bin/../lib/gcc/arm-none-eabi/4.5.2/../../../../arm-none-eabi/lib/thumb2\libc.a(lib_a-strstr.o)
 .data          0x00000000        0x0 c:/coocox/coide/gcc/bin/../lib/gcc/arm-none-eabi/4.5.2/../../../../arm-none-eabi/lib/thumb2\libc.a(lib_a-strtol.o)
 .bss           0x00000000        0x0 c:/coocox/coide/gcc/bin/../lib/gcc/arm-none-eabi/4.5.2/../../../../arm-none-eabi/lib/thumb2\libc.a(lib_a-strtol.o)
 .text          0x00000000        0x0 c:/coocox/coide/gcc/bin/../lib/gcc/arm-none-eabi/4.5.2/../../../../arm-none-eabi/lib/thumb2\libc.a(lib_a-ctype_.o)
 .bss           0x00000000        0x0 c:/coocox/coide/gcc/bin/../lib/gcc/arm-none-eabi/4.5.2/../../../../arm-none-eabi/lib/thumb2\libc.a(lib_a-ctype_.o)
 .data          0x00000000        0x0 c:/coocox/coide/gcc/bin/../lib/gcc/arm-none-eabi/4.5.2/../../../../arm-none-eabi/lib/thumb2\libc.a(lib_a-memchr.o)
 .bss           0x00000000        0x0 c:/coocox/coide/gcc/bin/../lib/gcc/arm-none-eabi/4.5.2/../../../../arm-none-eabi/lib/thumb2\libc.a(lib_a-memchr.o)
 .data          0x00000000        0x0 c:/coocox/coide/gcc/bin/../lib/gcc/arm-none-eabi/4.5.2/../../../../arm-none-eabi/lib/thumb2\libc.a(lib_a-memcmp.o)
 .bss           0x00000000        0x0 c:/coocox/coide/gcc/bin/../lib/gcc/arm-none-eabi/4.5.2/../../../../arm-none-eabi/lib/thumb2\libc.a(lib_a-memcmp.o)
 .data          0x00000000        0x0 c:/coocox/coide/gcc/bin/../lib/gcc/arm-none-eabi/4.5.2/../../../../arm-none-eabi/lib/thumb2\libc.a(lib_a-strchr.o)
 .bss           0x00000000        0x0 c:/coocox/coide/gcc/bin/../lib/gcc/arm-none-eabi/4.5.2/../../../../arm-none-eabi/lib/thumb2\libc.a(lib_a-strchr.o)
 .data          0x00000000        0x0 c:/coocox/coide/gcc/bin/../lib/gcc/arm-none-eabi/4.5.2/thumb2\libgcc.a(_udivsi3.o)
 .bss           0x00000000        0x0 c:/coocox/coide/gcc/bin/../lib/gcc/arm-none-eabi/4.5.2/thumb2\libgcc.a(_udivsi3.o)
 .data          0x00000000        0x0 c:/coocox/coide/gcc/bin/../lib/gcc/arm-none-eabi/4.5.2/thumb2\libgcc.a(_dvmd_tls.o)
 .bss           0x00000000        0x0 c:/coocox/coide/gcc/bin/../lib/gcc/arm-none-eabi/4.5.2/thumb2\libgcc.a(_dvmd_tls.o)

Memory Configuration

Name             Origin             Length             Attributes
rom              0x08000000         0x00020000         xr
ram              0x20000000         0x00002000         xrw
*default*        0x00000000         0xffffffff

Linker script and memory map

                0x20002000                _eram = 0x20002000

.text           0x08000000     0x4c50
 *(.isr_vector .isr_vector.*)
 .isr_vector    0x08000000      0x124 ..\obj\startup_stm32f10x_md_vl.o
                0x08000000                g_pfnVectors
 *(.text .text.* .gnu.linkonce.t.*)
 .text.hist_erase_older
                0x08000124       0x3c ..\obj\microrl.o
 .text.hist_is_space_for_new
                0x08000160       0x70 ..\obj\microrl.o
 .text.hist_save_line
                0x080001d0       0xf4 ..\obj\microrl.o
 .text.hist_restore_line
                0x080002c4      0x230 ..\obj\microrl.o
 .text.split    0x080004f4       0xb0 ..\obj\microrl.o
 .text.print_prompt
                0x080005a4       0x20 ..\obj\microrl.o
 .text.terminal_backspace
                0x080005c4       0x20 ..\obj\microrl.o
 .text.terminal_newline
                0x080005e4       0x20 ..\obj\microrl.o
 .text.terminal_move_cursor
                0x08000604       0x8c ..\obj\microrl.o
 .text.terminal_reset_cursor
                0x08000690       0x3c ..\obj\microrl.o
 .text.terminal_print_line
                0x080006cc       0x80 ..\obj\microrl.o
 .text.microrl_init
                0x0800074c       0x94 ..\obj\microrl.o
                0x0800074c                microrl_init
 .text.microrl_set_complite_callback
                0x080007e0       0x1c ..\obj\microrl.o
                0x080007e0                microrl_set_complite_callback
 .text.microrl_set_execute_callback
                0x080007fc       0x1c ..\obj\microrl.o
                0x080007fc                microrl_set_execute_callback
 .text.microrl_set_sigint_callback
                0x08000818       0x1c ..\obj\microrl.o
                0x08000818                microrl_set_sigint_callback
 .text.hist_search
                0x08000834       0x58 ..\obj\microrl.o
 .text.escape_process
                0x0800088c      0x144 ..\obj\microrl.o
 .text.microrl_insert_text
                0x080009d0       0xf8 ..\obj\microrl.o
 .text.microrl_backspace
                0x08000ac8       0x90 ..\obj\microrl.o
 .text.common_len
                0x08000b58       0xa4 ..\obj\microrl.o
 .text.microrl_get_complite
                0x08000bfc      0x170 ..\obj\microrl.o
 .text.microrl_insert_char
                0x08000d6c      0x470 ..\obj\microrl.o
                0x08000d6c                microrl_insert_char
 .text.TIM_TimeBaseInit
                0x080011dc      0x100 ..\obj\stm32f10x_tim.o
                0x080011dc                TIM_TimeBaseInit
 .text.TIM_OC1Init
                0x080012dc      0x12c ..\obj\stm32f10x_tim.o
                0x080012dc                TIM_OC1Init
 .text.TIM_PWMIConfig
                0x08001408       0xc4 ..\obj\stm32f10x_tim.o
                0x08001408                TIM_PWMIConfig
 .text.TIM_Cmd  0x080014cc       0x40 ..\obj\stm32f10x_tim.o
                0x080014cc                TIM_Cmd
 .text.TIM_ITConfig
                0x0800150c       0x4c ..\obj\stm32f10x_tim.o
                0x0800150c                TIM_ITConfig
 .text.TIM_SelectInputTrigger
                0x08001558       0x3c ..\obj\stm32f10x_tim.o
                0x08001558                TIM_SelectInputTrigger
 .text.TIM_ARRPreloadConfig
                0x08001594       0x40 ..\obj\stm32f10x_tim.o
                0x08001594                TIM_ARRPreloadConfig
 .text.TIM_OC1PreloadConfig
                0x080015d4       0x3c ..\obj\stm32f10x_tim.o
                0x080015d4                TIM_OC1PreloadConfig
 .text.TIM_SelectSlaveMode
                0x08001610       0x38 ..\obj\stm32f10x_tim.o
                0x08001610                TIM_SelectSlaveMode
 .text.TIM_SelectMasterSlaveMode
                0x08001648       0x38 ..\obj\stm32f10x_tim.o
                0x08001648                TIM_SelectMasterSlaveMode
 .text.TIM_SetIC1Prescaler
                0x08001680       0x38 ..\obj\stm32f10x_tim.o
                0x08001680                TIM_SetIC1Prescaler
 .text.TIM_SetIC2Prescaler
                0x080016b8       0x40 ..\obj\stm32f10x_tim.o
                0x080016b8                TIM_SetIC2Prescaler
 .text.TIM_GetCapture1
                0x080016f8       0x1c ..\obj\stm32f10x_tim.o
                0x080016f8                TIM_GetCapture1
 .text.TIM_GetCapture2
                0x08001714       0x1c ..\obj\stm32f10x_tim.o
                0x08001714                TIM_GetCapture2
 .text.TIM_ClearITPendingBit
                0x08001730       0x24 ..\obj\stm32f10x_tim.o
                0x08001730                TIM_ClearITPendingBit
 .text.TI1_Config
                0x08001754       0xe4 ..\obj\stm32f10x_tim.o
 .text.TI2_Config
                0x08001838      0x100 ..\obj\stm32f10x_tim.o
 .text.Default_Reset_Handler
                0x08001938       0x68 ..\obj\startup_stm32f10x_md_vl.o
                0x08001938                Default_Reset_Handler
                0x08001938                Reset_Handler
 .text.Default_Handler
                0x080019a0        0x8 ..\obj\startup_stm32f10x_md_vl.o
                0x080019a0                EXTI2_IRQHandler
                0x080019a0                DebugMon_Handler
                0x080019a0                TIM1_CC_IRQHandler
                0x080019a0                HardFault_Handler
                0x080019a0                SysTick_Handler
                0x080019a0                PVD_IRQHandler
                0x080019a0                PendSV_Handler
                0x080019a0                NMI_Handler
                0x080019a0                EXTI3_IRQHandler
                0x080019a0                I2C2_EV_IRQHandler
                0x080019a0                TIM1_UP_TIM16_IRQHandler
                0x080019a0                UsageFault_Handler
                0x080019a0                SPI1_IRQHandler
                0x080019a0                TAMPER_IRQHandler
                0x080019a0                TIM6_DAC_IRQHandler
                0x080019a0                DMA1_Channel4_IRQHandler
                0x080019a0                ADC1_IRQHandler
                0x080019a0                USART3_IRQHandler
                0x080019a0                RTC_IRQHandler
                0x080019a0                DMA1_Channel7_IRQHandler
                0x080019a0                TIM4_IRQHandler
                0x080019a0                I2C1_EV_IRQHandler
                0x080019a0                DMA1_Channel6_IRQHandler
                0x080019a0                RCC_IRQHandler
                0x080019a0                DMA1_Channel1_IRQHandler
                0x080019a0                CEC_IRQHandler
                0x080019a0                EXTI15_10_IRQHandler
                0x080019a0                TIM7_IRQHandler
                0x080019a0                EXTI9_5_IRQHandler
                0x080019a0                SPI2_IRQHandler
                0x080019a0                MemManage_Handler
                0x080019a0                SVC_Handler
                0x080019a0                DMA1_Channel5_IRQHandler
                0x080019a0                EXTI4_IRQHandler
                0x080019a0                TIM1_TRG_COM_TIM17_IRQHandler
                0x080019a0                DMA1_Channel3_IRQHandler
                0x080019a0                WWDG_IRQHandler
                0x080019a0                EXTI1_IRQHandler
                0x080019a0                RTCAlarm_IRQHandler
                0x080019a0                USART2_IRQHandler
                0x080019a0                I2C2_ER_IRQHandler
                0x080019a0                DMA1_Channel2_IRQHandler
                0x080019a0                FLASH_IRQHandler
                0x080019a0                BusFault_Handler
                0x080019a0                USART1_IRQHandler
                0x080019a0                I2C1_ER_IRQHandler
                0x080019a0                TIM1_BRK_TIM15_IRQHandler
 .text.GetFrequencyInterval
                0x080019a8       0xa8 ..\obj\API.o
                0x080019a8                GetFrequencyInterval
 .text.SetCarrierFrequency
                0x08001a50       0xb4 ..\obj\API.o
                0x08001a50                SetCarrierFrequency
 .text.InitCarrierTimer
                0x08001b04      0x110 ..\obj\API.o
 .text.SystemInit
                0x08001c14       0x70 ..\obj\system_stm32f10x.o
                0x08001c14                SystemInit
 .text.SetSysClock
                0x08001c84        0xc ..\obj\system_stm32f10x.o
 .text.SetSysClockTo24
                0x08001c90       0xdc ..\obj\system_stm32f10x.o
 .text.GPIO_Init
                0x08001d6c      0x1c0 ..\obj\stm32f10x_gpio.o
                0x08001d6c                GPIO_Init
 .text.GPIO_StructInit
                0x08001f2c       0x2c ..\obj\stm32f10x_gpio.o
                0x08001f2c                GPIO_StructInit
 .text.GPIO_EXTILineConfig
                0x08001f58       0x9c ..\obj\stm32f10x_gpio.o
                0x08001f58                GPIO_EXTILineConfig
 .text.NVIC_EnableIRQ
                0x08001ff4       0x34 ..\obj\main.o
 .text.NVIC_DisableIRQ
                0x08002028       0x38 ..\obj\main.o
 .text.NVIC_SetPriority
                0x08002060       0x58 ..\obj\main.o
 .text.main     0x080020b8       0xd0 ..\obj\main.o
                0x080020b8                main
 .text.InitGPIO
                0x08002188       0xf8 ..\obj\main.o
 .text.InitEXTI
                0x08002280       0x50 ..\obj\main.o
 .text.InitTimer
                0x080022d0       0xf8 ..\obj\main.o
 .text.InitUART
                0x080023c8       0x58 ..\obj\main.o
 .text.EXTI0_IRQHandler
                0x08002420       0xb8 ..\obj\main.o
                0x08002420                EXTI0_IRQHandler
 .text.TIM3_IRQHandler
                0x080024d8       0xa4 ..\obj\main.o
                0x080024d8                TIM3_IRQHandler
 .text.TIM2_IRQHandler
                0x0800257c       0xa4 ..\obj\main.o
                0x0800257c                TIM2_IRQHandler
 .text.PrintChar
                0x08002620       0x34 ..\obj\printf.o
                0x08002620                PrintChar
 .text.PutChar  0x08002654       0x24 ..\obj\printf.o
                0x08002654                PutChar
 .text.PutString
                0x08002678       0x48 ..\obj\printf.o
                0x08002678                PutString
 .text.PutUnsignedInt
                0x080026c0       0xb4 ..\obj\printf.o
                0x080026c0                PutUnsignedInt
 .text.PutSignedInt
                0x08002774      0x11c ..\obj\printf.o
                0x08002774                PutSignedInt
 .text.PutHexa  0x08002890       0xe8 ..\obj\printf.o
                0x08002890                PutHexa
 .text.vsnprintf
                0x08002978      0x2a4 ..\obj\printf.o
                0x08002978                vsnprintf
 .text.snprintf
                0x08002c1c       0x34 ..\obj\printf.o
                0x08002c1c                snprintf
 .text.vsprintf
                0x08002c50       0x28 ..\obj\printf.o
                0x08002c50                vsprintf
 .text.vfprintf
                0x08002c78       0x68 ..\obj\printf.o
                0x08002c78                vfprintf
 .text.vprintf  0x08002ce0       0x2c ..\obj\printf.o
                0x08002ce0                vprintf
 .text.printf   0x08002d0c       0x2c ..\obj\printf.o
                0x08002d0c                printf
 .text.fputc    0x08002d38       0x44 ..\obj\printf.o
                0x08002d38                fputc
 .text.fputs    0x08002d7c       0x50 ..\obj\printf.o
                0x08002d7c                fputs
 .text.RCC_GetClocksFreq
                0x08002dcc      0x17c ..\obj\stm32f10x_rcc.o
                0x08002dcc                RCC_GetClocksFreq
 .text.RCC_APB2PeriphClockCmd
                0x08002f48       0x44 ..\obj\stm32f10x_rcc.o
                0x08002f48                RCC_APB2PeriphClockCmd
 .text.RCC_APB1PeriphClockCmd
                0x08002f8c       0x44 ..\obj\stm32f10x_rcc.o
                0x08002f8c                RCC_APB1PeriphClockCmd
 .text.EXTI_Init
                0x08002fd0       0xfc ..\obj\stm32f10x_exti.o
                0x08002fd0                EXTI_Init
 .text.EXTI_ClearITPendingBit
                0x080030cc       0x1c ..\obj\stm32f10x_exti.o
                0x080030cc                EXTI_ClearITPendingBit
 .text.USART_Init
                0x080030e8      0x1b0 ..\obj\stm32f10x_usart.o
                0x080030e8                USART_Init
 .text.USART_Cmd
                0x08003298       0x40 ..\obj\stm32f10x_usart.o
                0x08003298                USART_Cmd
 .text.USART_SendData
                0x080032d8       0x28 ..\obj\stm32f10x_usart.o
                0x080032d8                USART_SendData
 .text.USART_ReceiveData
                0x08003300       0x24 ..\obj\stm32f10x_usart.o
                0x08003300                USART_ReceiveData
 .text.USART_GetFlagStatus
                0x08003324       0x40 ..\obj\stm32f10x_usart.o
                0x08003324                USART_GetFlagStatus
 .text.NVIC_EnableIRQ
                0x08003364       0x34 ..\obj\misc.o
 .text.NVIC_DisableIRQ
                0x08003398       0x38 ..\obj\misc.o
 .text.print    0x080033d0       0x3c ..\obj\misc.o
                0x080033d0                print
 .text.get_char
                0x0800340c       0x28 ..\obj\misc.o
                0x0800340c                get_char
 .text.print_help
                0x08003434       0x30 ..\obj\misc.o
                0x08003434                print_help
 .text.execute  0x08003464      0x3b0 ..\obj\misc.o
                0x08003464                execute
 .text.complet  0x08003814       0xbc ..\obj\misc.o
                0x08003814                complet
 .text.sigint   0x080038d0       0x10 ..\obj\misc.o
                0x080038d0                sigint
 .text          0x080038e0       0x10 c:/coocox/coide/gcc/bin/../lib/gcc/arm-none-eabi/4.5.2/../../../../arm-none-eabi/lib/thumb2\libc.a(lib_a-atoi.o)
                0x080038e0                atoi
                0x080038e8                _atoi_r
 .text          0x080038f0      0x150 c:/coocox/coide/gcc/bin/../lib/gcc/arm-none-eabi/4.5.2/../../../../arm-none-eabi/lib/thumb2\libc.a(lib_a-memcpy.o)
                0x080038f0                memcpy
 .text          0x08003a40       0xb4 c:/coocox/coide/gcc/bin/../lib/gcc/arm-none-eabi/4.5.2/../../../../arm-none-eabi/lib/thumb2\libc.a(lib_a-memmove.o)
                0x08003a40                memmove
 .text          0x08003af4       0xb4 c:/coocox/coide/gcc/bin/../lib/gcc/arm-none-eabi/4.5.2/../../../../arm-none-eabi/lib/thumb2\libc.a(lib_a-memset.o)
                0x08003af4                memset
 .text          0x08003ba8      0x1dc c:/coocox/coide/gcc/bin/../lib/gcc/arm-none-eabi/4.5.2/../../../../arm-none-eabi/lib/thumb2\libc.a(lib_a-strcmp.o)
                0x08003ba8                strcmp
 .text          0x08003d84       0x60 c:/coocox/coide/gcc/bin/../lib/gcc/arm-none-eabi/4.5.2/../../../../arm-none-eabi/lib/thumb2\libc.a(lib_a-strlen.o)
                0x08003d84                strlen
 .text          0x08003de4      0x508 c:/coocox/coide/gcc/bin/../lib/gcc/arm-none-eabi/4.5.2/../../../../arm-none-eabi/lib/thumb2\libc.a(lib_a-strstr.o)
                0x080040d0                strstr
 .text          0x080042ec      0x17c c:/coocox/coide/gcc/bin/../lib/gcc/arm-none-eabi/4.5.2/../../../../arm-none-eabi/lib/thumb2\libc.a(lib_a-strtol.o)
                0x080042ec                _strtol_r
                0x08004450                strtol
 .text          0x08004468       0x8c c:/coocox/coide/gcc/bin/../lib/gcc/arm-none-eabi/4.5.2/../../../../arm-none-eabi/lib/thumb2\libc.a(lib_a-memchr.o)
                0x08004468                memchr
 .text          0x080044f4       0x64 c:/coocox/coide/gcc/bin/../lib/gcc/arm-none-eabi/4.5.2/../../../../arm-none-eabi/lib/thumb2\libc.a(lib_a-memcmp.o)
                0x080044f4                memcmp
 .text          0x08004558      0x10c c:/coocox/coide/gcc/bin/../lib/gcc/arm-none-eabi/4.5.2/../../../../arm-none-eabi/lib/thumb2\libc.a(lib_a-strchr.o)
                0x08004558                strchr
 *fill*         0x08004664        0x4 00
 .text          0x08004668      0x278 c:/coocox/coide/gcc/bin/../lib/gcc/arm-none-eabi/4.5.2/thumb2\libgcc.a(_udivsi3.o)
                0x08004668                __aeabi_uidiv
                0x08004668                __udivsi3
                0x080048c4                __aeabi_uidivmod
 .text          0x080048e0        0x4 c:/coocox/coide/gcc/bin/../lib/gcc/arm-none-eabi/4.5.2/thumb2\libgcc.a(_dvmd_tls.o)
                0x080048e0                __aeabi_idiv0
                0x080048e0                __aeabi_ldiv0
 *(.glue_7t)
 .glue_7t       0x00000000        0x0 linker stubs
 *(.glue_7)
 .glue_7        0x00000000        0x0 linker stubs
 *(.rodata .rodata* .gnu.linkonce.r.*)
 .rodata        0x080048e4       0x60 ..\obj\microrl.o
 .rodata        0x08004944        0x8 ..\obj\API.o
                0x08004948                MaxChannelNumber
 .rodata        0x0800494c        0x4 ..\obj\main.o
 .rodata        0x08004950       0x24 ..\obj\printf.o
 .rodata        0x08004974      0x1d8 ..\obj\misc.o
 .rodata        0x08004b4c      0x104 c:/coocox/coide/gcc/bin/../lib/gcc/arm-none-eabi/4.5.2/../../../../arm-none-eabi/lib/thumb2\libc.a(lib_a-ctype_.o)
                0x08004b4c                _ctype_

.vfp11_veneer   0x08004c50        0x0
 .vfp11_veneer  0x00000000        0x0 linker stubs

.v4_bx          0x08004c50        0x0
 .v4_bx         0x00000000        0x0 linker stubs

.ARM.extab
 *(.ARM.extab* .gnu.linkonce.armextab.*)

.ARM.exidx
 *(.ARM.exidx* .gnu.linkonce.armexidx.*)
                0x08004c50                . = ALIGN (0x4)
                0x08004c50                _etext = .
                0x08004c50                _sidata = .

.data           0x20000000      0x188 load address 0x08004c50
                0x20000000                _sdata = .
 *(.data .data.*)
 .data          0x20000000        0x4 ..\obj\microrl.o
                0x20000000                prompt_default
 .data          0x20000004       0x40 ..\obj\API.o
 .data          0x20000044       0x14 ..\obj\system_stm32f10x.o
                0x20000044                SystemCoreClock
                0x20000048                AHBPrescTable
 .data          0x20000058        0x4 ..\obj\main.o
                0x20000058                prl
 .data          0x2000005c       0xf4 ..\obj\printf.o
                0x2000005c                r
                0x2000014c                _impure_ptr
 .data          0x20000150       0x14 ..\obj\stm32f10x_rcc.o
 .data          0x20000164       0x20 ..\obj\misc.o
                0x20000164                keyworld
 .data          0x20000184        0x4 c:/coocox/coide/gcc/bin/../lib/gcc/arm-none-eabi/4.5.2/../../../../arm-none-eabi/lib/thumb2\libc.a(lib_a-ctype_.o)
                0x20000184                __ctype_ptr__
                0x20000188                . = ALIGN (0x4)
                0x20000188                _edata = .

.bss            0x20000188     0x1154 load address 0x08004dd8
                0x20000188                _sbss = .
 *(.bss .bss.*)
 .bss           0x20000188        0x8 ..\obj\microrl.o
 .bss           0x20000190        0x4 ..\obj\API.o
 .bss           0x20000194       0x14 ..\obj\main.o
                0x20000194                IC2Value
                0x20000196                DutyCycle
                0x20000198                Frequency
                0x200001a0                StopIndex
                0x200001a4                DetectFreq
 *(COMMON)
 COMMON         0x200001a8       0x1c ..\obj\API.o
                0x200001a8                TIM_TimeBaseStructure
                0x200001b4                TIM_OCInitStructure
 COMMON         0x200001c4     0x10f4 ..\obj\main.o
                0x200001c4                rl
                0x200002b4                Index
                0x200002b8                Intervals
 COMMON         0x200012b8       0x24 ..\obj\misc.o
                0x200012b8                compl_world
                0x200012dc                . = ALIGN (0x4)
                0x200012dc                _ebss = .

.co_stack       0x200012dc      0x404 load address 0x08005f2c
                0x200012e0                . = ALIGN (0x8)
 *fill*         0x200012dc        0x4 00
 *(.co_stack .co_stack.*)
 .co_stack      0x200012e0      0x400 ..\obj\startup_stm32f10x_md_vl.o
                0x200012e0                pulStack
                0x200016e0                . = ALIGN (0x4)
                0x200016e0                _end = .
LOAD ..\obj\microrl.o
LOAD ..\obj\stm32f10x_tim.o
LOAD ..\obj\startup_stm32f10x_md_vl.o
LOAD ..\obj\core_cm3.o
LOAD ..\obj\API.o
LOAD ..\obj\system_stm32f10x.o
LOAD ..\obj\stm32f10x_gpio.o
LOAD ..\obj\main.o
LOAD ..\obj\printf.o
LOAD ..\obj\stm32f10x_rcc.o
LOAD ..\obj\stm32f10x_exti.o
LOAD ..\obj\stm32f10x_usart.o
LOAD ..\obj\syscalls.o
LOAD ..\obj\misc.o
START GROUP
LOAD c:/coocox/coide/gcc/bin/../lib/gcc/arm-none-eabi/4.5.2/thumb2\libgcc.a
LOAD c:/coocox/coide/gcc/bin/../lib/gcc/arm-none-eabi/4.5.2/../../../../arm-none-eabi/lib/thumb2\libc.a
END GROUP
OUTPUT(IRScaner.elf elf32-littlearm)

.debug_abbrev   0x00000000     0x156b
 .debug_abbrev  0x00000000      0x1c5 ..\obj\microrl.o
 .debug_abbrev  0x000001c5      0x172 ..\obj\stm32f10x_tim.o
 .debug_abbrev  0x00000337       0xa3 ..\obj\startup_stm32f10x_md_vl.o
 .debug_abbrev  0x000003da       0xd5 ..\obj\core_cm3.o
 .debug_abbrev  0x000004af      0x17e ..\obj\API.o
 .debug_abbrev  0x0000062d      0x17e ..\obj\system_stm32f10x.o
 .debug_abbrev  0x000007ab      0x1a4 ..\obj\stm32f10x_gpio.o
 .debug_abbrev  0x0000094f      0x234 ..\obj\main.o
 .debug_abbrev  0x00000b83      0x26b ..\obj\printf.o
 .debug_abbrev  0x00000dee      0x191 ..\obj\stm32f10x_rcc.o
 .debug_abbrev  0x00000f7f      0x14a ..\obj\stm32f10x_exti.o
 .debug_abbrev  0x000010c9      0x15b ..\obj\stm32f10x_usart.o
 .debug_abbrev  0x00001224       0xde ..\obj\syscalls.o
 .debug_abbrev  0x00001302      0x269 ..\obj\misc.o

.debug_info     0x00000000     0x85f8
 .debug_info    0x00000000      0x8b8 ..\obj\microrl.o
 .debug_info    0x000008b8     0x1e18 ..\obj\stm32f10x_tim.o
 .debug_info    0x000026d0      0x131 ..\obj\startup_stm32f10x_md_vl.o
 .debug_info    0x00002801      0x548 ..\obj\core_cm3.o
 .debug_info    0x00002d49      0x6c5 ..\obj\API.o
 .debug_info    0x0000340e      0x433 ..\obj\system_stm32f10x.o
 .debug_info    0x00003841      0x723 ..\obj\stm32f10x_gpio.o
 .debug_info    0x00003f64     0x100a ..\obj\main.o
 .debug_info    0x00004f6e     0x100a ..\obj\printf.o
 .debug_info    0x00005f78      0x976 ..\obj\stm32f10x_rcc.o
 .debug_info    0x000068ee      0x361 ..\obj\stm32f10x_exti.o
 .debug_info    0x00006c4f      0xa6c ..\obj\stm32f10x_usart.o
 .debug_info    0x000076bb      0x440 ..\obj\syscalls.o
 .debug_info    0x00007afb      0xafd ..\obj\misc.o

.debug_line     0x00000000     0x2e67
 .debug_line    0x00000000      0x3b1 ..\obj\microrl.o
 .debug_line    0x000003b1      0xa1e ..\obj\stm32f10x_tim.o
 .debug_line    0x00000dcf       0xa3 ..\obj\startup_stm32f10x_md_vl.o
 .debug_line    0x00000e72      0x269 ..\obj\core_cm3.o
 .debug_line    0x000010db      0x20c ..\obj\API.o
 .debug_line    0x000012e7      0x1f1 ..\obj\system_stm32f10x.o
 .debug_line    0x000014d8      0x33e ..\obj\stm32f10x_gpio.o
 .debug_line    0x00001816      0x37e ..\obj\main.o
 .debug_line    0x00001b94      0x40e ..\obj\printf.o
 .debug_line    0x00001fa2      0x464 ..\obj\stm32f10x_rcc.o
 .debug_line    0x00002406      0x234 ..\obj\stm32f10x_exti.o
 .debug_line    0x0000263a      0x42a ..\obj\stm32f10x_usart.o
 .debug_line    0x00002a64      0x177 ..\obj\syscalls.o
 .debug_line    0x00002bdb      0x28c ..\obj\misc.o

.debug_loc      0x00000000     0x3b36
 .debug_loc     0x00000000      0x4d0 ..\obj\microrl.o
 .debug_loc     0x000004d0     0x13e8 ..\obj\stm32f10x_tim.o
 .debug_loc     0x000018b8       0x64 ..\obj\startup_stm32f10x_md_vl.o
 .debug_loc     0x0000191c      0x3f0 ..\obj\core_cm3.o
 .debug_loc     0x00001d0c       0xa8 ..\obj\API.o
 .debug_loc     0x00001db4       0xc8 ..\obj\system_stm32f10x.o
 .debug_loc     0x00001e7c      0x3e4 ..\obj\stm32f10x_gpio.o
 .debug_loc     0x00002260      0x244 ..\obj\main.o
 .debug_loc     0x000024a4      0x3ea ..\obj\printf.o
 .debug_loc     0x0000288e      0x714 ..\obj\stm32f10x_rcc.o
 .debug_loc     0x00002fa2      0x1b4 ..\obj\stm32f10x_exti.o
 .debug_loc     0x00003156      0x658 ..\obj\stm32f10x_usart.o
 .debug_loc     0x000037ae      0x1ec ..\obj\syscalls.o
 .debug_loc     0x0000399a      0x19c ..\obj\misc.o

.debug_pubnames
                0x00000000     0x1564
 .debug_pubnames
                0x00000000       0xb1 ..\obj\microrl.o
 .debug_pubnames
                0x000000b1      0x7b0 ..\obj\stm32f10x_tim.o
 .debug_pubnames
                0x00000861       0x4a ..\obj\startup_stm32f10x_md_vl.o
 .debug_pubnames
                0x000008ab      0x159 ..\obj\core_cm3.o
 .debug_pubnames
                0x00000a04       0x8a ..\obj\API.o
 .debug_pubnames
                0x00000a8e       0x61 ..\obj\system_stm32f10x.o
 .debug_pubnames
                0x00000aef      0x19d ..\obj\stm32f10x_gpio.o
 .debug_pubnames
                0x00000c8c       0xc5 ..\obj\main.o
 .debug_pubnames
                0x00000d51      0x101 ..\obj\printf.o
 .debug_pubnames
                0x00000e52      0x2da ..\obj\stm32f10x_rcc.o
 .debug_pubnames
                0x0000112c       0xbb ..\obj\stm32f10x_exti.o
 .debug_pubnames
                0x000011e7      0x294 ..\obj\stm32f10x_usart.o
 .debug_pubnames
                0x0000147b       0x71 ..\obj\syscalls.o
 .debug_pubnames
                0x000014ec       0x78 ..\obj\misc.o

.debug_pubtypes
                0x00000000      0x9a6
 .debug_pubtypes
                0x00000000       0x33 ..\obj\microrl.o
 .debug_pubtypes
                0x00000033       0xd8 ..\obj\stm32f10x_tim.o
 .debug_pubtypes
                0x0000010b       0x50 ..\obj\core_cm3.o
 .debug_pubtypes
                0x0000015b       0xcb ..\obj\API.o
 .debug_pubtypes
                0x00000226       0x55 ..\obj\system_stm32f10x.o
 .debug_pubtypes
                0x0000027b       0xc3 ..\obj\stm32f10x_gpio.o
 .debug_pubtypes
                0x0000033e      0x1ae ..\obj\main.o
 .debug_pubtypes
                0x000004ec      0x165 ..\obj\printf.o
 .debug_pubtypes
                0x00000651       0x9e ..\obj\stm32f10x_rcc.o
 .debug_pubtypes
                0x000006ef       0xa2 ..\obj\stm32f10x_exti.o
 .debug_pubtypes
                0x00000791       0xc9 ..\obj\stm32f10x_usart.o
 .debug_pubtypes
                0x0000085a       0xaa ..\obj\syscalls.o
 .debug_pubtypes
                0x00000904       0xa2 ..\obj\misc.o

.debug_aranges  0x00000000      0x9f8
 .debug_aranges
                0x00000000       0xc8 ..\obj\microrl.o
 .debug_aranges
                0x000000c8      0x2f0 ..\obj\stm32f10x_tim.o
 .debug_aranges
                0x000003b8       0x28 ..\obj\startup_stm32f10x_md_vl.o
 .debug_aranges
                0x000003e0       0xc8 ..\obj\core_cm3.o
 .debug_aranges
                0x000004a8       0x30 ..\obj\API.o
 .debug_aranges
                0x000004d8       0x38 ..\obj\system_stm32f10x.o
 .debug_aranges
                0x00000510       0xa8 ..\obj\stm32f10x_gpio.o
 .debug_aranges
                0x000005b8       0x70 ..\obj\main.o
 .debug_aranges
                0x00000628       0xa0 ..\obj\printf.o
 .debug_aranges
                0x000006c8      0x120 ..\obj\stm32f10x_rcc.o
 .debug_aranges
                0x000007e8       0x58 ..\obj\stm32f10x_exti.o
 .debug_aranges
                0x00000840      0x100 ..\obj\stm32f10x_usart.o
 .debug_aranges
                0x00000940       0x60 ..\obj\syscalls.o
 .debug_aranges
                0x000009a0       0x58 ..\obj\misc.o

.debug_ranges   0x00000000      0x918
 .debug_ranges  0x00000000       0xb8 ..\obj\microrl.o
 .debug_ranges  0x000000b8      0x2e0 ..\obj\stm32f10x_tim.o
 .debug_ranges  0x00000398       0x18 ..\obj\startup_stm32f10x_md_vl.o
 .debug_ranges  0x000003b0       0xb8 ..\obj\core_cm3.o
 .debug_ranges  0x00000468       0x20 ..\obj\API.o
 .debug_ranges  0x00000488       0x28 ..\obj\system_stm32f10x.o
 .debug_ranges  0x000004b0       0x98 ..\obj\stm32f10x_gpio.o
 .debug_ranges  0x00000548       0x60 ..\obj\main.o
 .debug_ranges  0x000005a8       0x90 ..\obj\printf.o
 .debug_ranges  0x00000638      0x110 ..\obj\stm32f10x_rcc.o
 .debug_ranges  0x00000748       0x48 ..\obj\stm32f10x_exti.o
 .debug_ranges  0x00000790       0xf0 ..\obj\stm32f10x_usart.o
 .debug_ranges  0x00000880       0x50 ..\obj\syscalls.o
 .debug_ranges  0x000008d0       0x48 ..\obj\misc.o

.debug_str      0x00000000     0x2bdb
 .debug_str     0x00000000      0x320 ..\obj\microrl.o
                                0x378 (size before relaxing)
 .debug_str     0x00000320      0xc3b ..\obj\stm32f10x_tim.o
                                0xd38 (size before relaxing)
 .debug_str     0x00000f5b       0xb1 ..\obj\startup_stm32f10x_md_vl.o
                                 0xdc (size before relaxing)
 .debug_str     0x0000100c      0x160 ..\obj\core_cm3.o
                                0x227 (size before relaxing)
 .debug_str     0x0000116c      0x221 ..\obj\API.o
                                0x527 (size before relaxing)
 .debug_str     0x0000138d      0x14a ..\obj\system_stm32f10x.o
                                0x22f (size before relaxing)
 .debug_str     0x000014d7      0x25f ..\obj\stm32f10x_gpio.o
                                0x474 (size before relaxing)
 .debug_str     0x00001736      0x58c ..\obj\main.o
                                0xabb (size before relaxing)
 .debug_str     0x00001cc2      0x4a5 ..\obj\printf.o
                                0x645 (size before relaxing)
 .debug_str     0x00002167      0x41b ..\obj\stm32f10x_rcc.o
                                0x5c8 (size before relaxing)
 .debug_str     0x00002582      0x103 ..\obj\stm32f10x_exti.o
                                0x2b9 (size before relaxing)
 .debug_str     0x00002685      0x3a7 ..\obj\stm32f10x_usart.o
                                0x5eb (size before relaxing)
 .debug_str     0x00002a2c      0x145 ..\obj\syscalls.o
                                0x247 (size before relaxing)
 .debug_str     0x00002b71       0x6a ..\obj\misc.o
                                0x63f (size before relaxing)

.comment        0x00000000       0x11
 .comment       0x00000000       0x11 ..\obj\microrl.o
                                 0x12 (size before relaxing)
 .comment       0x00000000       0x12 ..\obj\stm32f10x_tim.o
 .comment       0x00000000       0x12 ..\obj\startup_stm32f10x_md_vl.o
 .comment       0x00000000       0x12 ..\obj\core_cm3.o
 .comment       0x00000000       0x12 ..\obj\API.o
 .comment       0x00000000       0x12 ..\obj\system_stm32f10x.o
 .comment       0x00000000       0x12 ..\obj\stm32f10x_gpio.o
 .comment       0x00000000       0x12 ..\obj\main.o
 .comment       0x00000000       0x12 ..\obj\printf.o
 .comment       0x00000000       0x12 ..\obj\stm32f10x_rcc.o
 .comment       0x00000000       0x12 ..\obj\stm32f10x_exti.o
 .comment       0x00000000       0x12 ..\obj\stm32f10x_usart.o
 .comment       0x00000000       0x12 ..\obj\syscalls.o
 .comment       0x00000000       0x12 ..\obj\misc.o

.ARM.attributes
                0x00000000       0x31
 .ARM.attributes
                0x00000000       0x31 ..\obj\microrl.o
 .ARM.attributes
                0x00000031       0x31 ..\obj\stm32f10x_tim.o
 .ARM.attributes
                0x00000062       0x31 ..\obj\startup_stm32f10x_md_vl.o
 .ARM.attributes
                0x00000093       0x31 ..\obj\core_cm3.o
 .ARM.attributes
                0x000000c4       0x31 ..\obj\API.o
 .ARM.attributes
                0x000000f5       0x31 ..\obj\system_stm32f10x.o
 .ARM.attributes
                0x00000126       0x31 ..\obj\stm32f10x_gpio.o
 .ARM.attributes
                0x00000157       0x31 ..\obj\main.o
 .ARM.attributes
                0x00000188       0x31 ..\obj\printf.o
 .ARM.attributes
                0x000001b9       0x31 ..\obj\stm32f10x_rcc.o
 .ARM.attributes
                0x000001ea       0x31 ..\obj\stm32f10x_exti.o
 .ARM.attributes
                0x0000021b       0x31 ..\obj\stm32f10x_usart.o
 .ARM.attributes
                0x0000024c       0x31 ..\obj\syscalls.o
 .ARM.attributes
                0x0000027d       0x31 ..\obj\misc.o
 .ARM.attributes
                0x000002ae       0x29 c:/coocox/coide/gcc/bin/../lib/gcc/arm-none-eabi/4.5.2/../../../../arm-none-eabi/lib/thumb2\libc.a(lib_a-atoi.o)
 .ARM.attributes
                0x000002d7       0x29 c:/coocox/coide/gcc/bin/../lib/gcc/arm-none-eabi/4.5.2/../../../../arm-none-eabi/lib/thumb2\libc.a(lib_a-memcpy.o)
 .ARM.attributes
                0x00000300       0x29 c:/coocox/coide/gcc/bin/../lib/gcc/arm-none-eabi/4.5.2/../../../../arm-none-eabi/lib/thumb2\libc.a(lib_a-memmove.o)
 .ARM.attributes
                0x00000329       0x29 c:/coocox/coide/gcc/bin/../lib/gcc/arm-none-eabi/4.5.2/../../../../arm-none-eabi/lib/thumb2\libc.a(lib_a-memset.o)
 .ARM.attributes
                0x00000352       0x29 c:/coocox/coide/gcc/bin/../lib/gcc/arm-none-eabi/4.5.2/../../../../arm-none-eabi/lib/thumb2\libc.a(lib_a-strcmp.o)
 .ARM.attributes
                0x0000037b       0x29 c:/coocox/coide/gcc/bin/../lib/gcc/arm-none-eabi/4.5.2/../../../../arm-none-eabi/lib/thumb2\libc.a(lib_a-strlen.o)
 .ARM.attributes
                0x000003a4       0x29 c:/coocox/coide/gcc/bin/../lib/gcc/arm-none-eabi/4.5.2/../../../../arm-none-eabi/lib/thumb2\libc.a(lib_a-strstr.o)
 .ARM.attributes
                0x000003cd       0x29 c:/coocox/coide/gcc/bin/../lib/gcc/arm-none-eabi/4.5.2/../../../../arm-none-eabi/lib/thumb2\libc.a(lib_a-strtol.o)
 .ARM.attributes
                0x000003f6       0x29 c:/coocox/coide/gcc/bin/../lib/gcc/arm-none-eabi/4.5.2/../../../../arm-none-eabi/lib/thumb2\libc.a(lib_a-ctype_.o)
 .ARM.attributes
                0x0000041f       0x29 c:/coocox/coide/gcc/bin/../lib/gcc/arm-none-eabi/4.5.2/../../../../arm-none-eabi/lib/thumb2\libc.a(lib_a-memchr.o)
 .ARM.attributes
                0x00000448       0x29 c:/coocox/coide/gcc/bin/../lib/gcc/arm-none-eabi/4.5.2/../../../../arm-none-eabi/lib/thumb2\libc.a(lib_a-memcmp.o)
 .ARM.attributes
                0x00000471       0x29 c:/coocox/coide/gcc/bin/../lib/gcc/arm-none-eabi/4.5.2/../../../../arm-none-eabi/lib/thumb2\libc.a(lib_a-strchr.o)
 .ARM.attributes
                0x0000049a       0x1b c:/coocox/coide/gcc/bin/../lib/gcc/arm-none-eabi/4.5.2/thumb2\libgcc.a(_udivsi3.o)
 .ARM.attributes
                0x000004b5       0x1b c:/coocox/coide/gcc/bin/../lib/gcc/arm-none-eabi/4.5.2/thumb2\libgcc.a(_dvmd_tls.o)

.debug_frame    0x00000000     0x22a4
 .debug_frame   0x00000000      0x2b8 ..\obj\microrl.o
 .debug_frame   0x000002b8      0xa20 ..\obj\stm32f10x_tim.o
 .debug_frame   0x00000cd8       0x48 ..\obj\startup_stm32f10x_md_vl.o
 .debug_frame   0x00000d20      0x280 ..\obj\core_cm3.o
 .debug_frame   0x00000fa0       0x6c ..\obj\API.o
 .debug_frame   0x0000100c       0x80 ..\obj\system_stm32f10x.o
 .debug_frame   0x0000108c      0x210 ..\obj\stm32f10x_gpio.o
 .debug_frame   0x0000129c      0x158 ..\obj\main.o
 .debug_frame   0x000013f4      0x248 ..\obj\printf.o
 .debug_frame   0x0000163c      0x3a4 ..\obj\stm32f10x_rcc.o
 .debug_frame   0x000019e0       0xec ..\obj\stm32f10x_exti.o
 .debug_frame   0x00001acc      0x344 ..\obj\stm32f10x_usart.o
 .debug_frame   0x00001e10      0x108 ..\obj\syscalls.o
 .debug_frame   0x00001f18       0xfc ..\obj\misc.o
 .debug_frame   0x00002014       0x30 c:/coocox/coide/gcc/bin/../lib/gcc/arm-none-eabi/4.5.2/../../../../arm-none-eabi/lib/thumb2\libc.a(lib_a-atoi.o)
 .debug_frame   0x00002044       0x30 c:/coocox/coide/gcc/bin/../lib/gcc/arm-none-eabi/4.5.2/../../../../arm-none-eabi/lib/thumb2\libc.a(lib_a-memcpy.o)
 .debug_frame   0x00002074       0x2c c:/coocox/coide/gcc/bin/../lib/gcc/arm-none-eabi/4.5.2/../../../../arm-none-eabi/lib/thumb2\libc.a(lib_a-memmove.o)
 .debug_frame   0x000020a0       0x2c c:/coocox/coide/gcc/bin/../lib/gcc/arm-none-eabi/4.5.2/../../../../arm-none-eabi/lib/thumb2\libc.a(lib_a-memset.o)
 .debug_frame   0x000020cc       0x30 c:/coocox/coide/gcc/bin/../lib/gcc/arm-none-eabi/4.5.2/../../../../arm-none-eabi/lib/thumb2\libc.a(lib_a-strcmp.o)
 .debug_frame   0x000020fc       0x20 c:/coocox/coide/gcc/bin/../lib/gcc/arm-none-eabi/4.5.2/../../../../arm-none-eabi/lib/thumb2\libc.a(lib_a-strlen.o)
 .debug_frame   0x0000211c       0x90 c:/coocox/coide/gcc/bin/../lib/gcc/arm-none-eabi/4.5.2/../../../../arm-none-eabi/lib/thumb2\libc.a(lib_a-strstr.o)
 .debug_frame   0x000021ac       0x54 c:/coocox/coide/gcc/bin/../lib/gcc/arm-none-eabi/4.5.2/../../../../arm-none-eabi/lib/thumb2\libc.a(lib_a-strtol.o)
 .debug_frame   0x00002200       0x2c c:/coocox/coide/gcc/bin/../lib/gcc/arm-none-eabi/4.5.2/../../../../arm-none-eabi/lib/thumb2\libc.a(lib_a-memchr.o)
 .debug_frame   0x0000222c       0x2c c:/coocox/coide/gcc/bin/../lib/gcc/arm-none-eabi/4.5.2/../../../../arm-none-eabi/lib/thumb2\libc.a(lib_a-memcmp.o)
 .debug_frame   0x00002258       0x2c c:/coocox/coide/gcc/bin/../lib/gcc/arm-none-eabi/4.5.2/../../../../arm-none-eabi/lib/thumb2\libc.a(lib_a-strchr.o)
 .debug_frame   0x00002284       0x20 c:/coocox/coide/gcc/bin/../lib/gcc/arm-none-eabi/4.5.2/thumb2\libgcc.a(_udivsi3.o)
